 DAtosInOut_PRBS_slrt

 Timestamp is 62713406 (Tue May 03 15:54:14 2022)

 Preferred load address is 10000000

 Start         Length     Name                   Class
 0001:00000000 0003d672H .text$mn                CODE
 0002:00000000 00000104H .CRT$XCA                DATA
 0002:00000104 00000104H .CRT$XCZ                DATA
 0002:00000208 00000104H .CRT$XIA                DATA
 0002:0000030c 00000113H .CRT$XIC                DATA
 0002:00000420 00000104H .CRT$XIZ                DATA
 0002:00000524 00000104H .CRT$XPA                DATA
 0002:00000628 00000109H .CRT$XPX                DATA
 0002:00000734 00000104H .CRT$XPXA               DATA
 0002:00000838 00000104H .CRT$XPZ                DATA
 0002:0000093c 00000104H .CRT$XTA                DATA
 0002:00000a40 00000104H .CRT$XTZ                DATA
 0002:00000b50 0000aa0fH .rdata                  DATA
 0002:0000b560 000001a8H .rdata$debug            DATA
 0002:0000b710 0000010eH .rdata$sxdata           DATA
 0002:0000b820 00000104H .rtc$IAA                DATA
 0002:0000b924 00000104H .rtc$IZZ                DATA
 0002:0000ba28 00000104H .rtc$TAA                DATA
 0002:0000bb2c 00000104H .rtc$TZZ                DATA
 0002:0000bc30 00000991H .xdata$x                DATA
 0002:0000c5d0 00000209H .edata                  DATA
 0003:00000000 000068cfH .data                   DATA
 0003:000068e0 000156a4H .bss                    DATA
 0004:00000000 000001b0H .idata$5                DATA
 0004:000001b0 00000014H .idata$2                DATA
 0004:000001c4 00000014H .idata$3                DATA
 0004:000001d8 000001b0H .idata$4                DATA
 0004:00000388 0000076bH .idata$6                DATA

  Address         Publics by Value              Rva+Base       Lib:Object

 0000:00000000       ___guard_flags             00000000     <absolute>
 0000:00000000       ___guard_fids_table        00000000     <absolute>
 0000:00000000       __except_list              00000000     <absolute>
 0000:00000000       ___guard_fids_count        00000000     <absolute>
 0000:00000003       ___safe_se_handler_count   00000003     <absolute>
 0000:00000000       ___ImageBase               10000000     <linker-defined>
 0001:00000470       _DAtosInOut_PRBS           10001470 f   DAtosInOut_PRBS.obj
 0001:00001f60       _MdlInitialize             10002f60 f   DAtosInOut_PRBS.obj
 0001:00001f70       _MdlInitializeSampleTimes  10002f70 f   DAtosInOut_PRBS.obj
 0001:00001f80       _MdlInitializeSizes        10002f80 f   DAtosInOut_PRBS.obj
 0001:00001f90       _MdlOutputs                10002f90 f   DAtosInOut_PRBS.obj
 0001:00001fa0       _MdlStart                  10002fa0 f   DAtosInOut_PRBS.obj
 0001:00001fb0       _MdlTerminate              10002fb0 f   DAtosInOut_PRBS.obj
 0001:00002000       _MdlUpdate                 10003000 f   DAtosInOut_PRBS.obj
 0001:00002010       _rt_mxCreateCharMatrixFromStrings 10003010 f   rt_matrx.obj
 0001:00002160       _rt_mxCreateDoubleMatrix   10003160 f   rt_matrx.obj
 0001:000021c0       _rt_mxCreateNumericArray   100031c0 f   rt_matrx.obj
 0001:00002240       _rt_mxCreateString         10003240 f   rt_matrx.obj
 0001:000022d0       _rt_mxDuplicateArray       100032d0 f   rt_matrx.obj
 0001:00002330       _rt_mxGetDimensions        10003330 f   rt_matrx.obj
 0001:00002370       _rt_mxGetEps               10003370 f   rt_matrx.obj
 0001:00002380       _rt_mxGetString            10003380 f   rt_matrx.obj
 0001:00002400       _rtPrintfNoOp              10003400 f   rt_printf.obj
 0001:00002d20       _rt_CreateLogVar           10003d20 f   rt_logging.obj
 0001:00002db0       _rt_CreateLogVarWithConvert 10003db0 f   rt_logging.obj
 0001:00003730       _rt_CreateStructLogVar     10004730 f   rt_logging.obj
 0001:000044a0       _rt_GetMxIdFromDTypeId     100054a0 f   rt_logging.obj
 0001:000044d0       _rt_GetMxIdFromDTypeIdForRSim 100054d0 f   rt_logging.obj
 0001:00006e20       _rt_StartDataLogging       10007e20 f   rt_logging.obj
 0001:000072e0       _rt_StartDataLoggingWithStartTime 100082e0 f   rt_logging.obj
 0001:00007c40       _rt_StopDataLogging        10008c40 f   rt_logging.obj
 0001:00007c60       _rt_StopDataLoggingImpl    10008c60 f   rt_logging.obj
 0001:00007f80       _rt_UpdateLogVar           10008f80 f   rt_logging.obj
 0001:00009340       _rt_UpdateStructLogVar     1000a340 f   rt_logging.obj
 0001:000093d0       _rt_UpdateTXXFYLogVars     1000a3d0 f   rt_logging.obj
 0001:00009860       _rt_UpdateTXYLogVars       1000a860 f   rt_logging.obj
 0001:00009ab0       _rt_getTempMemory          1000aab0 f   rt_logging.obj
 0001:00009af0       _DAtosInOut_PRBS_GetCAPIStaticMap 1000aaf0 f   DAtosInOut_PRBS_capi.obj
 0001:00009b00       _DAtosInOut_PRBS_InitializeDataMapInfo 1000ab00 f   DAtosInOut_PRBS_capi.obj
 0001:00009bd0       _mdlXcp_GetMdlXcpInfo      1000abd0 f   DAtosInOut_PRBS_xcp.obj
 0001:00009be0       _SLRT_update_TET           1000abe0 f   DAtosInOut_PRBS_xcp_TET.obj
 0001:00009cb0       _rtGetInf                  1000acb0 f   rtGetInf.obj
 0001:00009ce0       _rtGetInfF                 1000ace0 f   rtGetInf.obj
 0001:00009d00       _rtGetMinusInf             1000ad00 f   rtGetInf.obj
 0001:00009d30       _rtGetMinusInfF            1000ad30 f   rtGetInf.obj
 0001:00009d50       _rtGetNaN                  1000ad50 f   rtGetNaN.obj
 0001:00009d80       _rtGetNaNF                 1000ad80 f   rtGetNaN.obj
 0001:00009da0       _rtIsInf                   1000ada0 f   rt_nonfinite.obj
 0001:00009de0       _rtIsInfF                  1000ade0 f   rt_nonfinite.obj
 0001:00009e20       _rtIsNaN                   1000ae20 f   rt_nonfinite.obj
 0001:00009e40       _rtIsNaNF                  1000ae40 f   rt_nonfinite.obj
 0001:00009e60       _rt_InitInfAndNaN          1000ae60 f   rt_nonfinite.obj
 0001:00009ec0       _rt_CleanUpForStateLogWithMMI 1000aec0 f   rt_logging_mmi.obj
 0001:00009fd0       _rt_FillStateSigInfoFromMMI 1000afd0 f   rt_logging_mmi.obj
 0001:0000a380       _rtwCAPI_CountSysRan       1000b380 f   rtw_modelmap_utils.obj
 0001:0000a420       _rtwCAPI_EncodePath        1000b420 f   rtw_modelmap_utils.obj
 0001:0000a510       _rtwCAPI_FillSysRan        1000b510 f   rtw_modelmap_utils.obj
 0001:0000a600       _rtwCAPI_FreeFullPaths     1000b600 f   rtw_modelmap_utils.obj
 0001:0000a690       _rtwCAPI_GetFullStateBlockPath 1000b690 f   rtw_modelmap_utils.obj
 0001:0000a840       _rtwCAPI_GetNumContStateRecords 1000b840 f   rtw_modelmap_utils.obj
 0001:0000a900       _rtwCAPI_GetNumSigLogRecords 1000b900 f   rtw_modelmap_utils.obj
 0001:0000a950       _rtwCAPI_GetNumSigLogRecordsForRTWLogging 1000b950 f   rtw_modelmap_utils.obj
 0001:0000a9e0       _rtwCAPI_GetNumStateRecords 1000b9e0 f   rtw_modelmap_utils.obj
 0001:0000aa30       _rtwCAPI_GetNumStateRecordsForRTWLogging 1000ba30 f   rtw_modelmap_utils.obj
 0001:0000aac0       _rtwCAPI_GetSigAddrFromMap 1000bac0 f   rtw_modelmap_utils.obj
 0001:0000ab80       _rtwCAPI_GetSigLogRecordInfo 1000bb80 f   rtw_modelmap_utils.obj
 0001:0000afb0       _rtwCAPI_GetStateRecordInfo 1000bfb0 f   rtw_modelmap_utils.obj
 0001:0000b460       _rtwCAPI_GetStateWidth     1000c460 f   rtw_modelmap_utils.obj
 0001:0000b4c0       _rtwCAPI_HasStates         1000c4c0 f   rtw_modelmap_utils.obj
 0001:0000b530       _rtwCAPI_UpdateFullPaths   1000c530 f   rtw_modelmap_utils.obj
 0001:0000b710       _timestamp_x86             1000c710 f   host_timer_x86.obj
 0001:0000b720       _taskTimeEnd               1000c720 f   xpc_code_profiling_utility_functions.obj
 0001:0000b730       _taskTimeEnd_              1000c730 f   xpc_code_profiling_utility_functions.obj
 0001:0000b740       _taskTimeStart             1000c740 f   xpc_code_profiling_utility_functions.obj
 0001:0000b750       _taskTimeStart_            1000c750 f   xpc_code_profiling_utility_functions.obj
 0001:0000b760       _xilProfilingTimerFreeze   1000c760 f   xpc_code_profiling_utility_functions.obj
 0001:0000b770       _xilProfilingTimerUnFreeze 1000c770 f   xpc_code_profiling_utility_functions.obj
 0001:0000b780       _xilUploadProfilingData    1000c780 f   xpc_code_profiling_utility_functions.obj
 0001:0000b790       _DAtosInOut_PRBS_ChangeStepSize 1000c790 f   xpctarget.obj
 0001:0000b800       _DllMain@12                1000c800 f   xpctarget.obj
 0001:0000b810       _SLRTSetErrorStatus        1000c810 f   xpctarget.obj
 0001:0000b830       _changeStepSize            1000c830 f   xpctarget.obj
 0001:0000b8a0       _getDLMVersion             1000c8a0 f   xpctarget.obj
 0001:0000b8b0       _getRefMdlPath             1000c8b0 f   xpctarget.obj
 0001:0000b930       _getRefMdlSignalNumber     1000c930 f   xpctarget.obj
 0001:0000b9e0       _getrlmdlinfo              1000c9e0 f   xpctarget.obj
 0001:0000bb40       _updateDiscreteEvents      1000cb40 f   xpctarget.obj
 0001:0000bb50       _getNumRef                 1000cb50 f   appmappingData.obj
 0001:0000bb60       _donipcim                  1000cb60 f   donipcim.obj
 0001:0000c050       _encnipcim                 1000d050 f   encnipcim.obj
 0001:0000d020       _pwmoutnipcim              1000e020 f   pwmoutnipcim.obj
 0001:0000d0d0       _niMIdentify               1000e0d0 f   xpcionim.obj
 0001:0000d250       _niM_AISetup               1000e250 f   xpcionim.obj
 0001:0000d660       _niM_AO_Setup              1000e660 f   xpcionim.obj
 0001:0000d7f0       _niM_Cont_Pulse_Train_Generation 1000e7f0 f   xpcionim.obj
 0001:0000d930       _niM_Counter_Reset_All     1000e930 f   xpcionim.obj
 0001:0000d9e0       _niM_CtrArm                1000e9e0 f   xpcionim.obj
 0001:0000da00       _niM_CtrDisarm             1000ea00 f   xpcionim.obj
 0001:0000da20       _niM_CtrReadArm            1000ea20 f   xpcionim.obj
 0001:0000da40       _niM_CtrReadDisarm         1000ea40 f   xpcionim.obj
 0001:0000da60       _niM_PeriodConfigure       1000ea60 f   xpcionim.obj
 0001:0000dbd0       _niM_Private_Data          1000ebd0 f   xpcionim.obj
 0001:0000e1b0       _niM_SetPFIFilter          1000f1b0 f   xpcionim.obj
 0001:0000e230       _niM_SetPFI_DO             1000f230 f   xpcionim.obj
 0001:0000e280       _niM_SetPFI_Select         1000f280 f   xpcionim.obj
 0001:0000e300       _niM_aiConfigureChannel    1000f300 f   xpcionim.obj
 0001:0000e370       _niM_aiGetScalingCoefficients 1000f370 f   xpcionim.obj
 0001:0000e550       _niM_aiPolynomialScaler    1000f550 f   xpcionim.obj
 0001:0000e670       _niM_analogTriggerReset    1000f670 f   xpcionim.obj
 0001:0000e6c0       _niM_aoConfigureDAC        1000f6c0 f   xpcionim.obj
 0001:0000e710       _niM_aoGetScalingCoefficients 1000f710 f   xpcionim.obj
 0001:0000e7c0       _niM_aoLinearScaler        1000f7c0 f   xpcionim.obj
 0001:0000e7f0       _niM_configureTimebase     1000f7f0 f   xpcionim.obj
 0001:0000e810       _niM_eepromReadMSeries     1000f810 f   xpcionim.obj
 0001:0000e8e0       _niM_pllReset              1000f8e0 f   xpcionim.obj
 0001:0000e910       _niM_resetCtr              1000f910 f   xpcionim.obj
 0001:0000e930       _niM_whichBank             1000f930 f   xpcionim.obj
 0001:0000e970       _niMconfig                 1000f970 f   xpcionim.obj
 0001:0000ea10       _GetPCIDeviceFull          1000fa10 f   xpcruntime:xpcimports.obj
 0001:0000ea50       _GetPCIDeviceFunction      1000fa50 f   xpcruntime:xpcimports.obj
 0001:0000ea80       _ShowPCIDevice             1000fa80 f   xpcruntime:xpcimports.obj
 0001:0000ef90       _slrtGetPciConfigAtFunction 1000ff90 f   xpcruntime:xpcimports.obj
 0001:0000f270       _xpcGetPciConfigAtSlot     10010270 f   xpcruntime:xpcimports.obj
 0001:0000f290       _xpcInitProcs              10010290 f   xpcruntime:xpcimports.obj
 0001:00010380       _xpceuploadevent           10011380 f   xpcruntime:xpcimports.obj
 0001:00010381       __heap_alloc               10011381 f i LIBCMT:malloc.obj
 0001:000103be       _malloc                    100113be f   LIBCMT:malloc.obj
 0001:00010450       __get_printf_count_output  10011450 f   LIBCMT:printf.obj
 0001:00010465       __printf_l                 10011465 f   LIBCMT:printf.obj
 0001:0001047c       __printf_p                 1001147c f   LIBCMT:printf.obj
 0001:00010492       __printf_p_l               10011492 f   LIBCMT:printf.obj
 0001:000104a9       __printf_s_l               100114a9 f   LIBCMT:printf.obj
 0001:000104c0       __set_printf_count_output  100114c0 f   LIBCMT:printf.obj
 0001:000104e8       _printf                    100114e8 f   LIBCMT:printf.obj
 0001:00010597       _printf_s                  10011597 f   LIBCMT:printf.obj
 0001:000105b0       _memset                    100115b0 f   LIBCMT:memset.obj
 0001:00010640       __fpmath                   10011640 f   LIBCMT:fpinit.obj
 0001:00010657       ___setfflag                10011657 f   LIBCMT:fpinit.obj
 0001:0001066a       __cfltcvt_init             1001166a f   LIBCMT:fpinit.obj
 0001:000106ca       _calloc                    100116ca f   LIBCMT:calloc.obj
 0001:00010710       __ftoui3                   10011710 f   LIBCMT:ftol3.obj
 0001:0001071f       __ftoul3                   1001171f f   LIBCMT:ftol3.obj
 0001:0001072e       __ftol3                    1001172e f   LIBCMT:ftol3.obj
 0001:0001073b       __ftol3_NaN                1001173b f   LIBCMT:ftol3.obj
 0001:00010753       __ftol3_work               10011753 f   LIBCMT:ftol3.obj
 0001:000107d9       __ftol3_common             100117d9 f   LIBCMT:ftol3.obj
 0001:0001089b       __ftol3_arg_error          1001189b f   LIBCMT:ftol3.obj
 0001:000108ad       __ftol3_except             100118ad f   LIBCMT:ftol3.obj
 0001:000108ef       __dtoui3                   100118ef f   LIBCMT:ftol3.obj
 0001:000108fe       __dtoul3                   100118fe f   LIBCMT:ftol3.obj
 0001:0001090d       __dtol3                    1001190d f   LIBCMT:ftol3.obj
 0001:0001091a       __dtol3_NaN                1001191a f   LIBCMT:ftol3.obj
 0001:00010937       __dtol3_work               10011937 f   LIBCMT:ftol3.obj
 0001:00010a1c       __ultod3                   10011a1c f   LIBCMT:ftol3.obj
 0001:00010aad       __ltod3                    10011aad f   LIBCMT:ftol3.obj
 0001:00010ae0       _memcpy                    10011ae0 f   LIBCMT:memcpy.obj
 0001:00011124       ___raise_securityfailure   10012124 f   LIBCMT:gs_report.obj
 0001:00011161       ___report_gsfailure        10012161 f   LIBCMT:gs_report.obj
 0001:0001125c       ___report_rangecheckfailure 1001225c f   LIBCMT:gs_report.obj
 0001:00011268       ___report_securityfailure  10012268 f   LIBCMT:gs_report.obj
 0001:00011338       ___report_securityfailureEx 10012338 f   LIBCMT:gs_report.obj
 0001:0001144e       ___copy_path_to_wide_string 1001244e f   LIBCMT:crt0dat.obj
 0001:00011500       ___copy_to_char            10012500 f   LIBCMT:crt0dat.obj
 0001:000115b5       ___crtCorExitProcess       100125b5 f   LIBCMT:crt0dat.obj
 0001:000115e9       ___crtExitProcess          100125e9 f   LIBCMT:crt0dat.obj
 0001:000115ff       ___freeCrtMemory           100125ff f   LIBCMT:crt0dat.obj
 0001:0001170c       __amsg_exit                1001270c f   LIBCMT:crt0dat.obj
 0001:00011728       __c_exit                   10012728 f   LIBCMT:crt0dat.obj
 0001:00011737       __cexit                    10012737 f   LIBCMT:crt0dat.obj
 0001:00011746       __cinit                    10012746 f   LIBCMT:crt0dat.obj
 0001:000117ca       __exit                     100127ca f   LIBCMT:crt0dat.obj
 0001:000117de       __exit_app                 100127de f   LIBCMT:crt0dat.obj
 0001:000117ec       __get_pgmptr               100127ec f   LIBCMT:crt0dat.obj
 0001:0001181b       __get_wpgmptr              1001281b f   LIBCMT:crt0dat.obj
 0001:0001184a       __init_pointers            1001284a f   LIBCMT:crt0dat.obj
 0001:000118b8       __initterm_e               100128b8 f   LIBCMT:crt0dat.obj
 0001:000118da       __lockexit                 100128da f   LIBCMT:crt0dat.obj
 0001:000118e3       __unlockexit               100128e3 f   LIBCMT:crt0dat.obj
 0001:00011a1b       _exit                      10012a1b f   LIBCMT:crt0dat.obj
 0001:00011a2f       _free                      10012a2f f   LIBCMT:free.obj
 0001:00011a67       _realloc                   10012a67 f   LIBCMT:realloc.obj
 0001:00011b20       _memmove                   10012b20 f   LIBCMT:memmove.obj
 0001:00012170       _strchr                    10013170 f   LIBCMT:strchr.obj
 0001:000121de       ___from_strstr_to_strchr   100131de     LIBCMT:strchr.obj
 0001:000122a0       _strncat                   100132a0 f   LIBCMT:strncat.obj
 0001:000123e0       _strncpy                   100133e0 f   LIBCMT:strncpy.obj
 0001:00012504       ___initstdio               10013504 f   LIBCMT:_file.obj
 0001:00012577       ___endstdio                10013577 f   LIBCMT:_file.obj
 0001:0001259e       ___iob_func                1001359e f   LIBCMT:_file.obj
 0001:000125a4       __lock_file                100135a4 f   LIBCMT:_file.obj
 0001:000125e3       __lock_file2               100135e3 f   LIBCMT:_file.obj
 0001:00012613       __unlock_file              10013613 f   LIBCMT:_file.obj
 0001:0001264d       __unlock_file2             1001364d f   LIBCMT:_file.obj
 0001:0001267a       __fclose_nolock            1001367a f   LIBCMT:fclose.obj
 0001:000126e6       _fclose                    100136e6 f   LIBCMT:fclose.obj
 0001:0001275d       __fsopen                   1001375d f   LIBCMT:fopen.obj
 0001:00012821       _fopen                     10013821 f   LIBCMT:fopen.obj
 0001:00012836       _fopen_s                   10013836 f   LIBCMT:fopen.obj
 0001:0001287b       __fprintf_l                1001387b f   LIBCMT:fprintf.obj
 0001:00012895       __fprintf_p                10013895 f   LIBCMT:fprintf.obj
 0001:000128ae       __fprintf_p_l              100138ae f   LIBCMT:fprintf.obj
 0001:000128c8       __fprintf_s_l              100138c8 f   LIBCMT:fprintf.obj
 0001:000128e2       _fprintf                   100138e2 f   LIBCMT:fprintf.obj
 0001:000129f4       _fprintf_s                 100139f4 f   LIBCMT:fprintf.obj
 0001:00012a0d       __fread_nolock             10013a0d f   LIBCMT:fread.obj
 0001:00012a28       __fread_nolock_s           10013a28 f   LIBCMT:fread.obj
 0001:00012bed       _fread                     10013bed f   LIBCMT:fread.obj
 0001:00012c08       _fread_s                   10013c08 f   LIBCMT:fread.obj
 0001:00012c99       __fwrite_nolock            10013c99 f   LIBCMT:fwrite.obj
 0001:00012df2       _fwrite                    10013df2 f   LIBCMT:fwrite.obj
 0001:00012e74       __unlink                   10013e74 f   LIBCMT:unlink.obj
 0001:00012e7d       _remove                    10013e7d f   LIBCMT:unlink.obj
 0001:00012ebf       _rewind                    10013ebf f   LIBCMT:rewind.obj
 0001:00012f7e       __scprintf                 10013f7e f   LIBCMT:sprintf.obj
 0001:00012f91       __scprintf_l               10013f91 f   LIBCMT:sprintf.obj
 0001:00012fa8       __scprintf_p               10013fa8 f   LIBCMT:sprintf.obj
 0001:00012fbb       __scprintf_p_l             10013fbb f   LIBCMT:sprintf.obj
 0001:00012fd2       __snprintf_s               10013fd2 f   LIBCMT:sprintf.obj
 0001:00012ff1       __snprintf_s_l             10013ff1 f   LIBCMT:sprintf.obj
 0001:00013011       __sprintf_l                10014011 f   LIBCMT:sprintf.obj
 0001:0001302b       __sprintf_p                1001402b f   LIBCMT:sprintf.obj
 0001:00013047       __sprintf_p_l              10014047 f   LIBCMT:sprintf.obj
 0001:00013064       __sprintf_s_l              10014064 f   LIBCMT:sprintf.obj
 0001:00013081       _sprintf                   10014081 f   LIBCMT:sprintf.obj
 0001:00013105       _sprintf_s                 10014105 f   LIBCMT:sprintf.obj
 0001:00013121       _ldexp                     10014121 f   LIBCMT:ldexp.obj
 0001:0001330d       @__security_check_cookie@4 1001430d f   LIBCMT:secchk.obj
 0001:0001331c       ___isa_available_init      1001431c f   LIBCMT:cpu_disp.obj
 0001:00013495       __invoke_watson_if_error   10014495 f i LIBCMT:wassert.obj
 0001:000134b5       __wassert                  100144b5 f   LIBCMT:wassert.obj
 0001:00013b59       __CRT_INIT@12              10014b59 f   LIBCMT:dllcrt0.obj
 0001:00013ccb       __DllMainCRTStartup@12     10014ccb f   LIBCMT:dllcrt0.obj
 0001:00013dfc       ___DllXcptFilter           10014dfc f   LIBCMT:dllcrt0.obj
 0001:00013e21       ?_query_new_handler@@YAP6AHI@ZXZ 10014e21 f   LIBCMT:handler.obj
 0001:00013e2e       ?_set_new_handler@@YAP6AHI@ZH@Z 10014e2e f   LIBCMT:handler.obj
 0001:00013e37       ?_set_new_handler@@YAP6AHI@ZP6AHI@Z@Z 10014e37 f   LIBCMT:handler.obj
 0001:00013e6c       __callnewh                 10014e6c f   LIBCMT:handler.obj
 0001:00013e92       __initp_heap_handler       10014e92 f   LIBCMT:handler.obj
 0001:00013e9f       __FF_MSGBANNER             10014e9f f   LIBCMT:crt0msg.obj
 0001:00013ed8       __GET_RTERRMSG             10014ed8 f   LIBCMT:crt0msg.obj
 0001:00013efc       __NMSG_WRITE               10014efc f   LIBCMT:crt0msg.obj
 0001:000140b9       ___doserrno                100150b9 f   LIBCMT:dosmap.obj
 0001:000140cc       __dosmaperr                100150cc f   LIBCMT:dosmap.obj
 0001:000140ed       __errno                    100150ed f   LIBCMT:dosmap.obj
 0001:00014100       __get_doserrno             10015100 f   LIBCMT:dosmap.obj
 0001:00014123       __get_errno                10015123 f   LIBCMT:dosmap.obj
 0001:00014146       __get_errno_from_oserr     10015146 f   LIBCMT:dosmap.obj
 0001:00014187       __set_doserrno             10015187 f   LIBCMT:dosmap.obj
 0001:000141a6       __set_errno                100151a6 f   LIBCMT:dosmap.obj
 0001:000141c5       __get_heap_handle          100151c5 f   LIBCMT:heapinit.obj
 0001:000141cb       __heap_init                100151cb f   LIBCMT:heapinit.obj
 0001:000141e0       __heap_term                100151e0 f   LIBCMT:heapinit.obj
 0001:000141e8       ?_invalid_parameter@@YAXPBG00II@Z 100151e8 f   LIBCMT:invarg.obj
 0001:000141ed       ?_invoke_watson@@YAXPBG00II@Z 100151ed f   LIBCMT:invarg.obj
 0001:00014205       __call_reportfault         10015205 f   LIBCMT:invarg.obj
 0001:0001432a       __get_invalid_parameter_handler 1001532a f   LIBCMT:invarg.obj
 0001:00014337       __initp_misc_invarg        10015337 f   LIBCMT:invarg.obj
 0001:00014344       __invalid_parameter        10015344 f   LIBCMT:invarg.obj
 0001:0001436f       __invalid_parameter_noinfo 1001536f f   LIBCMT:invarg.obj
 0001:0001437f       __invalid_parameter_noinfo_noreturn 1001537f f   LIBCMT:invarg.obj
 0001:0001439a       __invoke_watson            1001539a f   LIBCMT:invarg.obj
 0001:000143c5       __set_invalid_parameter_handler 100153c5 f   LIBCMT:invarg.obj
 0001:000143ea       __vprintf_l                100153ea f   LIBCMT:vprintf.obj
 0001:00014405       __vprintf_p                10015405 f   LIBCMT:vprintf.obj
 0001:0001441f       __vprintf_p_l              1001541f f   LIBCMT:vprintf.obj
 0001:0001443a       __vprintf_s_l              1001543a f   LIBCMT:vprintf.obj
 0001:00014455       _vprintf                   10015455 f   LIBCMT:vprintf.obj
 0001:0001446f       _vprintf_helper            1001546f f   LIBCMT:vprintf.obj
 0001:000144fc       _vprintf_s                 100154fc f   LIBCMT:vprintf.obj
 0001:00014516       __ftbuf                    10015516 f   LIBCMT:_sftbuf.obj
 0001:00014547       __stbuf                    10015547 f   LIBCMT:_sftbuf.obj
 0001:000145ed       ??0_LocaleUpdate@@QAE@PAUlocaleinfo_struct@@@Z 100155ed f i LIBCMT:output.obj
 0001:00014675       ??1_LocaleUpdate@@QAE@XZ   10015675 f i LIBCMT:output.obj
 0001:00014683       ?GetLocaleT@_LocaleUpdate@@QAEPAUlocaleinfo_struct@@XZ 10015683 f i LIBCMT:output.obj
 0001:00014686       __output_l                 10015686 f   LIBCMT:output.obj
 0001:00015206       _get_int64_arg             10016206 f i LIBCMT:output.obj
 0001:00015219       _get_int_arg               10016219 f i LIBCMT:output.obj
 0001:00015229       _get_short_arg             10016229 f i LIBCMT:output.obj
 0001:00015330       __SEH_prolog4              10016330 f   LIBCMT:sehprolg4.obj
 0001:00015375       __SEH_epilog4              10016375 f   LIBCMT:sehprolg4.obj
 0001:000153d0       __except_handler4          100163d0 f   LIBCMT:chandler4.obj
 0001:00015564       __VEC_memset               10016564 f   LIBCMT:p4_memset.obj
 0001:0001562c       ?strrchr@@YAPADPADH@Z      1001662c f i LIBCMT:cvt.obj
 0001:00015635       __cfltcvt                  10016635 f   LIBCMT:cvt.obj
 0001:00015656       __cfltcvt_l                10016656 f   LIBCMT:cvt.obj
 0001:000156dc       __cftoa                    100166dc f   LIBCMT:cvt.obj
 0001:000156fa       __cftoa_l                  100166fa f   LIBCMT:cvt.obj
 0001:00015a56       __cftoe                    10016a56 f   LIBCMT:cvt.obj
 0001:00015bc5       __cftoe_l                  10016bc5 f   LIBCMT:cvt.obj
 0001:00015c93       __cftof                    10016c93 f   LIBCMT:cvt.obj
 0001:00015d9a       __cftof_l                  10016d9a f   LIBCMT:cvt.obj
 0001:00015e5b       __cftog                    10016e5b f   LIBCMT:cvt.obj
 0001:00015e79       __cftog_l                  10016e79 f   LIBCMT:cvt.obj
 0001:00015f78       __cropzeros                10016f78 f   LIBCMT:cvt.obj
 0001:00015f89       __cropzeros_l              10016f89 f   LIBCMT:cvt.obj
 0001:00016009       __fassign                  10017009 f   LIBCMT:cvt.obj
 0001:00016021       __fassign_l                10017021 f   LIBCMT:cvt.obj
 0001:00016063       __forcdecpt                10017063 f   LIBCMT:cvt.obj
 0001:00016074       __forcdecpt_l              10017074 f   LIBCMT:cvt.obj
 0001:000160e8       __positive                 100170e8 f   LIBCMT:cvt.obj
 0001:0001612a       __setdefaultprecision      1001712a f   LIBCMT:fp8.obj
 0001:00016151       __initp_misc_cfltcvt_tab   10017151 f   LIBCMT:cmiscdat.obj
 0001:00016170       __calloc_impl              10017170 f   LIBCMT:calloc_impl.obj
 0001:000161ea       __errcode                  100171ea f   LIBCMT:fpexcept.obj
 0001:0001621c       __except1                  1001721c f   LIBCMT:fpexcept.obj
 0001:000162e4       __except2                  100172e4 f   LIBCMT:fpexcept.obj
 0001:000163e4       __handle_exc               100173e4 f   LIBCMT:fpexcept.obj
 0001:000165c2       __handle_qnan1             100175c2 f   LIBCMT:fpexcept.obj
 0001:00016612       __handle_qnan2             10017612 f   LIBCMT:fpexcept.obj
 0001:00016672       __raise_exc                10017672 f   LIBCMT:fpexcept.obj
 0001:00016693       __raise_exc_ex             10017693 f   LIBCMT:fpexcept.obj
 0001:00016978       __raise_excf               10017978 f   LIBCMT:fpexcept.obj
 0001:00016999       __set_errno_from_matherr   10017999 f   LIBCMT:fpexcept.obj
 0001:000169c6       __umatherr                 100179c6 f   LIBCMT:fpexcept.obj
 0001:00016a66       __crt_debugger_hook        10017a66 f   LIBCMT:dbghook.obj
 0001:00016a9b       ___crtCloseThreadpoolTimer 10017a9b f   LIBCMT:winapisupp.obj
 0001:00016ab2       ___crtCloseThreadpoolWait  10017ab2 f   LIBCMT:winapisupp.obj
 0001:00016ac9       ___crtCreateEventExW       10017ac9 f   LIBCMT:winapisupp.obj
 0001:00016b04       ___crtCreateSemaphoreExW   10017b04 f   LIBCMT:winapisupp.obj
 0001:00016b3e       ___crtCreateSymbolicLinkW  10017b3e f   LIBCMT:winapisupp.obj
 0001:00016b67       ___crtCreateThreadpoolTimer 10017b67 f   LIBCMT:winapisupp.obj
 0001:00016b88       ___crtCreateThreadpoolWait 10017b88 f   LIBCMT:winapisupp.obj
 0001:00016ba9       ___crtFlsAlloc             10017ba9 f   LIBCMT:winapisupp.obj
 0001:00016bc7       ___crtFlsFree              10017bc7 f   LIBCMT:winapisupp.obj
 0001:00016be6       ___crtFlsGetValue          10017be6 f   LIBCMT:winapisupp.obj
 0001:00016c05       ___crtFlsSetValue          10017c05 f   LIBCMT:winapisupp.obj
 0001:00016c27       ___crtFlushProcessWriteBuffers 10017c27 f   LIBCMT:winapisupp.obj
 0001:00016c37       ___crtFreeLibraryWhenCallbackReturns 10017c37 f   LIBCMT:winapisupp.obj
 0001:00016c51       ___crtGetCurrentProcessorNumber 10017c51 f   LIBCMT:winapisupp.obj
 0001:00016c63       ___crtGetFileInformationByHandleEx 10017c63 f   LIBCMT:winapisupp.obj
 0001:00016c8f       ___crtGetLogicalProcessorInformation 10017c8f f   LIBCMT:winapisupp.obj
 0001:00016cb5       ___crtGetShowWindowMode    10017cb5 f   LIBCMT:winapisupp.obj
 0001:00016cd8       ___crtGetTickCount64       10017cd8 f   LIBCMT:winapisupp.obj
 0001:00016cf0       ___crtInitializeCriticalSectionEx 10017cf0 f   LIBCMT:winapisupp.obj
 0001:00016d1e       ___crtIsPackagedApp        10017d1e f   LIBCMT:winapisupp.obj
 0001:00016d5e       ___crtLoadWinApiPointers   10017d5e f   LIBCMT:winapisupp.obj
 0001:00016fe9       ___crtSetFileInformationByHandle 10017fe9 f   LIBCMT:winapisupp.obj
 0001:00017015       ___crtSetThreadStackGuarantee 10018015 f   LIBCMT:winapisupp.obj
 0001:00017030       ___crtSetThreadpoolTimer   10018030 f   LIBCMT:winapisupp.obj
 0001:00017050       ___crtSetThreadpoolWait    10018050 f   LIBCMT:winapisupp.obj
 0001:0001706d       ___crtSetUnhandledExceptionFilter 1001806d f   LIBCMT:winapisupp.obj
 0001:0001707b       ___crtSleep                1001807b f   LIBCMT:winapisupp.obj
 0001:00017089       ___crtTerminateProcess     10018089 f   LIBCMT:winapisupp.obj
 0001:0001709e       ___crtUnhandledException   1001809e f   LIBCMT:winapisupp.obj
 0001:000170b4       ___crtWaitForThreadpoolTimerCallbacks 100180b4 f   LIBCMT:winapisupp.obj
 0001:000170ce       __RTC_Initialize           100180ce f   LIBCMT:initsect.obj
 0001:000170ee       __RTC_Terminate            100180ee f   LIBCMT:initsect.obj
 0001:0001710e       __lock                     1001810e f   LIBCMT:mlock.obj
 0001:00017142       __lockerr_exit             10018142 f   LIBCMT:mlock.obj
 0001:00017162       __mtdeletelocks            10018162 f   LIBCMT:mlock.obj
 0001:000171b6       __mtinitlocknum            100181b6 f   LIBCMT:mlock.obj
 0001:0001725f       __mtinitlocks              1001825f f   LIBCMT:mlock.obj
 0001:00017298       __unlock                   10018298 f   LIBCMT:mlock.obj
 0001:000172b0       __FindPESection            100182b0 f   LIBCMT:pesect.obj
 0001:00017300       __IsNonwritableInCurrentImage 10018300 f   LIBCMT:pesect.obj
 0001:000173c0       __ValidateImageBase        100183c0 f   LIBCMT:pesect.obj
 0001:000173f1       ___onexitinit              100183f1 f   LIBCMT:onexit.obj
 0001:00017420       __onexit                   10018420 f   LIBCMT:onexit.obj
 0001:0001751c       _atexit                    1001851c f   LIBCMT:onexit.obj
 0001:00017531       __calloc_crt               10018531 f   LIBCMT:crtheap.obj
 0001:00017579       __malloc_crt               10018579 f   LIBCMT:crtheap.obj
 0001:000175c0       __realloc_crt              100185c0 f   LIBCMT:crtheap.obj
 0001:0001760a       __recalloc_crt             1001860a f   LIBCMT:crtheap.obj
 0001:00017658       __set_malloc_crt_max_wait  10018658 f   LIBCMT:crtheap.obj
 0001:0001766b       _wait_a_bit                1001866b f i LIBCMT:crtheap.obj
 0001:0001768f       ?_inconsistency@@YAXXZ     1001868f f   LIBCMT:hooks.obj
 0001:000176c7       ?terminate@@YAXXZ          100186c7 f   LIBCMT:hooks.obj
 0001:000176fb       ?unexpected@@YAXXZ         100186fb f   LIBCMT:hooks.obj
 0001:0001770e       __initp_eh_hooks           1001870e f   LIBCMT:hooks.obj
 0001:0001771f       ___getlocaleinfo           1001871f f   LIBCMT:inithelp.obj
 0001:000178f8       __initp_misc_purevirt      100188f8 f   LIBCMT:inithelp.obj
 0001:00017905       ___fpecode                 10018905 f   LIBCMT:winsig.obj
 0001:0001790e       ___get_sigabrt             1001890e f   LIBCMT:winsig.obj
 0001:0001791b       ___pxcptinfoptrs           1001891b f   LIBCMT:winsig.obj
 0001:00017924       __initp_misc_winsig        10018924 f   LIBCMT:winsig.obj
 0001:000179e5       _raise                     100189e5 f   LIBCMT:winsig.obj
 0001:00017bda       _signal                    10018bda f   LIBCMT:winsig.obj
 0001:00017e31       __initp_misc_rand_s        10018e31 f   LIBCMT:rand_s.obj
 0001:00017e3e       _rand_s                    10018e3e f   LIBCMT:rand_s.obj
 0001:00017f44       ___initmbctable            10018f44 f   LIBCMT:mbctype.obj
 0001:000181fb       ___updatetmbcinfo          100191fb f   LIBCMT:mbctype.obj
 0001:000182a1       __getmbcp                  100192a1 f   LIBCMT:mbctype.obj
 0001:000182d2       __setmbcp                  100192d2 f   LIBCMT:mbctype.obj
 0001:0001847a       __setmbcp_nolock           1001947a f   LIBCMT:mbctype.obj
 0001:00018665       __fcloseall                10019665 f   LIBCMT:closeall.obj
 0001:00018702       __fflush_nolock            10019702 f   LIBCMT:fflush.obj
 0001:00018748       __flush                    10019748 f   LIBCMT:fflush.obj
 0001:000187ac       __flushall                 100197ac f   LIBCMT:fflush.obj
 0001:000187b5       _fflush                    100197b5 f   LIBCMT:fflush.obj
 0001:000188f2       __fileno                   100198f2 f   LIBCMT:fileno.obj
 0001:00018916       __close                    10019916 f   LIBCMT:close.obj
 0001:000189f1       __close_nolock             100199f1 f   LIBCMT:close.obj
 0001:00018a8b       __freebuf                  10019a8b f   LIBCMT:_freebuf.obj
 0001:00018abb       __getstream                10019abb f   LIBCMT:stream.obj
 0001:00018bda       __openfile                 10019bda f   LIBCMT:_open.obj
 0001:00018e60       __local_unwind4            10019e60 f   LIBCMT:exsup4.obj
 0001:00018f36       __seh_longjmp_unwind4@4    10019f36 f   LIBCMT:exsup4.obj
 0001:00018f52       @_EH4_CallFilterFunc@8     10019f52 f   LIBCMT:exsup4.obj
 0001:00018f69       @_EH4_TransferToHandler@8  10019f69 f   LIBCMT:exsup4.obj
 0001:00018f82       @_EH4_GlobalUnwind2@8      10019f82 f   LIBCMT:exsup4.obj
 0001:00018f9b       @_EH4_LocalUnwind@16       10019f9b f   LIBCMT:exsup4.obj
 0001:00018fb2       __vfprintf_l               10019fb2 f   LIBCMT:vfprintf.obj
 0001:00018fd0       __vfprintf_p               10019fd0 f   LIBCMT:vfprintf.obj
 0001:00018fed       __vfprintf_p_l             10019fed f   LIBCMT:vfprintf.obj
 0001:0001900b       __vfprintf_s_l             1001a00b f   LIBCMT:vfprintf.obj
 0001:00019029       _vfprintf                  1001a029 f   LIBCMT:vfprintf.obj
 0001:00019046       _vfprintf_helper           1001a046 f   LIBCMT:vfprintf.obj
 0001:00019157       _vfprintf_s                1001a157 f   LIBCMT:vfprintf.obj
 0001:00019174       __ioinit                   1001a174 f   LIBCMT:ioinit.obj
 0001:00019428       __ioterm                   1001a428 f   LIBCMT:ioinit.obj
 0001:0001947a       __filbuf                   1001a47a f   LIBCMT:_filbuf.obj
 0001:0001959b       _memcpy_s                  1001a59b f   LIBCMT:memcpy_s.obj
 0001:0001961a       __read                     1001a61a f   LIBCMT:read.obj
 0001:0001972e       __read_nolock              1001a72e f   LIBCMT:read.obj
 0001:00019ebf       __flsbuf                   1001aebf f   LIBCMT:_flsbuf.obj
 0001:0001a00e       __write                    1001b00e f   LIBCMT:write.obj
 0001:0001a0fd       __write_nolock             1001b0fd f   LIBCMT:write.obj
 0001:0001a962       __wremove                  1001b962 f   LIBCMT:wunlink.obj
 0001:0001a990       __wunlink                  1001b990 f   LIBCMT:wunlink.obj
 0001:0001a999       __lseek                    1001b999 f   LIBCMT:lseek.obj
 0001:0001aa88       __lseek_nolock             1001ba88 f   LIBCMT:lseek.obj
 0001:0001ab2f       __vscprintf                1001bb2f f   LIBCMT:vsprintf.obj
 0001:0001ab49       __vscprintf_helper         1001bb49 f   LIBCMT:vsprintf.obj
 0001:0001aba5       __vscprintf_l              1001bba5 f   LIBCMT:vsprintf.obj
 0001:0001abc0       __vscprintf_p              1001bbc0 f   LIBCMT:vsprintf.obj
 0001:0001abda       __vscprintf_p_l            1001bbda f   LIBCMT:vsprintf.obj
 0001:0001abf5       __vsprintf_l               1001bbf5 f   LIBCMT:vsprintf.obj
 0001:0001ac79       _vsprintf                  1001bc79 f   LIBCMT:vsprintf.obj
 0001:0001ac91       __vsnprintf_c              1001bc91 f   LIBCMT:vsnprnc.obj
 0001:0001acb8       __vsnprintf_c_l            1001bcb8 f   LIBCMT:vsnprnc.obj
 0001:0001ace0       __vsnprintf_helper         1001bce0 f   LIBCMT:vsnprnc.obj
 0001:0001adaa       __vsnprintf_s              1001bdaa f   LIBCMT:vsnprnc.obj
 0001:0001adc8       __vsnprintf_s_l            1001bdc8 f   LIBCMT:vsnprnc.obj
 0001:0001aec8       __vsprintf_p               1001bec8 f   LIBCMT:vsnprnc.obj
 0001:0001aeef       __vsprintf_p_l             1001beef f   LIBCMT:vsnprnc.obj
 0001:0001af17       __vsprintf_s_l             1001bf17 f   LIBCMT:vsnprnc.obj
 0001:0001af8c       _vsprintf_s                1001bf8c f   LIBCMT:vsnprnc.obj
 0001:0001afa7       __chgsign                  1001bfa7 f   LIBCMT:ieeemisc.obj
 0001:0001afd4       __chgsignf                 1001bfd4 f   LIBCMT:ieeemisc.obj
 0001:0001aff5       __copysign                 1001bff5 f   LIBCMT:ieeemisc.obj
 0001:0001b01d       __copysignf                1001c01d f   LIBCMT:ieeemisc.obj
 0001:0001b039       __finite                   1001c039 f   LIBCMT:ieeemisc.obj
 0001:0001b051       __fpclass                  1001c051 f   LIBCMT:ieeemisc.obj
 0001:0001b0ed       __isnan                    1001c0ed f   LIBCMT:ieeemisc.obj
 0001:0001b120       __logb                     1001c120 f   LIBCMT:ieeemisc.obj
 0001:0001b201       __nextafter                1001c201 f   LIBCMT:ieeemisc.obj
 0001:0001b4a1       __scalb                    1001c4a1 f   LIBCMT:ieeemisc.obj
 0001:0001b4b9       __add_exp                  1001c4b9 f   LIBCMT:util.obj
 0001:0001b4e8       __decomp                   1001c4e8 f   LIBCMT:util.obj
 0001:0001b5ba       __get_exp                  1001c5ba f   LIBCMT:util.obj
 0001:0001b5d3       __set_bexp                 1001c5d3 f   LIBCMT:util.obj
 0001:0001b5fc       __set_exp                  1001c5fc f   LIBCMT:util.obj
 0001:0001b62b       __sptype                   1001c62b f   LIBCMT:util.obj
 0001:0001b686       ___clrfp_sse2              1001c686 f   LIBCMT:fpctrl.obj
 0001:0001b6a7       ___ctrlfp_sse2             1001c6a7 f   LIBCMT:fpctrl.obj
 0001:0001b6e0       ___fclrf_sse2              1001c6e0 f   LIBCMT:fpctrl.obj
 0001:0001b6fd       ___get_fpsr_sse2           1001c6fd f   LIBCMT:fpctrl.obj
 0001:0001b719       ___set_fpsr_sse2           1001c719 f   LIBCMT:fpctrl.obj
 0001:0001b78f       ___set_statfp_sse2         1001c78f f   LIBCMT:fpctrl.obj
 0001:0001b7a8       ___statfp_sse2             1001c7a8 f   LIBCMT:fpctrl.obj
 0001:0001b7bd       __clrfp                    1001c7bd f   LIBCMT:fpctrl.obj
 0001:0001b7ce       __ctrlfp                   1001c7ce f   LIBCMT:fpctrl.obj
 0001:0001b7f9       __set_statfp               1001c7f9 f   LIBCMT:fpctrl.obj
 0001:0001b851       __statfp                   1001c851 f   LIBCMT:fpctrl.obj
 0001:0001b861       _wcscat_s                  1001c861 f   LIBCMT:wcscat_s.obj
 0001:0001b8cd       _wcscpy_s                  1001c8cd f   LIBCMT:wcscpy_s.obj
 0001:0001b929       _wcslen                    1001c929 f   LIBCMT:wcslen.obj
 0001:0001b942       _wcsncat_s                 1001c942 f   LIBCMT:wcsncat_s.obj
 0001:0001ba10       __set_abort_behavior       1001ca10 f   LIBCMT:abort.obj
 0001:0001ba2f       _abort                     1001ca2f f   LIBCMT:abort.obj
 0001:0001ba72       ___set_app_type            1001ca72 f   LIBCMT:errmode.obj
 0001:0001ba7f       __set_error_mode           1001ca7f f   LIBCMT:errmode.obj
 0001:0001bbdb       __i64tow_s                 1001cbdb f   LIBCMT:xtows.obj
 0001:0001bc0c       __itow_s                   1001cc0c f   LIBCMT:xtows.obj
 0001:0001bc35       __ltow_s                   1001cc35 f   LIBCMT:xtows.obj
 0001:0001bc5f       __ui64tow_s                1001cc5f f   LIBCMT:xtows.obj
 0001:0001bc7a       __ultow_s                  1001cc7a f   LIBCMT:xtows.obj
 0001:0001bd85       _setvbuf                   1001cd85 f   LIBCMT:setvbuf.obj
 0001:0001be8b       __fwprintf_l               1001ce8b f   LIBCMT:fwprintf.obj
 0001:0001bea5       __fwprintf_p               1001cea5 f   LIBCMT:fwprintf.obj
 0001:0001bebe       __fwprintf_p_l             1001cebe f   LIBCMT:fwprintf.obj
 0001:0001bed8       __fwprintf_s_l             1001ced8 f   LIBCMT:fwprintf.obj
 0001:0001bef2       _fwprintf                  1001cef2 f   LIBCMT:fwprintf.obj
 0001:0001bf86       _fwprintf_s                1001cf86 f   LIBCMT:fwprintf.obj
 0001:0001bf9f       __vsnwprintf_s             1001cf9f f   LIBCMT:vswprnc.obj
 0001:0001bfbd       __vsnwprintf_s_l           1001cfbd f   LIBCMT:vswprnc.obj
 0001:0001c0c1       __vswprintf_c              1001d0c1 f   LIBCMT:vswprnc.obj
 0001:0001c0e8       __vswprintf_c_l            1001d0e8 f   LIBCMT:vswprnc.obj
 0001:0001c110       __vswprintf_helper         1001d110 f   LIBCMT:vswprnc.obj
 0001:0001c20b       __vswprintf_p              1001d20b f   LIBCMT:vswprnc.obj
 0001:0001c232       __vswprintf_p_l            1001d232 f   LIBCMT:vswprnc.obj
 0001:0001c25a       __vswprintf_s_l            1001d25a f   LIBCMT:vswprnc.obj
 0001:0001c2d1       _vswprintf_s               1001d2d1 f   LIBCMT:vswprnc.obj
 0001:0001c2ec       ___crtMessageBoxW          1001d2ec f   LIBCMT:crtmboxw.obj
 0001:0001c4d2       ___crtMessageBoxWaitThreadW@4 1001d4d2 f   LIBCMT:crtmboxw.obj
 0001:0001c4f0       __XcptFilter               1001d4f0 f   LIBCMT:winxfltr.obj
 0001:0001c64b       ___CppXcptFilter           1001d64b f   LIBCMT:winxfltr.obj
 0001:0001c69d       ___get_flsindex            1001d69d f   LIBCMT:tidtable.obj
 0001:0001c6a3       ___threadhandle            1001d6a3 f   LIBCMT:tidtable.obj
 0001:0001c6a9       ___threadid                1001d6a9 f   LIBCMT:tidtable.obj
 0001:0001c6af       __freefls@4                1001d6af f   LIBCMT:tidtable.obj
 0001:0001c7e4       __freeptd                  1001d7e4 f   LIBCMT:tidtable.obj
 0001:0001c81a       __getptd                   1001d81a f   LIBCMT:tidtable.obj
 0001:0001c832       __getptd_noexit            1001d832 f   LIBCMT:tidtable.obj
 0001:0001c8a1       __initptd                  1001d8a1 f   LIBCMT:tidtable.obj
 0001:0001c954       __mtinit                   1001d954 f   LIBCMT:tidtable.obj
 0001:0001c9ca       __mtterm                   1001d9ca f   LIBCMT:tidtable.obj
 0001:0001c9e7       __set_pgmptr               1001d9e7 f i LIBCMT:stdargv.obj
 0001:0001c9f4       __setargv                  1001d9f4 f   LIBCMT:stdargv.obj
 0001:0001cc23       __setenvp                  1001dc23 f   LIBCMT:stdenvp.obj
 0001:0001cd04       ___security_init_cookie    1001dd04 f   LIBCMT:gs_support.obj
 0001:0001cda0       ___crtGetEnvironmentStringsA 1001dda0 f   LIBCMT:a_env.obj
 0001:0001ce30       _strlen                    1001de30 f   LIBCMT:strlen.obj
 0001:0001cebb       _wcsncpy_s                 1001debb f   LIBCMT:wcsncpy_s.obj
 0001:0001cf79       __output_s_l               1001df79 f   LIBCMT:outputs.obj
 0001:0001dc01       __output_p_l               1001ec01 f   LIBCMT:outputp.obj
 0001:0001ef39       __validate_param_reuseA    1001ff39 f   LIBCMT:outputp.obj
 0001:0001f06f       _get_crtdouble_arg         1002006f f i LIBCMT:outputp.obj
 0001:0001f16e       __isatty                   1002016e f   LIBCMT:isatty.obj
 0001:0001f1c2       ___addlocaleref            100201c2 f   LIBCMT:localref.obj
 0001:0001f257       ___freetlocinfo            10020257 f   LIBCMT:localref.obj
 0001:0001f3b1       ___removelocaleref         100203b1 f   LIBCMT:localref.obj
 0001:0001f451       ___updatetlocinfo          10020451 f   LIBCMT:localref.obj
 0001:0001f4d1       __updatetlocinfoEx_nolock  100204d1 f   LIBCMT:localref.obj
 0001:0001f51c       ___iswcsym                 1002051c f i LIBCMT:_wctype.obj
 0001:0001f540       ___iswcsymf                10020540 f i LIBCMT:_wctype.obj
 0001:0001f564       __isleadbyte_l             10020564 f i LIBCMT:_wctype.obj
 0001:0001f59e       __iswalnum_l               1002059e f i LIBCMT:_wctype.obj
 0001:0001f5b2       __iswalpha_l               100205b2 f i LIBCMT:_wctype.obj
 0001:0001f5c6       __iswblank_l               100205c6 f i LIBCMT:_wctype.obj
 0001:0001f5e1       __iswcntrl_l               100205e1 f i LIBCMT:_wctype.obj
 0001:0001f5f2       __iswcsym_l                100205f2 f i LIBCMT:_wctype.obj
 0001:0001f616       __iswcsymf_l               10020616 f i LIBCMT:_wctype.obj
 0001:0001f63a       __iswdigit_l               1002063a f i LIBCMT:_wctype.obj
 0001:0001f64b       __iswgraph_l               1002064b f i LIBCMT:_wctype.obj
 0001:0001f65f       __iswlower_l               1002065f f i LIBCMT:_wctype.obj
 0001:0001f670       __iswprint_l               10020670 f i LIBCMT:_wctype.obj
 0001:0001f684       __iswpunct_l               10020684 f i LIBCMT:_wctype.obj
 0001:0001f695       __iswspace_l               10020695 f i LIBCMT:_wctype.obj
 0001:0001f6a6       __iswupper_l               100206a6 f i LIBCMT:_wctype.obj
 0001:0001f6b7       __iswxdigit_l              100206b7 f i LIBCMT:_wctype.obj
 0001:0001f6cb       _isleadbyte                100206cb f i LIBCMT:_wctype.obj
 0001:0001f6dc       _iswalnum                  100206dc f i LIBCMT:_wctype.obj
 0001:0001f6f0       _iswalpha                  100206f0 f i LIBCMT:_wctype.obj
 0001:0001f704       _iswascii                  10020704 f i LIBCMT:_wctype.obj
 0001:0001f716       _iswblank                  10020716 f i LIBCMT:_wctype.obj
 0001:0001f731       _iswcntrl                  10020731 f i LIBCMT:_wctype.obj
 0001:0001f742       _iswdigit                  10020742 f i LIBCMT:_wctype.obj
 0001:0001f753       _iswgraph                  10020753 f i LIBCMT:_wctype.obj
 0001:0001f767       _iswlower                  10020767 f i LIBCMT:_wctype.obj
 0001:0001f778       _iswprint                  10020778 f i LIBCMT:_wctype.obj
 0001:0001f78c       _iswpunct                  1002078c f i LIBCMT:_wctype.obj
 0001:0001f79d       _iswspace                  1002079d f i LIBCMT:_wctype.obj
 0001:0001f7ae       _iswupper                  100207ae f i LIBCMT:_wctype.obj
 0001:0001f7bf       _iswxdigit                 100207bf f i LIBCMT:_wctype.obj
 0001:0001f7d3       __wctomb_l                 100207d3 f   LIBCMT:wctomb.obj
 0001:0001f822       __wctomb_s_l               10020822 f   LIBCMT:wctomb.obj
 0001:0001f946       _wctomb                    10020946 f   LIBCMT:wctomb.obj
 0001:0001f979       _wctomb_s                  10020979 f   LIBCMT:wctomb.obj
 0001:0001f9a0       __aulldvrm                 100209a0 f   LIBCMT:ulldvrm.obj
 0001:0001fa35       ___isascii                 10020a35 f i LIBCMT:_ctype.obj
 0001:0001fa45       ___iscsym                  10020a45 f i LIBCMT:_ctype.obj
 0001:0001fa65       ___iscsymf                 10020a65 f i LIBCMT:_ctype.obj
 0001:0001fa82       ___toascii                 10020a82 f i LIBCMT:_ctype.obj
 0001:0001fa8d       __isalnum_l                10020a8d f i LIBCMT:_ctype.obj
 0001:0001fae5       __isalpha_l                10020ae5 f i LIBCMT:_ctype.obj
 0001:0001fb3d       __isblank_l                10020b3d f i LIBCMT:_ctype.obj
 0001:0001fb97       __iscntrl_l                10020b97 f i LIBCMT:_ctype.obj
 0001:0001fbe9       __iscsym_l                 10020be9 f i LIBCMT:_ctype.obj
 0001:0001fc0a       __iscsymf_l                10020c0a f i LIBCMT:_ctype.obj
 0001:0001fc2b       __isdigit_l                10020c2b f i LIBCMT:_ctype.obj
 0001:0001fc7d       __isgraph_l                10020c7d f i LIBCMT:_ctype.obj
 0001:0001fcd5       __islower_l                10020cd5 f i LIBCMT:_ctype.obj
 0001:0001fd27       __isprint_l                10020d27 f i LIBCMT:_ctype.obj
 0001:0001fd7f       __ispunct_l                10020d7f f i LIBCMT:_ctype.obj
 0001:0001fdd1       __isspace_l                10020dd1 f i LIBCMT:_ctype.obj
 0001:0001fe23       __isupper_l                10020e23 f i LIBCMT:_ctype.obj
 0001:0001fe75       __isxdigit_l               10020e75 f i LIBCMT:_ctype.obj
 0001:0001fecd       _isalnum                   10020ecd f i LIBCMT:_ctype.obj
 0001:0001fefa       _isalpha                   10020efa f i LIBCMT:_ctype.obj
 0001:0001ff27       _isblank                   10020f27 f i LIBCMT:_ctype.obj
 0001:0001ff5c       _iscntrl                   10020f5c f i LIBCMT:_ctype.obj
 0001:0001ff87       _isdigit                   10020f87 f i LIBCMT:_ctype.obj
 0001:0001ffb2       _isgraph                   10020fb2 f i LIBCMT:_ctype.obj
 0001:0001ffdf       _islower                   10020fdf f i LIBCMT:_ctype.obj
 0001:0002000a       _isprint                   1002100a f i LIBCMT:_ctype.obj
 0001:00020037       _ispunct                   10021037 f i LIBCMT:_ctype.obj
 0001:00020062       _isspace                   10021062 f i LIBCMT:_ctype.obj
 0001:0002008d       _isupper                   1002108d f i LIBCMT:_ctype.obj
 0001:000200b8       _isxdigit                  100210b8 f i LIBCMT:_ctype.obj
 0001:000200e5       __tolower                  100210e5 f   LIBCMT:tolower.obj
 0001:000200f0       __tolower_l                100210f0 f   LIBCMT:tolower.obj
 0001:00020233       _tolower                   10021233 f   LIBCMT:tolower.obj
 0001:0002025f       _strcpy_s                  1002125f f   LIBCMT:strcpy_s.obj
 0001:000202c0       _strrchr                   100212c0 f   LIBCMT:strrchr.obj
 0001:000203f7       __fptostr                  100213f7 f   LIBCMT:_fptostr.obj
 0001:000204a7       ___crt_atoflt_l            100214a7 f   LIBCMT:atodbl.obj
 0001:0002054b       __atodbl                   1002154b f   LIBCMT:atodbl.obj
 0001:00020560       __atodbl_l                 10021560 f   LIBCMT:atodbl.obj
 0001:000205ee       __atoflt                   100215ee f   LIBCMT:atodbl.obj
 0001:00020603       __atoflt_l                 10021603 f   LIBCMT:atodbl.obj
 0001:0002061b       __atoldbl                  1002161b f   LIBCMT:atodbl.obj
 0001:00020630       __atoldbl_l                10021630 f   LIBCMT:atodbl.obj
 0001:000206bf       ___dtold                   100216bf f   LIBCMT:cfout.obj
 0001:00020787       __fltout2                  10021787 f   LIBCMT:cfout.obj
 0001:00020820       __alldvrm                  10021820 f   LIBCMT:lldvrm.obj
 0001:00020900       __aullshr                  10021900 f   LIBCMT:ullshr.obj
 0001:0002091f       __get_output_format        1002191f f   LIBCMT:outputformat.obj
 0001:00020925       __set_output_format        10021925 f   LIBCMT:outputformat.obj
 0001:00020957       __controlfp_s              10021957 f   LIBCMT:contrlfp.obj
 0001:000209b4       __fptrap                   100219b4 f   LIBCMT:crt0fp.obj
 0001:000209bd       __matherr                  100219bd f   LIBCMT:matherr.obj
 0001:000209c0       __msize                    100219c0 f   LIBCMT:msize.obj
 0001:000209f1       __recalloc                 100219f1 f   LIBCMT:recalloc.obj
 0001:00020a5a       _strncpy_s                 10021a5a f   LIBCMT:strncpy_s.obj
 0001:00020be2       __MallocaIsSizeInRange     10021be2 f i LIBCMT:a_loc.obj
 0001:00020bf3       __MarkAllocaS              10021bf3 f i LIBCMT:a_loc.obj
 0001:00020c07       ___crtGetLocaleInfoA       10021c07 f   LIBCMT:a_loc.obj
 0001:00020c41       __freea                    10021c41 f i LIBCMT:a_loc.obj
 0001:00020c5f       _GetTableIndexFromLcid     10021c5f f   LIBCMT:winapinls.obj
 0001:00020c94       _GetTableIndexFromLocaleName 10021c94 f   LIBCMT:winapinls.obj
 0001:00020ce2       ___crtCompareStringEx      10021ce2 f   LIBCMT:winapinls.obj
 0001:00020d2e       ___crtDownlevelLCIDToLocaleName 10021d2e f   LIBCMT:winapinls.obj
 0001:00020daa       ___crtDownlevelLocaleNameToLCID 10021daa f   LIBCMT:winapinls.obj
 0001:00020de8       ___crtEnumSystemLocalesEx  10021de8 f   LIBCMT:winapinls.obj
 0001:00020e25       ___crtGetDateFormatEx      10021e25 f   LIBCMT:winapinls.obj
 0001:00020e6e       ___crtGetLocaleInfoEx      10021e6e f   LIBCMT:winapinls.obj
 0001:00020e9d       ___crtGetTimeFormatEx      10021e9d f   LIBCMT:winapinls.obj
 0001:00020ed2       ___crtGetUserDefaultLocaleName 10021ed2 f   LIBCMT:winapinls.obj
 0001:00020efd       ___crtIsValidLocaleName    10021efd f   LIBCMT:winapinls.obj
 0001:00020f28       ___crtLCMapStringEx        10021f28 f   LIBCMT:winapinls.obj
 0001:00020f74       ___wcsnicmp_ascii          10021f74 f   LIBCMT:winapinls.obj
 0001:00021206       ___crtLCMapStringA         10022206 f   LIBCMT:a_map.obj
 0001:00021344       ___crtGetStringTypeA       10022344 f   LIBCMT:a_str.obj
 0001:00021384       __commit                   10022384 f   LIBCMT:commit.obj
 0001:0002146d       ___lock_fhandle            1002246d f   LIBCMT:osfinfo.obj
 0001:000214fb       __alloc_osfhnd             100224fb f   LIBCMT:osfinfo.obj
 0001:000216a4       __free_osfhnd              100226a4 f   LIBCMT:osfinfo.obj
 0001:0002172a       __get_osfhandle            1002272a f   LIBCMT:osfinfo.obj
 0001:00021791       __open_osfhandle           10022791 f   LIBCMT:osfinfo.obj
 0001:000218a7       __set_osfhnd               100228a7 f   LIBCMT:osfinfo.obj
 0001:00021929       __unlock_fhandle           10022929 f   LIBCMT:osfinfo.obj
 0001:0002194f       __open                     1002294f f   LIBCMT:open.obj
 0001:000219ff       __sopen                    100229ff f   LIBCMT:open.obj
 0001:00021a32       __sopen_helper             10022a32 f   LIBCMT:open.obj
 0001:00021afb       __sopen_nolock             10022afb f   LIBCMT:open.obj
 0001:00021b49       __sopen_s                  10022b49 f   LIBCMT:open.obj
 0001:00021b67       __mbsnbcmp                 10022b67 f   LIBCMT:mbsnbcmp.obj
 0001:00021b7f       __mbsnbcmp_l               10022b7f f   LIBCMT:mbsnbcmp.obj
 0001:00021c96       __mbsnbicmp                10022c96 f   LIBCMT:mbsnbicm.obj
 0001:00021cae       __mbsnbicmp_l              10022cae f   LIBCMT:mbsnbicm.obj
 0001:00021e70       __global_unwind2           10022e70 f   LIBCMT:exsup.obj
 0001:00021ed5       __local_unwind2            10022ed5 f   LIBCMT:exsup.obj
 0001:00021f59       __abnormal_termination     10022f59 f   LIBCMT:exsup.obj
 0001:00021f7c       __NLG_Notify1              10022f7c f   LIBCMT:exsup.obj
 0001:00021f85       __NLG_Notify               10022f85 f   LIBCMT:exsup.obj
 0001:00021f9c       __NLG_Dispatch2            10022f9c     LIBCMT:exsup.obj
 0001:00021f9c       __NLG_Dispatch             10022f9c     LIBCMT:exsup.obj
 0001:00021fa4       __NLG_Call                 10022fa4 f   LIBCMT:exsup.obj
 0001:00021fa6       __NLG_Return2              10022fa6     LIBCMT:exsup.obj
 0001:00021fa7       __getbuf                   10022fa7 f   LIBCMT:_getbuf.obj
 0001:00021fed       __lseeki64                 10022fed f   LIBCMT:lseeki64.obj
 0001:000220e9       __lseeki64_nolock          100230e9 f   LIBCMT:lseeki64.obj
 0001:0002215c       __mbtowc_l                 1002315c f   LIBCMT:mbtowc.obj
 0001:00022251       _mbtowc                    10023251 f   LIBCMT:mbtowc.obj
 0001:00022269       __putwch                   10023269 f   LIBCMT:putwch.obj
 0001:000222b5       __putwch_nolock            100232b5 f   LIBCMT:putwch.obj
 0001:00022300       __alloca_probe             10023300 f   LIBCMT:chkstk.obj
 0001:00022300       __chkstk                   10023300 f   LIBCMT:chkstk.obj
 0001:0002232b       __vfwprintf_l              1002332b f   LIBCMT:vfwprint.obj
 0001:00022349       __vfwprintf_p              10023349 f   LIBCMT:vfwprint.obj
 0001:00022366       __vfwprintf_p_l            10023366 f   LIBCMT:vfwprint.obj
 0001:00022384       __vfwprintf_s_l            10023384 f   LIBCMT:vfwprint.obj
 0001:000223a2       _vfwprintf                 100233a2 f   LIBCMT:vfwprint.obj
 0001:000223bf       _vfwprintf_helper          100233bf f   LIBCMT:vfwprint.obj
 0001:00022452       _vfwprintf_s               10023452 f   LIBCMT:vfwprint.obj
 0001:0002246f       __woutput_l                1002346f f   LIBCMT:woutput.obj
 0001:0002314e       __woutput_s_l              1002414e f   LIBCMT:woutputs.obj
 0001:00023e65       __validate_param_reuseW    10024e65 f   LIBCMT:woutputp.obj
 0001:00023fdd       __woutput_p_l              10024fdd f   LIBCMT:woutputp.obj
 0001:00025406       __ismbbalnum               10026406 f   LIBCMT:ismbbyte.obj
 0001:0002541f       __ismbbalnum_l             1002641f f   LIBCMT:ismbbyte.obj
 0001:00025439       __ismbbalpha               10026439 f   LIBCMT:ismbbyte.obj
 0001:00025452       __ismbbalpha_l             10026452 f   LIBCMT:ismbbyte.obj
 0001:0002546c       __ismbbblank               1002646c f   LIBCMT:ismbbyte.obj
 0001:0002548d       __ismbbblank_l             1002648d f   LIBCMT:ismbbyte.obj
 0001:000254af       __ismbbgraph               100264af f   LIBCMT:ismbbyte.obj
 0001:000254c8       __ismbbgraph_l             100264c8 f   LIBCMT:ismbbyte.obj
 0001:000254e2       __ismbbkalnum              100264e2 f   LIBCMT:ismbbyte.obj
 0001:000254f8       __ismbbkalnum_l            100264f8 f   LIBCMT:ismbbyte.obj
 0001:0002550f       __ismbbkana                1002650f f   LIBCMT:ismbbyte.obj
 0001:00025520       __ismbbkana_l              10026520 f   LIBCMT:ismbbyte.obj
 0001:0002556c       __ismbbkprint              1002656c f   LIBCMT:ismbbyte.obj
 0001:00025582       __ismbbkprint_l            10026582 f   LIBCMT:ismbbyte.obj
 0001:00025599       __ismbbkpunct              10026599 f   LIBCMT:ismbbyte.obj
 0001:000255af       __ismbbkpunct_l            100265af f   LIBCMT:ismbbyte.obj
 0001:000255c6       __ismbblead                100265c6 f   LIBCMT:ismbbyte.obj
 0001:000255dc       __ismbblead_l              100265dc f   LIBCMT:ismbbyte.obj
 0001:000255f3       __ismbbprint               100265f3 f   LIBCMT:ismbbyte.obj
 0001:0002560c       __ismbbprint_l             1002660c f   LIBCMT:ismbbyte.obj
 0001:00025626       __ismbbpunct               10026626 f   LIBCMT:ismbbyte.obj
 0001:0002563c       __ismbbpunct_l             1002663c f   LIBCMT:ismbbyte.obj
 0001:00025653       __ismbbtrail               10026653 f   LIBCMT:ismbbyte.obj
 0001:00025669       __ismbbtrail_l             10026669 f   LIBCMT:ismbbyte.obj
 0001:000258a6       __strtol_l                 100268a6 f   LIBCMT:strtol.obj
 0001:000258c1       __strtoul_l                100268c1 f   LIBCMT:strtol.obj
 0001:000258dc       _strtol                    100268dc f   LIBCMT:strtol.obj
 0001:00025906       _strtoul                   10026906 f   LIBCMT:strtol.obj
 0001:00025930       ___free_lconv_mon          10026930 f   LIBCMT:initmon.obj
 0001:00025a2c       ___init_monetary           10026a2c f   LIBCMT:initmon.obj
 0001:00025e05       ___free_lconv_num          10026e05 f   LIBCMT:initnum.obj
 0001:00025e6c       ___init_numeric            10026e6c f   LIBCMT:initnum.obj
 0001:000260aa       ___free_lc_time            100270aa f   LIBCMT:inittime.obj
 0001:0002642a       ___init_time               1002742a f   LIBCMT:inittime.obj
 0001:00026c99       _localeconv                10027c99 f   LIBCMT:lconv.obj
 0001:00026cbf       __iswctype_l               10027cbf f   LIBCMT:iswctype.obj
 0001:00026cd1       _is_wctype                 10027cd1 f   LIBCMT:iswctype.obj
 0001:00026cda       _iswctype                  10027cda f   LIBCMT:iswctype.obj
 0001:00026d30       ____lc_codepage_func       10027d30 f   LIBCMT:initctyp.obj
 0001:00026d56       ____lc_collate_cp_func     10027d56 f   LIBCMT:initctyp.obj
 0001:00026d7c       ____lc_locale_name_func    10027d7c f   LIBCMT:initctyp.obj
 0001:00026da4       ____mb_cur_max_func        10027da4 f   LIBCMT:initctyp.obj
 0001:00026dca       ____mb_cur_max_l_func      10027dca f   LIBCMT:initctyp.obj
 0001:00026de1       ___init_ctype              10027de1 f   LIBCMT:initctyp.obj
 0001:00027179       ___pctype_func             10028179 f   LIBCMT:ctype.obj
 0001:000271a2       ___pwctype_func            100281a2 f   LIBCMT:ctype.obj
 0001:000271a8       __isctype                  100281a8 f   LIBCMT:isctype.obj
 0001:000271d7       __isctype_l                100281d7 f   LIBCMT:isctype.obj
 0001:00027288       ___init_dummy              10028288 f   LIBCMT:wsetloca.obj
 0001:0002728b       __locterm                  1002828b f   LIBCMT:wsetloca.obj
 0001:000272dd       ____setlc_active_func      100282dd f   LIBCMT:wsetloca.obj
 0001:000272e3       ____unguarded_readlc_active_add_func 100282e3 f   LIBCMT:wsetloca.obj
 0001:000272e9       ___copy_locale_name        100282e9 f   LIBCMT:wsetloca.obj
 0001:0002734d       ___create_locale           1002834d f   LIBCMT:wsetloca.obj
 0001:00027356       ___free_locale             10028356 f   LIBCMT:wsetloca.obj
 0001:0002735b       ___get_current_locale      1002835b f   LIBCMT:wsetloca.obj
 0001:00027360       ___lc_lctowcs              10028360 f   LIBCMT:wsetloca.obj
 0001:000273ce       ___lc_wcstolc              100283ce f   LIBCMT:wsetloca.obj
 0001:000274fa       __configthreadlocale       100284fa f   LIBCMT:wsetloca.obj
 0001:00027580       __create_locale            10028580 f   LIBCMT:wsetloca.obj
 0001:000275e2       __expandlocale             100285e2 f   LIBCMT:wsetloca.obj
 0001:000278d9       __free_locale              100288d9 f   LIBCMT:wsetloca.obj
 0001:00027990       __get_current_locale       10028990 f   LIBCMT:wsetloca.obj
 0001:00027a3f       __wcreate_locale           10028a3f f   LIBCMT:wsetloca.obj
 0001:00027b16       __wcscats                  10028b16 f   LIBCMT:wsetloca.obj
 0001:00027b55       __wsetlocale               10028b55 f   LIBCMT:wsetloca.obj
 0001:00028497       __CopyMan                  10029497 f i LIBCMT:intrncvt.obj
 0001:000284b4       __FillZeroMan              100294b4 f i LIBCMT:intrncvt.obj
 0001:000284c3       __IncMan                   100294c3 f i LIBCMT:intrncvt.obj
 0001:00028525       __IsZeroMan                10029525 f i LIBCMT:intrncvt.obj
 0001:00028542       __RoundMan                 10029542 f i LIBCMT:intrncvt.obj
 0001:00028643       __ShrMan                   10029643 f i LIBCMT:intrncvt.obj
 0001:000286d1       __ZeroTail                 100296d1 f i LIBCMT:intrncvt.obj
 0001:00028719       ___addl                    10029719 f i LIBCMT:intrncvt.obj
 0001:0002873d       __ld12cvt                  1002973d f i LIBCMT:intrncvt.obj
 0001:00028ca8       __ld12tod                  10029ca8 f   LIBCMT:intrncvt.obj
 0001:0002921a       __ld12tof                  1002a21a f   LIBCMT:intrncvt.obj
 0001:0002978c       __ld12told                 1002a78c f   LIBCMT:intrncvt.obj
 0001:0002985b       ___STRINGTOLD_L            1002a85b f   LIBCMT:strgtold.obj
 0001:000298b6       ___ld12mul                 1002a8b6 f i LIBCMT:strgtold.obj
 0001:00029b82       ___multtenpow12            1002ab82 f i LIBCMT:strgtold.obj
 0001:00029ed5       ___shl_12                  1002aed5 f i LIBCMT:strgtold.obj
 0001:00029f06       ___shr_12                  1002af06 f i LIBCMT:strgtold.obj
 0001:00029f36       ___strgtold12_l            1002af36 f   LIBCMT:strgtold.obj
 0001:0002a6de       _$I10_OUTPUT               1002b6de f   LIBCMT:x10fout.obj
 0001:0002b0b2       ___add_12                  1002c0b2 f i LIBCMT:x10fout.obj
 0001:0002b25e       ___control87_2             1002c25e f   LIBCMT:ieee87.obj
 0001:0002b8d2       __clearfp                  1002c8d2 f   LIBCMT:ieee87.obj
 0001:0002b9b2       __control87                1002c9b2 f i LIBCMT:ieee87.obj
 0001:0002bcb4       __controlfp                1002ccb4 f   LIBCMT:ieee87.obj
 0001:0002bfbf       __fpreset                  1002cfbf f   LIBCMT:ieee87.obj
 0001:0002c08c       __set_controlfp            1002d08c f   LIBCMT:ieee87.obj
 0001:0002c0ff       __statusfp                 1002d0ff f   LIBCMT:ieee87.obj
 0001:0002c199       __statusfp2                1002d199 f   LIBCMT:ieee87.obj
 0001:0002c200       __alloca_probe_16          1002d200 f   LIBCMT:alloca16.obj
 0001:0002c216       __alloca_probe_8           1002d216     LIBCMT:alloca16.obj
 0001:0002c22c       _wcsnlen                   1002d22c f   LIBCMT:wcslen_s.obj
 0001:0002c2d3       __wopen                    1002d2d3 f   LIBCMT:wopen.obj
 0001:0002c383       __wsopen                   1002d383 f   LIBCMT:wopen.obj
 0001:0002c3b6       __wsopen_helper            1002d3b6 f   LIBCMT:wopen.obj
 0001:0002c47f       __wsopen_nolock            1002d47f f   LIBCMT:wopen.obj
 0001:0002cbd2       __wsopen_s                 1002dbd2 f   LIBCMT:wopen.obj
 0001:0002cbf0       _strncmp                   1002dbf0 f   LIBCMT:strncmp.obj
 0001:0002cc68       __strnicmp                 1002dc68 f   LIBCMT:strnicmp.obj
 0001:0002ccd3       __strnicmp_l               1002dcd3 f   LIBCMT:strnicmp.obj
 0001:0002cd84       ___termconout              1002dd84 f   LIBCMT:initcon.obj
 0001:0002cd9b       ___initconout              1002dd9b f   LIBCMT:initcon.obj
 0001:0002cdba       __fputwc_nolock            1002ddba f   LIBCMT:fputwc.obj
 0001:0002cf40       _fputwc                    1002df40 f   LIBCMT:fputwc.obj
 0001:0002cfb7       _putwc                     1002dfb7 f   LIBCMT:fputwc.obj
 0001:0002d1a1       __wcstol_l                 1002e1a1 f   LIBCMT:wcstol.obj
 0001:0002d1b9       __wcstoul_l                1002e1b9 f   LIBCMT:wcstol.obj
 0001:0002d1d1       _wcstol                    1002e1d1 f   LIBCMT:wcstol.obj
 0001:0002d1e9       _wcstoul                   1002e1e9 f   LIBCMT:wcstol.obj
 0001:0002d201       ___init_collate            1002e201 f   LIBCMT:initcoll.obj
 0001:0002d321       _memcmp                    1002e321 f   LIBCMT:memcmp.obj
 0001:00030235       _wcscmp                    10031235 f   LIBCMT:wcscmp.obj
 0001:00030273       _wcscspn                   10031273 f   LIBCMT:wcscspn.obj
 0001:000302be       _wcsncmp                   100312be f   LIBCMT:wcsncmp.obj
 0001:000302f4       _wcspbrk                   100312f4 f   LIBCMT:wcspbrk.obj
 0001:000308f8       ___get_qualified_locale    100318f8 f   LIBCMT:getqloc.obj
 0001:00031168       ___get_qualified_locale_downlevel 10032168 f   LIBCMT:getqloc_downlevel.obj
 0001:00031384       ___mtold12                 10032384 f   LIBCMT:mantold.obj
 0001:00031564       __chsize                   10032564 f   LIBCMT:chsize.obj
 0001:0003157e       __chsize_nolock            1003257e f   LIBCMT:chsize.obj
 0001:00031734       __chsize_s                 10032734 f   LIBCMT:chsize.obj
 0001:00031822       __get_fmode                10032822 f   LIBCMT:setmode.obj
 0001:0003184c       __set_fmode                1003284c f   LIBCMT:setmode.obj
 0001:00031887       __setmode                  10032887 f   LIBCMT:setmode.obj
 0001:0003198c       __setmode_nolock           1003298c f   LIBCMT:setmode.obj
 0001:00031a60       ___ascii_strnicmp          10032a60 f   LIBCMT:_strnicm.obj
 0001:00031ac1       __flswbuf                  10032ac1 f   LIBCMT:_flswbuf.obj
 0001:00031c23       __wchartodigit             10032c23 f   LIBCMT:wchtodig.obj
 0001:00031dc2       __wtoi                     10032dc2 f   LIBCMT:wtox.obj
 0001:00031dcb       __wtoi64                   10032dcb f   LIBCMT:wtox.obj
 0001:00031ddf       __wtoi64_l                 10032ddf f   LIBCMT:wtox.obj
 0001:00031df6       __wtoi_l                   10032df6 f   LIBCMT:wtox.obj
 0001:00031dff       __wtol                     10032dff f   LIBCMT:wtox.obj
 0001:00031e13       __wtol_l                   10032e13 f   LIBCMT:wtox.obj
 0001:00031e2a       __wtoll                    10032e2a f   LIBCMT:wtox.obj
 0001:00031e3e       __wtoll_l                  10032e3e f   LIBCMT:wtox.obj
 0001:00031e55       _wcschr                    10032e55 f   LIBCMT:wcschr.obj
 0001:00031f03       __wcsicmp                  10032f03 f   LIBCMT:wcsicmp.obj
 0001:00031f96       __wcsicmp_l                10032f96 f   LIBCMT:wcsicmp.obj
 0001:00032071       __wcsnicmp                 10033071 f   LIBCMT:wcsnicmp.obj
 0001:00032127       __wcsnicmp_l               10033127 f   LIBCMT:wcsnicmp.obj
 0001:000324f0       __wcstof_l                 100334f0 f   LIBCMT:wcstoq.obj
 0001:000325a3       __wcstoi64                 100335a3 f   LIBCMT:wcstoq.obj
 0001:000325cd       __wcstoi64_l               100335cd f   LIBCMT:wcstoq.obj
 0001:000325e8       __wcstoimax_l              100335e8 f   LIBCMT:wcstoq.obj
 0001:000325f1       __wcstold_l                100335f1 f   LIBCMT:wcstoq.obj
 0001:000325fa       __wcstoll_l                100335fa f   LIBCMT:wcstoq.obj
 0001:00032603       __wcstoui64                10033603 f   LIBCMT:wcstoq.obj
 0001:0003262d       __wcstoui64_l              1003362d f   LIBCMT:wcstoq.obj
 0001:00032648       __wcstoull_l               10033648 f   LIBCMT:wcstoq.obj
 0001:00032651       __wcstoumax_l              10033651 f   LIBCMT:wcstoq.obj
 0001:0003265a       _wcstof                    1003365a f   LIBCMT:wcstoq.obj
 0001:0003266f       _wcstoimax                 1003366f f   LIBCMT:wcstoq.obj
 0001:00032678       _wcstold                   10033678 f   LIBCMT:wcstoq.obj
 0001:00032681       _wcstoll                   10033681 f   LIBCMT:wcstoq.obj
 0001:0003268a       _wcstoull                  1003368a f   LIBCMT:wcstoq.obj
 0001:00032693       _wcstoumax                 10033693 f   LIBCMT:wcstoq.obj
 0001:0003269c       __towlower_l               1003369c f   LIBCMT:towlower.obj
 0001:0003274d       _towlower                  1003374d f   LIBCMT:towlower.obj
 0001:0003275e       __wcstod_l                 1003375e f   LIBCMT:wcstod.obj
 0001:00032859       _wcstod                    10033859 f   LIBCMT:wcstod.obj
 0001:00032870       __allmul                   10033870 f   LIBCMT:llmul.obj
 0001:000328a4       ___crtLCMapStringW         100338a4 f   LIBCMT:w_map.obj
 0001:000328d3       __wfltin2                  100338d3 f   LIBCMT:wcfin.obj
 0001:00032980       ___WSTRINGTOLD_L           10033980 f   LIBCMT:wstrgtold.obj
 0001:000329db       ___wstrgtold12_l           100339db f   LIBCMT:wstrgtold.obj
 0001:0003322c       _GetModuleHandleA@4        1003422c f   kernel32:KERNEL32.dll
 0001:00033232       _GetProcAddress@8          10034232 f   kernel32:KERNEL32.dll
 0001:00033238       _HeapAlloc@12              10034238 f   kernel32:KERNEL32.dll
 0001:0003323e       _IsDebuggerPresent@0       1003423e f   kernel32:KERNEL32.dll
 0001:00033244       _IsProcessorFeaturePresent@4 10034244 f   kernel32:KERNEL32.dll
 0001:0003324a       _EncodePointer@4           1003424a f   kernel32:KERNEL32.dll
 0001:00033250       _DecodePointer@4           10034250 f   kernel32:KERNEL32.dll
 0001:00033256       _GetLastError@0            10034256 f   kernel32:KERNEL32.dll
 0001:0003325c       _ExitProcess@4             1003425c f   kernel32:KERNEL32.dll
 0001:00033262       _GetModuleHandleExW@12     10034262 f   kernel32:KERNEL32.dll
 0001:00033268       _AreFileApisANSI@0         10034268 f   kernel32:KERNEL32.dll
 0001:0003326e       _MultiByteToWideChar@24    1003426e f   kernel32:KERNEL32.dll
 0001:00033274       _WideCharToMultiByte@32    10034274 f   kernel32:KERNEL32.dll
 0001:0003327a       _HeapFree@12               1003427a f   kernel32:KERNEL32.dll
 0001:00033280       _HeapReAlloc@16            10034280 f   kernel32:KERNEL32.dll
 0001:00033286       _EnterCriticalSection@4    10034286 f   kernel32:KERNEL32.dll
 0001:0003328c       _LeaveCriticalSection@4    1003428c f   kernel32:KERNEL32.dll
 0001:00033292       _GetStdHandle@4            10034292 f   kernel32:KERNEL32.dll
 0001:00033298       _GetFileType@4             10034298 f   kernel32:KERNEL32.dll
 0001:0003329e       _GetModuleFileNameW@12     1003429e f   kernel32:KERNEL32.dll
 0001:000332a4       _WriteConsoleW@20          100342a4 f   kernel32:KERNEL32.dll
 0001:000332aa       _GetCommandLineA@0         100342aa f   kernel32:KERNEL32.dll
 0001:000332b0       _GetCurrentThreadId@0      100342b0 f   kernel32:KERNEL32.dll
 0001:000332b6       _WriteFile@20              100342b6 f   kernel32:KERNEL32.dll
 0001:000332bc       _GetProcessHeap@0          100342bc f   kernel32:KERNEL32.dll
 0001:000332c2       _RaiseException@16         100342c2 f   kernel32:KERNEL32.dll
 0001:000332c8       _UnhandledExceptionFilter@4 100342c8 f   kernel32:KERNEL32.dll
 0001:000332ce       _SetUnhandledExceptionFilter@4 100342ce f   kernel32:KERNEL32.dll
 0001:000332d4       _SetLastError@4            100342d4 f   kernel32:KERNEL32.dll
 0001:000332da       _InitializeCriticalSectionAndSpinCount@8 100342da f   kernel32:KERNEL32.dll
 0001:000332e0       _CreateEventW@16           100342e0 f   kernel32:KERNEL32.dll
 0001:000332e6       _Sleep@4                   100342e6 f   kernel32:KERNEL32.dll
 0001:000332ec       _GetCurrentProcess@0       100342ec f   kernel32:KERNEL32.dll
 0001:000332f2       _TerminateProcess@8        100342f2 f   kernel32:KERNEL32.dll
 0001:000332f8       _TlsAlloc@0                100342f8 f   kernel32:KERNEL32.dll
 0001:000332fe       _TlsGetValue@4             100342fe f   kernel32:KERNEL32.dll
 0001:00033304       _TlsSetValue@8             10034304 f   kernel32:KERNEL32.dll
 0001:0003330a       _TlsFree@4                 1003430a f   kernel32:KERNEL32.dll
 0001:00033310       _GetStartupInfoW@4         10034310 f   kernel32:KERNEL32.dll
 0001:00033316       _GetTickCount@0            10034316 f   kernel32:KERNEL32.dll
 0001:0003331c       _GetModuleHandleW@4        1003431c f   kernel32:KERNEL32.dll
 0001:00033322       _CreateSemaphoreW@16       10034322 f   kernel32:KERNEL32.dll
 0001:00033328       _DeleteCriticalSection@4   10034328 f   kernel32:KERNEL32.dll
 0001:0003332e       _FatalAppExitA@8           1003432e f   kernel32:KERNEL32.dll
 0001:00033334       _SetConsoleCtrlHandler@8   10034334 f   kernel32:KERNEL32.dll
 0001:0003333a       _FreeLibrary@4             1003433a f   kernel32:KERNEL32.dll
 0001:00033340       _LoadLibraryExW@12         10034340 f   kernel32:KERNEL32.dll
 0001:00033346       _IsValidCodePage@4         10034346 f   kernel32:KERNEL32.dll
 0001:0003334c       _GetACP@0                  1003434c f   kernel32:KERNEL32.dll
 0001:00033352       _GetOEMCP@0                10034352 f   kernel32:KERNEL32.dll
 0001:00033358       _GetCPInfo@8               10034358 f   kernel32:KERNEL32.dll
 0001:0003335e       _CloseHandle@4             1003435e f   kernel32:KERNEL32.dll
 0001:00033364       _RtlUnwind@16              10034364 f   kernel32:KERNEL32.dll
 0001:0003336a       _ReadFile@20               1003436a f   kernel32:KERNEL32.dll
 0001:00033370       _GetConsoleMode@8          10034370 f   kernel32:KERNEL32.dll
 0001:00033376       _ReadConsoleW@20           10034376 f   kernel32:KERNEL32.dll
 0001:0003337c       _GetConsoleCP@0            1003437c f   kernel32:KERNEL32.dll
 0001:00033382       _DeleteFileW@4             10034382 f   kernel32:KERNEL32.dll
 0001:00033388       _SetFilePointerEx@20       10034388 f   kernel32:KERNEL32.dll
 0001:0003338e       _OutputDebugStringW@4      1003438e f   kernel32:KERNEL32.dll
 0001:00033394       _GetCurrentThread@0        10034394 f   kernel32:KERNEL32.dll
 0001:0003339a       _GetModuleFileNameA@12     1003439a f   kernel32:KERNEL32.dll
 0001:000333a0       _QueryPerformanceCounter@4 100343a0 f   kernel32:KERNEL32.dll
 0001:000333a6       _GetCurrentProcessId@0     100343a6 f   kernel32:KERNEL32.dll
 0001:000333ac       _GetSystemTimeAsFileTime@4 100343ac f   kernel32:KERNEL32.dll
 0001:000333b2       _GetEnvironmentStringsW@0  100343b2 f   kernel32:KERNEL32.dll
 0001:000333b8       _FreeEnvironmentStringsW@4 100343b8 f   kernel32:KERNEL32.dll
 0001:000333be       _HeapSize@12               100343be f   kernel32:KERNEL32.dll
 0001:000333c4       _GetDateFormatW@24         100343c4 f   kernel32:KERNEL32.dll
 0001:000333ca       _GetTimeFormatW@24         100343ca f   kernel32:KERNEL32.dll
 0001:000333d0       _CompareStringW@24         100343d0 f   kernel32:KERNEL32.dll
 0001:000333d6       _LCMapStringW@24           100343d6 f   kernel32:KERNEL32.dll
 0001:000333dc       _GetLocaleInfoW@16         100343dc f   kernel32:KERNEL32.dll
 0001:000333e2       _IsValidLocale@8           100343e2 f   kernel32:KERNEL32.dll
 0001:000333e8       _GetUserDefaultLCID@0      100343e8 f   kernel32:KERNEL32.dll
 0001:000333ee       _EnumSystemLocalesW@8      100343ee f   kernel32:KERNEL32.dll
 0001:000333f4       _GetStringTypeW@16         100343f4 f   kernel32:KERNEL32.dll
 0001:000333fa       _FlushFileBuffers@4        100343fa f   kernel32:KERNEL32.dll
 0001:00033400       _SetStdHandle@8            10034400 f   kernel32:KERNEL32.dll
 0001:00033406       _CreateFileW@28            10034406 f   kernel32:KERNEL32.dll
 0001:0003340c       _SetEndOfFile@4            1003440c f   kernel32:KERNEL32.dll
 0002:00000000       ___xc_a                    1003f000     LIBCMT:crt0init.obj
 0002:00000104       ___xc_z                    1003f104     LIBCMT:crt0init.obj
 0002:00000208       ___xi_a                    1003f208     LIBCMT:crt0init.obj
 0002:00000420       ___xi_z                    1003f420     LIBCMT:crt0init.obj
 0002:00000524       ___xp_a                    1003f524     LIBCMT:crt0init.obj
 0002:00000838       ___xp_z                    1003f838     LIBCMT:crt0init.obj
 0002:0000093c       ___xt_a                    1003f93c     LIBCMT:crt0init.obj
 0002:00000a40       ___xt_z                    1003fa40     LIBCMT:crt0init.obj
 0002:00000b88       _DAtosInOut_PRBS_M         1003fb88     DAtosInOut_PRBS.obj
 0002:00000b8c       ??_C@_0BI@PHJEPFFP@Error?5creating?5scope?51?6?$AA@ 1003fb8c     DAtosInOut_PRBS.obj
 0002:00000ba8       ??_C@_0BH@EJCKDFDH@RPM?5carga?5?5Normalizada?$AA@ 1003fba8     DAtosInOut_PRBS.obj
 0002:00000bc4       ??_C@_0L@MMMMIEFC@salida?4dat?$AA@ 1003fbc4     DAtosInOut_PRBS.obj
 0002:00000bd4       ??_C@_0BI@PFNCELAG@Error?5creating?5scope?52?6?$AA@ 1003fbd4     DAtosInOut_PRBS.obj
 0002:00000bf0       ??_C@_04ICECFHDJ@PRBS?$AA@ 1003fbf0     DAtosInOut_PRBS.obj
 0002:00000bf8       ??_C@_0M@HPGNKJPP@entrada?4dat?$AA@ 1003fbf8     DAtosInOut_PRBS.obj
 0002:00000c08       ??_C@_0BI@PEBACBDB@Error?5creating?5scope?53?6?$AA@ 1003fc08     DAtosInOut_PRBS.obj
 0002:00000c24       ??_C@_0BC@OJJPBDHH@FixedStepDiscrete?$AA@ 1003fc24     DAtosInOut_PRBS.obj
 0002:00000c3c       ??_C@_04EPKDLPPB@tout?$AA@ 1003fc3c     DAtosInOut_PRBS.obj
 0002:00000c42       ??_C@_00CNPNBAHC@?$AA@     1003fc42     DAtosInOut_PRBS.obj
 0002:00000c44       ??_C@_03HBFGMJOD@rt_?$AA@  1003fc44     DAtosInOut_PRBS.obj
 0002:00000c48       ??_C@_0BH@BKBGGHEJ@PCI?56221?5PWM?5Generate?5?$AA@ 1003fc48     DAtosInOut_PRBS.obj
 0002:00000c64       ??_C@_0CH@JJLPPLHC@DAtosInOut_PRBS?1PCI?56221?5PWM?5Gen@ 1003fc64     DAtosInOut_PRBS.obj
 0002:00000c94       ??_C@_0M@OPAHFFBF@PCI?96221?5DO?$AA@ 1003fc94     DAtosInOut_PRBS.obj
 0002:00000ca4       ??_C@_0BM@HOBECOLJ@DAtosInOut_PRBS?1PCI?96221?5DO?$AA@ 1003fca4     DAtosInOut_PRBS.obj
 0002:00000cc8       ??_C@_0O@IFKELIIB@PCI?56221?5ENC?5?$AA@ 1003fcc8     DAtosInOut_PRBS.obj
 0002:00000cd8       ??_C@_0BO@EAMBHCMD@DAtosInOut_PRBS?1PCI?56221?5ENC?5?$AA@ 1003fcd8     DAtosInOut_PRBS.obj
[...]
 0003:0000dbe0       _CANAC2_1_send_mb2         10059be0     <common>
 0003:0000df00       _CANAC2_2_receiveindex_mb1 10059f00     <common>
 0003:0000e220       _CANAC2_2_receivemaxindex_mb1 1005a220     <common>
 0003:0000e240       _CANAC2_2_sendindex_mb1    1005a240     <common>
 0003:0000e560       _CANAC2_2_sendmaxindex_mb1 1005a560     <common>
 0003:0000e580       _CANAC2_1_receiveindex_mb1 1005a580     <common>
 0003:0000e8a0       _CANAC2_1_receivemaxindex_mb1 1005a8a0     <common>
 0003:0000e8c0       _CANAC2_1_sendindex_mb1    1005a8c0     <common>
 0003:0000ebe0       _CANAC2_1_sendmaxindex_mb1 1005abe0     <common>
 0003:0000ec00       _CANAC2_2_receive_mb1      1005ac00     <common>
 0003:0000ef20       _CANAC2_2_send_mb1         1005af20     <common>
 0003:0000f240       _CANAC2_1_receive_mb1      1005b240     <common>
 0003:0000f560       _CANAC2_1_send_mb1         1005b560     <common>
 0003:0000f880       _CANAC2_2_receiveindex     1005b880     <common>
 0003:0000fba0       _CANAC2_2_receivemaxindex  1005bba0     <common>
 0003:0000fbc0       _CANAC2_2_sendindex        1005bbc0     <common>
 0003:0000fee0       _CANAC2_2_sendmaxindex     1005bee0     <common>
 0003:0000ff00       _CANAC2_1_receiveindex     1005bf00     <common>
 0003:00010220       _CANAC2_1_receivemaxindex  1005c220     <common>
 0003:00010240       _CANAC2_1_sendindex        1005c240     <common>
 0003:00010560       _CANAC2_1_sendmaxindex     1005c560     <common>
 0003:00010580       _CANAC2_2_receive          1005c580     <common>
 0003:000108a0       _CANAC2_2_send             1005c8a0     <common>
 0003:00010bc0       _CANAC2_1_receive          1005cbc0     <common>
 0003:00010ee0       _CANAC2_1_send             1005cee0     <common>
 0003:00011200       _siepowercan_can_object_buffer_port2 1005d200     <common>
 0003:00015220       _siepowercan_can_object_buffer_port1 10061220     <common>
 0003:00019220       _rtNaNF                    10065220     <common>
 0003:00019234       _rtMinusInfF               10065234     <common>
 0003:00019238       _rtInfF                    10065238     <common>
 0003:00019240       _rtNaN                     10065240     <common>
 0003:00019248       _rtMinusInf                10065248     <common>
 0003:00019250       _rtInf                     10065250     <common>
 0003:00019260       _slrtTETViaXCP             10065260     <common>
 0003:000192a0       _DAtosInOut_PRBS_M_        100652a0     <common>
 0003:0001a7a0       _DAtosInOut_PRBS_DW        100667a0     <common>
 0003:0001a820       _DAtosInOut_PRBS_B         10066820     <common>
 0003:0001a8a8       _xpceFSScopeSet            100668a8     <common>
 0003:0001a91c       _rl32eSetScope             1006691c     <common>
 0003:0001a920       _rl32eAddSignal            10066920     <common>
 0003:0001a924       _rl32eGetSignalNo          10066924     <common>
 0003:0001a928       _rl32eDefScope             10066928     <common>
 0003:0001a92c       _rl32eScopeExists          1006692c     <common>
 0003:0001a930       _TBGiveSpinFast            10066930     <common>
 0003:0001a934       _TBTakeSpinFast            10066934     <common>
 0003:0001a938       _TBDeleteSpin              10066938     <common>
 0003:0001a93c       _TBCreateSpin              1006693c     <common>
 0003:0001a940       _xpceGetParamDims          10066940     <common>
 0003:0001a944       _xpceGetParameter          10066944     <common>
 0003:0001a948       _xpceSetParameter          10066948     <common>
 0003:0001a94c       _xpceGetSignalValue        1006694c     <common>
 0003:0001a950       _xpceAssignPCIInterrupt    10066950     <common>
 0003:0001a954       _rl32eGetPCIInfoAtSlot     10066954     <common>
 0003:0001a958       _rl32eGetPCIInfo           10066958     <common>
 0003:0001a95c       _rl32eShowPCIInfo          1006695c     <common>
 0003:0001a960       _rl32eShowPCIDev           10066960     <common>
 0003:0001a964       _xpceGetTET                10066964     <common>
 0003:0001a968       _xpceaddEvent              10066968     <common>
 0003:0001a96c       _xpceDeRegisterISR         1006696c     <common>
 0003:0001a970       _xpceRegisterISR           10066970     <common>
 0003:0001a974       _xpcIsModelInit            10066974     <common>
 0003:0001a978       _xpcGetElapsedTime         10066978     <common>
 0003:0001a97c       _xpcBusyWait               1006697c     <common>
 0003:0001a980       _xpcFreePhysicalMemory     10066980     <common>
 0003:0001a984       _xpcAllocPhysicalMemory    10066984     <common>
 0003:0001a988       _xpcReserveMemoryRegion    10066988     <common>
 0003:0001a98c       _xpcOutpB                  1006698c     <common>
 0003:0001a990       _xpcOutpW                  10066990     <common>
 0003:0001a994       _xpcOutpDW                 10066994     <common>
 0003:0001a998       _xpcInpB                   10066998     <common>
 0003:0001a99c       _xpcInpW                   1006699c     <common>
 0003:0001a9a0       _xpcInpDW                  100669a0     <common>
 0003:0001a9a4       _UDPCloseReceive           100669a4     <common>
 0003:0001a9a8       _UDPCloseSend              100669a8     <common>
 0003:0001a9ac       _UDPOpenReceive            100669ac     <common>
 0003:0001a9b0       _UDPOpenSend               100669b0     <common>
 0003:0001a9b4       _ResetClientSocket         100669b4     <common>
 0003:0001a9b8       _CloseClientSocket         100669b8     <common>
 0003:0001a9bc       _ConnectClientSocket       100669bc     <common>
 0003:0001a9c0       _BindClientSocket          100669c0     <common>
 0003:0001a9c4       _CreateClientSocket        100669c4     <common>
 0003:0001a9c8       _ResetServerSocket         100669c8     <common>
 0003:0001a9cc       _CloseServerSocket         100669cc     <common>
 0003:0001a9d0       _ConnectServerSocket       100669d0     <common>
 0003:0001a9d4       _OpenServerListen          100669d4     <common>
 0003:0001a9d8       _CreateServerSocket        100669d8     <common>
 0003:0001a9dc       _SocketReceive             100669dc     <common>
 0003:0001a9e0       _SocketSend                100669e0     <common>
 0003:0001a9e4       _GetSocketState            100669e4     <common>
 0003:0001a9e8       _GetSocket                 100669e8     <common>
 0003:0001a9ec       _socket                    100669ec     <common>
 0003:0001a9f0       _inet_addr                 100669f0     <common>
 0003:0001a9f4       _sendto                    100669f4     <common>
 0003:0001a9f8       _recvfrom                  100669f8     <common>
 0003:0001a9fc       _listen                    100669fc     <common>
 0003:0001aa00       _ioctlsocket               10066a00     <common>
 0003:0001aa04       _connect                   10066a04     <common>
 0003:0001aa08       _closesocket               10066a08     <common>
 0003:0001aa0c       _setsockopt                10066a0c     <common>
 0003:0001aa10       _bind                      10066a10     <common>
 0003:0001aa14       _accept                    10066a14     <common>
 0003:0001aa18       _GetHostTarIPAdd           10066a18     <common>
 0003:0001aa1c       _GetDCUUsage               10066a1c     <common>
 0003:0001aa20       _DeleteRoute               10066a20     <common>
 0003:0001aa24       _AddGatewayRoute           10066a24     <common>
 0003:0001aa28       _SetIP                     10066a28     <common>
 0003:0001aa2c       _CloseInterface            10066a2c     <common>
 0003:0001aa30       _OpenInterface             10066a30     <common>
 0003:0001aa34       _SetIPTASKPriority         10066a34     <common>
 0003:0001aa38       _releaseNIC                10066a38     <common>
 0003:0001aa3c       _NICGetIface               10066a3c     <common>
 0003:0001aa40       _NICSetIface               10066a40     <common>
 0003:0001aa44       _registerNIC               10066a44     <common>
 0003:0001aa48       _slrtWarning               10066a48     <common>
 0003:0001aa4c       _slrtGetCPUTCelsius        10066a4c     <common>
 0003:0001aa50       _geterrorstring            10066a50     <common>
 0003:0001aa54       _getlasterror              10066a54     <common>
 0003:0001aa58       _slrtGetProfilerState      10066a58     <common>
 0003:0001aa5c       _slrtStopProfiler          10066a5c     <common>
 0003:0001aa60       _slrtStartProfiler         10066a60     <common>
 0003:0001aa64       _slrtLogEvent              10066a64     <common>
 0003:0001aa68       _slrtGetDefaultDrive       10066a68     <common>
 0003:0001aa6c       _slrtfsFread               10066a6c     <common>
 0003:0001aa70       _slrtfsGetFileStatus       10066a70     <common>
 0003:0001aa74       _slrtfsOpenFileAsync       10066a74     <common>
 0003:0001aa78       _slrtfsCloseFileAsync      10066a78     <common>
 0003:0001aa7c       _slrtfsGetFileErrorMessage 10066a7c     <common>
 0003:0001aa80       _slrtfsGetFileError        10066a80     <common>
 0003:0001aa84       _slrtfsWriteToFile         10066a84     <common>
 0003:0001aa88       _slrtfsCloseFile           10066a88     <common>
 0003:0001aa8c       _slrtfsOpenFile            10066a8c     <common>
 0003:0001aa90       _slrtGetSgCRBSpace         10066a90     <common>
 0003:0001aa94       _slrtGetCRBScratchSpace    10066a94     <common>
 0003:0001aa98       _slrteSetupMSI             10066a98     <common>
 0003:0001aa9c       _slTestRegAssessment       10066a9c     <common>
 0003:0001aaa0       _slTestTerminate           10066aa0     <common>
 0003:0001aaa4       _slTestEvalOnFail          10066aa4     <common>
 0003:0001aaa8       _slTestLogAssessments      10066aa8     <common>
 0003:0001aaac       _slTestInitialize          10066aac     <common>
 0003:0001aab0       _unRegisterPTPTimeRead     10066ab0     <common>
 0003:0001aab4       _registerPTPTimeRead       10066ab4     <common>
 0003:0001aab8       _slrteGetCurrentStepSize   10066ab8     <common>
 0003:0001aabc       _slrteSetStepSizeDelta     10066abc     <common>
 0003:0001aac0       _xpceDAQUpdateTimeStamp    10066ac0     <common>
 0003:0001aac4       _xpceDAQPostEvent          10066ac4     <common>
 0003:0001aac8       _StreamVideo               10066ac8     <common>
 0003:0001aacc       _StopVideoDisplay          10066acc     <common>
 0003:0001aad0       _StartVideoDisplay         10066ad0     <common>
 0003:0001aad4       _DestroyVideoDisplay       10066ad4     <common>
 0003:0001aad8       _CreateVideoDisplay        10066ad8     <common>
 0003:0001aadc       _ConvertUImage             10066adc     <common>
 0003:0001aae0       _StopVideo                 10066ae0     <common>
 0003:0001aae4       _ReadFrameBuffer           10066ae4     <common>
 0003:0001aae8       _StartVideo                10066ae8     <common>
 0003:0001aaec       _GetVideoConfigs           10066aec     <common>
 0003:0001aaf0       _FindUsbVideoDevice        10066af0     <common>
 0003:0001aaf4       _xpceDeleteSemaphore       10066af4     <common>
 0003:0001aaf8       _xpceSignalSemaphore       10066af8     <common>
 0003:0001aafc       _xpceWaitSemaphore         10066afc     <common>
 0003:0001ab00       _xpceCreateSemaphore       10066b00     <common>
 0003:0001ab04       _xpceScopeAcqOK            10066b04     <common>
 0003:0001ab08       _rl32eRestartAcquisition   10066b08     <common>
 0003:0001ab0c       _rl32eSetTargetScopeSigFt  10066b0c     <common>
 0003:0001ab10       _rl32eSetTargetScope       10066b10     <common>
 0003:0001ab14       ___unguarded_readlc_active 10066b14     <common>
 0003:0001ab24       ___setlc_active            10066b24     <common>
 0003:0001ab28       __nhandle                  10066b28     <common>
 0003:0001ab40       _encodedKERNEL32Functions  10066b40     <common>
 0003:0001abe8       __debugger_hook_dummy      10066be8     <common>
 0003:0001abf4       __pDestructExceptionObject 10066bf4     <common>
 0003:0001ac00       __acmdln                   10066c00     <common>
 0003:0001ac20       __bufin                    10066c20     <common>
 0003:0001bf5c       ___piob                    10067f5c     <common>
 0003:0001bf60       __nstream                  10067f60     <common>
 0003:0001bf64       ___dyn_tls_init_callback   10067f64     <common>
 0003:0001bf74       ___onexitend               10067f74     <common>
 0003:0001bf78       ___onexitbegin             10067f78     <common>
 0003:0001bf7c       ___mbctype_initialized     10067f7c     <common>
 0003:0001bf80       ___env_initialized         10067f80     <common>
 0004:00000000       __imp__GetModuleHandleA@4  10068000     kernel32:KERNEL32.dll
 0004:00000004       __imp__GetProcAddress@8    10068004     kernel32:KERNEL32.dll
 0004:00000008       __imp__HeapAlloc@12        10068008     kernel32:KERNEL32.dll
 0004:0000000c       __imp__IsDebuggerPresent@0 1006800c     kernel32:KERNEL32.dll
 0004:00000010       __imp__IsProcessorFeaturePresent@4 10068010     kernel32:KERNEL32.dll
 0004:00000014       __imp__EncodePointer@4     10068014     kernel32:KERNEL32.dll
 0004:00000018       __imp__DecodePointer@4     10068018     kernel32:KERNEL32.dll
 0004:0000001c       __imp__GetLastError@0      1006801c     kernel32:KERNEL32.dll
 0004:00000020       __imp__ExitProcess@4       10068020     kernel32:KERNEL32.dll
 0004:00000024       __imp__GetModuleHandleExW@12 10068024     kernel32:KERNEL32.dll
 0004:00000028       __imp__AreFileApisANSI@0   10068028     kernel32:KERNEL32.dll
 0004:0000002c       __imp__MultiByteToWideChar@24 1006802c     kernel32:KERNEL32.dll
 0004:00000030       __imp__WideCharToMultiByte@32 10068030     kernel32:KERNEL32.dll
 0004:00000034       __imp__HeapFree@12         10068034     kernel32:KERNEL32.dll
 0004:00000038       __imp__HeapReAlloc@16      10068038     kernel32:KERNEL32.dll
 0004:0000003c       __imp__EnterCriticalSection@4 1006803c     kernel32:KERNEL32.dll
 0004:00000040       __imp__LeaveCriticalSection@4 10068040     kernel32:KERNEL32.dll
 0004:00000044       __imp__GetStdHandle@4      10068044     kernel32:KERNEL32.dll
 0004:00000048       __imp__GetFileType@4       10068048     kernel32:KERNEL32.dll
 0004:0000004c       __imp__GetModuleFileNameW@12 1006804c     kernel32:KERNEL32.dll
 0004:00000050       __imp__WriteConsoleW@20    10068050     kernel32:KERNEL32.dll
 0004:00000054       __imp__GetCommandLineA@0   10068054     kernel32:KERNEL32.dll
 0004:00000058       __imp__GetCurrentThreadId@0 10068058     kernel32:KERNEL32.dll
 0004:0000005c       __imp__WriteFile@20        1006805c     kernel32:KERNEL32.dll
 0004:00000060       __imp__GetProcessHeap@0    10068060     kernel32:KERNEL32.dll
 0004:00000064       __imp__RaiseException@16   10068064     kernel32:KERNEL32.dll
 0004:00000068       __imp__UnhandledExceptionFilter@4 10068068     kernel32:KERNEL32.dll
 0004:0000006c       __imp__SetUnhandledExceptionFilter@4 1006806c     kernel32:KERNEL32.dll
 0004:00000070       __imp__SetLastError@4      10068070     kernel32:KERNEL32.dll
 0004:00000074       __imp__InitializeCriticalSectionAndSpinCount@8 10068074     kernel32:KERNEL32.dll
 0004:00000078       __imp__CreateEventW@16     10068078     kernel32:KERNEL32.dll
 0004:0000007c       __imp__Sleep@4             1006807c     kernel32:KERNEL32.dll
 0004:00000080       __imp__GetCurrentProcess@0 10068080     kernel32:KERNEL32.dll
 0004:00000084       __imp__TerminateProcess@8  10068084     kernel32:KERNEL32.dll
 0004:00000088       __imp__TlsAlloc@0          10068088     kernel32:KERNEL32.dll
 0004:0000008c       __imp__TlsGetValue@4       1006808c     kernel32:KERNEL32.dll
 0004:00000090       __imp__TlsSetValue@8       10068090     kernel32:KERNEL32.dll
 0004:00000094       __imp__TlsFree@4           10068094     kernel32:KERNEL32.dll
 0004:00000098       __imp__GetStartupInfoW@4   10068098     kernel32:KERNEL32.dll
 0004:0000009c       __imp__GetTickCount@0      1006809c     kernel32:KERNEL32.dll
 0004:000000a0       __imp__GetModuleHandleW@4  100680a0     kernel32:KERNEL32.dll
 0004:000000a4       __imp__CreateSemaphoreW@16 100680a4     kernel32:KERNEL32.dll
 0004:000000a8       __imp__DeleteCriticalSection@4 100680a8     kernel32:KERNEL32.dll
 0004:000000ac       __imp__FatalAppExitA@8     100680ac     kernel32:KERNEL32.dll
 0004:000000b0       __imp__SetConsoleCtrlHandler@8 100680b0     kernel32:KERNEL32.dll
 0004:000000b4       __imp__FreeLibrary@4       100680b4     kernel32:KERNEL32.dll
 0004:000000b8       __imp__LoadLibraryExW@12   100680b8     kernel32:KERNEL32.dll
 0004:000000bc       __imp__IsValidCodePage@4   100680bc     kernel32:KERNEL32.dll
 0004:000000c0       __imp__GetACP@0            100680c0     kernel32:KERNEL32.dll
 0004:000000c4       __imp__GetOEMCP@0          100680c4     kernel32:KERNEL32.dll
 0004:000000c8       __imp__GetCPInfo@8         100680c8     kernel32:KERNEL32.dll
 0004:000000cc       __imp__CloseHandle@4       100680cc     kernel32:KERNEL32.dll
 0004:000000d0       __imp__RtlUnwind@16        100680d0     kernel32:KERNEL32.dll
 0004:000000d4       __imp__ReadFile@20         100680d4     kernel32:KERNEL32.dll
 0004:000000d8       __imp__GetConsoleMode@8    100680d8     kernel32:KERNEL32.dll
 0004:000000dc       __imp__ReadConsoleW@20     100680dc     kernel32:KERNEL32.dll
 0004:000000e0       __imp__GetConsoleCP@0      100680e0     kernel32:KERNEL32.dll
 0004:000000e4       __imp__DeleteFileW@4       100680e4     kernel32:KERNEL32.dll
 0004:000000e8       __imp__SetFilePointerEx@20 100680e8     kernel32:KERNEL32.dll
 0004:000000ec       __imp__OutputDebugStringW@4 100680ec     kernel32:KERNEL32.dll
 0004:000000f0       __imp__GetCurrentThread@0  100680f0     kernel32:KERNEL32.dll
 0004:000000f4       __imp__GetModuleFileNameA@12 100680f4     kernel32:KERNEL32.dll
 0004:000000f8       __imp__QueryPerformanceCounter@4 100680f8     kernel32:KERNEL32.dll
 0004:000000fc       __imp__GetCurrentProcessId@0 100680fc     kernel32:KERNEL32.dll
 0004:00000100       __imp__GetSystemTimeAsFileTime@4 10068100     kernel32:KERNEL32.dll
 0004:00000104       __imp__GetEnvironmentStringsW@0 10068104     kernel32:KERNEL32.dll
 0004:00000108       __imp__FreeEnvironmentStringsW@4 10068108     kernel32:KERNEL32.dll
 0004:0000010c       __imp__HeapSize@12         1006810c     kernel32:KERNEL32.dll
 0004:00000110       __imp__GetDateFormatW@24   10068110     kernel32:KERNEL32.dll
 0004:00000114       __imp__GetTimeFormatW@24   10068114     kernel32:KERNEL32.dll
 0004:00000118       __imp__CompareStringW@24   10068118     kernel32:KERNEL32.dll
 0004:0000011c       __imp__LCMapStringW@24     1006811c     kernel32:KERNEL32.dll
 0004:00000120       __imp__GetLocaleInfoW@16   10068120     kernel32:KERNEL32.dll
 0004:00000124       __imp__IsValidLocale@8     10068124     kernel32:KERNEL32.dll
 0004:00000128       __imp__GetUserDefaultLCID@0 10068128     kernel32:KERNEL32.dll
 0004:0000012c       __imp__EnumSystemLocalesW@8 1006812c     kernel32:KERNEL32.dll
 0004:00000130       __imp__GetStringTypeW@16   10068130     kernel32:KERNEL32.dll
 0004:00000134       __imp__FlushFileBuffers@4  10068134     kernel32:KERNEL32.dll
 0004:00000138       __imp__SetStdHandle@8      10068138     kernel32:KERNEL32.dll
 0004:0000013c       __imp__CreateFileW@28      1006813c     kernel32:KERNEL32.dll
 0004:00000140       __imp__SetEndOfFile@4      10068140     kernel32:KERNEL32.dll
 0004:00000144       \177KERNEL32_NULL_THUNK_DATA 10068144     kernel32:KERNEL32.dll
 0004:000001b0       __IMPORT_DESCRIPTOR_KERNEL32 100681b0     kernel32:KERNEL32.dll
 0004:000001c4       __NULL_IMPORT_DESCRIPTOR   100681c4     kernel32:KERNEL32.dll

 entry point at        0001:00013ccb

