 RespuestaEscalon_slrt

 Timestamp is 627158e7 (Tue May 03 18:31:35 2022)

 Preferred load address is 10000000

 Start         Length     Name                   Class
 0001:00000000 0003d344H .text$mn                CODE
 0002:00000000 00000104H .CRT$XCA                DATA
 0002:00000104 00000104H .CRT$XCZ                DATA
 0002:00000208 00000104H .CRT$XIA                DATA
 0002:0000030c 00000113H .CRT$XIC                DATA
 0002:00000420 00000104H .CRT$XIZ                DATA
 0002:00000524 00000104H .CRT$XPA                DATA
 0002:00000628 00000109H .CRT$XPX                DATA
 0002:00000734 00000104H .CRT$XPXA               DATA
 0002:00000838 00000104H .CRT$XPZ                DATA
 0002:0000093c 00000104H .CRT$XTA                DATA
 0002:00000a40 00000104H .CRT$XTZ                DATA
 0002:00000b50 0000a939H .rdata                  DATA
 0002:0000b48c 000001acH .rdata$debug            DATA
 0002:0000b640 0000010eH .rdata$sxdata           DATA
 0002:0000b750 00000104H .rtc$IAA                DATA
 0002:0000b854 00000104H .rtc$IZZ                DATA
 0002:0000b958 00000104H .rtc$TAA                DATA
 0002:0000ba5c 00000104H .rtc$TZZ                DATA
 0002:0000bb60 00000991H .xdata$x                DATA
 0002:0000c500 0000020aH .edata                  DATA
 0003:00000000 00002482H .data                   DATA
 0003:000024a0 00015664H .bss                    DATA
 0004:00000000 000001b0H .idata$5                DATA
 0004:000001b0 00000014H .idata$2                DATA
 0004:000001c4 00000014H .idata$3                DATA
 0004:000001d8 000001b0H .idata$4                DATA
 0004:00000388 0000076bH .idata$6                DATA

  Address         Publics by Value              Rva+Base       Lib:Object

 0000:00000000       ___guard_fids_table        00000000     <absolute>
 0000:00000000       ___guard_fids_count        00000000     <absolute>
 0000:00000000       __except_list              00000000     <absolute>
 0000:00000000       ___guard_flags             00000000     <absolute>
 0000:00000003       ___safe_se_handler_count   00000003     <absolute>
 0000:00000000       ___ImageBase               10000000     <linker-defined>
 0001:00000470       _MdlInitialize             10001470 f   RespuestaEscalon.obj
 0001:00000480       _MdlInitializeSampleTimes  10001480 f   RespuestaEscalon.obj
 0001:00000490       _MdlInitializeSizes        10001490 f   RespuestaEscalon.obj
 0001:000004a0       _MdlOutputs                100014a0 f   RespuestaEscalon.obj
 0001:000004b0       _MdlStart                  100014b0 f   RespuestaEscalon.obj
 0001:000004c0       _MdlTerminate              100014c0 f   RespuestaEscalon.obj
 0001:00000510       _MdlUpdate                 10001510 f   RespuestaEscalon.obj
 0001:00000520       _RespuestaEscalon          10001520 f   RespuestaEscalon.obj
 0001:00001ce0       _rt_mxCreateCharMatrixFromStrings 10002ce0 f   rt_matrx.obj
 0001:00001e30       _rt_mxCreateDoubleMatrix   10002e30 f   rt_matrx.obj
 0001:00001e90       _rt_mxCreateNumericArray   10002e90 f   rt_matrx.obj
 0001:00001f10       _rt_mxCreateString         10002f10 f   rt_matrx.obj
 0001:00001fa0       _rt_mxDuplicateArray       10002fa0 f   rt_matrx.obj
 0001:00002000       _rt_mxGetDimensions        10003000 f   rt_matrx.obj
 0001:00002040       _rt_mxGetEps               10003040 f   rt_matrx.obj
 0001:00002050       _rt_mxGetString            10003050 f   rt_matrx.obj
 0001:000020d0       _rtPrintfNoOp              100030d0 f   rt_printf.obj
 0001:000029f0       _rt_CreateLogVar           100039f0 f   rt_logging.obj
 0001:00002a80       _rt_CreateLogVarWithConvert 10003a80 f   rt_logging.obj
 0001:00003400       _rt_CreateStructLogVar     10004400 f   rt_logging.obj
 0001:00004170       _rt_GetMxIdFromDTypeId     10005170 f   rt_logging.obj
 0001:000041a0       _rt_GetMxIdFromDTypeIdForRSim 100051a0 f   rt_logging.obj
 0001:00006af0       _rt_StartDataLogging       10007af0 f   rt_logging.obj
 0001:00006fb0       _rt_StartDataLoggingWithStartTime 10007fb0 f   rt_logging.obj
 0001:00007910       _rt_StopDataLogging        10008910 f   rt_logging.obj
 0001:00007930       _rt_StopDataLoggingImpl    10008930 f   rt_logging.obj
 0001:00007c50       _rt_UpdateLogVar           10008c50 f   rt_logging.obj
 0001:00009010       _rt_UpdateStructLogVar     1000a010 f   rt_logging.obj
 0001:000090a0       _rt_UpdateTXXFYLogVars     1000a0a0 f   rt_logging.obj
 0001:00009530       _rt_UpdateTXYLogVars       1000a530 f   rt_logging.obj
 0001:00009780       _rt_getTempMemory          1000a780 f   rt_logging.obj
 0001:000097c0       _RespuestaEscalon_GetCAPIStaticMap 1000a7c0 f   RespuestaEscalon_capi.obj
 0001:000097d0       _RespuestaEscalon_InitializeDataMapInfo 1000a7d0 f   RespuestaEscalon_capi.obj
 0001:000098a0       _mdlXcp_GetMdlXcpInfo      1000a8a0 f   RespuestaEscalon_xcp.obj
 0001:000098b0       _SLRT_update_TET           1000a8b0 f   RespuestaEscalon_xcp_TET.obj
 0001:00009980       _rtGetInf                  1000a980 f   rtGetInf.obj
 0001:000099b0       _rtGetInfF                 1000a9b0 f   rtGetInf.obj
 0001:000099d0       _rtGetMinusInf             1000a9d0 f   rtGetInf.obj
 0001:00009a00       _rtGetMinusInfF            1000aa00 f   rtGetInf.obj
 0001:00009a20       _rtGetNaN                  1000aa20 f   rtGetNaN.obj
 0001:00009a50       _rtGetNaNF                 1000aa50 f   rtGetNaN.obj
 0001:00009a70       _rtIsInf                   1000aa70 f   rt_nonfinite.obj
 0001:00009ab0       _rtIsInfF                  1000aab0 f   rt_nonfinite.obj
 0001:00009af0       _rtIsNaN                   1000aaf0 f   rt_nonfinite.obj
 0001:00009b10       _rtIsNaNF                  1000ab10 f   rt_nonfinite.obj
 0001:00009b30       _rt_InitInfAndNaN          1000ab30 f   rt_nonfinite.obj
 0001:00009b90       _rt_CleanUpForStateLogWithMMI 1000ab90 f   rt_logging_mmi.obj
 0001:00009ca0       _rt_FillStateSigInfoFromMMI 1000aca0 f   rt_logging_mmi.obj
 0001:0000a050       _rtwCAPI_CountSysRan       1000b050 f   rtw_modelmap_utils.obj
 0001:0000a0f0       _rtwCAPI_EncodePath        1000b0f0 f   rtw_modelmap_utils.obj
 0001:0000a1e0       _rtwCAPI_FillSysRan        1000b1e0 f   rtw_modelmap_utils.obj
 0001:0000a2d0       _rtwCAPI_FreeFullPaths     1000b2d0 f   rtw_modelmap_utils.obj
 0001:0000a360       _rtwCAPI_GetFullStateBlockPath 1000b360 f   rtw_modelmap_utils.obj
 0001:0000a510       _rtwCAPI_GetNumContStateRecords 1000b510 f   rtw_modelmap_utils.obj
 0001:0000a5d0       _rtwCAPI_GetNumSigLogRecords 1000b5d0 f   rtw_modelmap_utils.obj
 0001:0000a620       _rtwCAPI_GetNumSigLogRecordsForRTWLogging 1000b620 f   rtw_modelmap_utils.obj
 0001:0000a6b0       _rtwCAPI_GetNumStateRecords 1000b6b0 f   rtw_modelmap_utils.obj
 0001:0000a700       _rtwCAPI_GetNumStateRecordsForRTWLogging 1000b700 f   rtw_modelmap_utils.obj
 0001:0000a790       _rtwCAPI_GetSigAddrFromMap 1000b790 f   rtw_modelmap_utils.obj
 0001:0000a850       _rtwCAPI_GetSigLogRecordInfo 1000b850 f   rtw_modelmap_utils.obj
 0001:0000ac80       _rtwCAPI_GetStateRecordInfo 1000bc80 f   rtw_modelmap_utils.obj
 0001:0000b130       _rtwCAPI_GetStateWidth     1000c130 f   rtw_modelmap_utils.obj
 0001:0000b190       _rtwCAPI_HasStates         1000c190 f   rtw_modelmap_utils.obj
 0001:0000b200       _rtwCAPI_UpdateFullPaths   1000c200 f   rtw_modelmap_utils.obj
 0001:0000b3e0       _timestamp_x86             1000c3e0 f   host_timer_x86.obj
 0001:0000b3f0       _taskTimeEnd               1000c3f0 f   xpc_code_profiling_utility_functions.obj
 0001:0000b400       _taskTimeEnd_              1000c400 f   xpc_code_profiling_utility_functions.obj
 0001:0000b410       _taskTimeStart             1000c410 f   xpc_code_profiling_utility_functions.obj
 0001:0000b420       _taskTimeStart_            1000c420 f   xpc_code_profiling_utility_functions.obj
 0001:0000b430       _xilProfilingTimerFreeze   1000c430 f   xpc_code_profiling_utility_functions.obj
 0001:0000b440       _xilProfilingTimerUnFreeze 1000c440 f   xpc_code_profiling_utility_functions.obj
 0001:0000b450       _xilUploadProfilingData    1000c450 f   xpc_code_profiling_utility_functions.obj
 0001:0000b460       _DllMain@12                1000c460 f   xpctarget.obj
 0001:0000b470       _RespuestaEscalon_ChangeStepSize 1000c470 f   xpctarget.obj
 0001:0000b4e0       _SLRTSetErrorStatus        1000c4e0 f   xpctarget.obj
 0001:0000b500       _changeStepSize            1000c500 f   xpctarget.obj
 0001:0000b570       _getDLMVersion             1000c570 f   xpctarget.obj
 0001:0000b580       _getRefMdlPath             1000c580 f   xpctarget.obj
 0001:0000b600       _getRefMdlSignalNumber     1000c600 f   xpctarget.obj
 0001:0000b6b0       _getrlmdlinfo              1000c6b0 f   xpctarget.obj
 0001:0000b810       _updateDiscreteEvents      1000c810 f   xpctarget.obj
 0001:0000b820       _getNumRef                 1000c820 f   appmappingData.obj
 0001:0000b830       _donipcim                  1000c830 f   donipcim.obj
 0001:0000bd20       _encnipcim                 1000cd20 f   encnipcim.obj
 0001:0000ccf0       _pwmoutnipcim              1000dcf0 f   pwmoutnipcim.obj
 0001:0000cda0       _niMIdentify               1000dda0 f   xpcionim.obj
 0001:0000cf20       _niM_AISetup               1000df20 f   xpcionim.obj
 0001:0000d330       _niM_AO_Setup              1000e330 f   xpcionim.obj
 0001:0000d4c0       _niM_Cont_Pulse_Train_Generation 1000e4c0 f   xpcionim.obj
 0001:0000d600       _niM_Counter_Reset_All     1000e600 f   xpcionim.obj
 0001:0000d6b0       _niM_CtrArm                1000e6b0 f   xpcionim.obj
 0001:0000d6d0       _niM_CtrDisarm             1000e6d0 f   xpcionim.obj
 0001:0000d6f0       _niM_CtrReadArm            1000e6f0 f   xpcionim.obj
 0001:0000d710       _niM_CtrReadDisarm         1000e710 f   xpcionim.obj
 0001:0000d730       _niM_PeriodConfigure       1000e730 f   xpcionim.obj
 0001:0000d8a0       _niM_Private_Data          1000e8a0 f   xpcionim.obj
 0001:0000de80       _niM_SetPFIFilter          1000ee80 f   xpcionim.obj
 0001:0000df00       _niM_SetPFI_DO             1000ef00 f   xpcionim.obj
 0001:0000df50       _niM_SetPFI_Select         1000ef50 f   xpcionim.obj
 0001:0000dfd0       _niM_aiConfigureChannel    1000efd0 f   xpcionim.obj
 0001:0000e040       _niM_aiGetScalingCoefficients 1000f040 f   xpcionim.obj
 0001:0000e220       _niM_aiPolynomialScaler    1000f220 f   xpcionim.obj
 0001:0000e340       _niM_analogTriggerReset    1000f340 f   xpcionim.obj
 0001:0000e390       _niM_aoConfigureDAC        1000f390 f   xpcionim.obj
 0001:0000e3e0       _niM_aoGetScalingCoefficients 1000f3e0 f   xpcionim.obj
 0001:0000e490       _niM_aoLinearScaler        1000f490 f   xpcionim.obj
 0001:0000e4c0       _niM_configureTimebase     1000f4c0 f   xpcionim.obj
 0001:0000e4e0       _niM_eepromReadMSeries     1000f4e0 f   xpcionim.obj
 0001:0000e5b0       _niM_pllReset              1000f5b0 f   xpcionim.obj
 0001:0000e5e0       _niM_resetCtr              1000f5e0 f   xpcionim.obj
 0001:0000e600       _niM_whichBank             1000f600 f   xpcionim.obj
 0001:0000e640       _niMconfig                 1000f640 f   xpcionim.obj
 0001:0000e6e0       _GetPCIDeviceFull          1000f6e0 f   xpcruntime:xpcimports.obj
 0001:0000e720       _GetPCIDeviceFunction      1000f720 f   xpcruntime:xpcimports.obj
 0001:0000e750       _ShowPCIDevice             1000f750 f   xpcruntime:xpcimports.obj
 0001:0000ec60       _slrtGetPciConfigAtFunction 1000fc60 f   xpcruntime:xpcimports.obj
 0001:0000ef40       _xpcGetPciConfigAtSlot     1000ff40 f   xpcruntime:xpcimports.obj
 0001:0000ef60       _xpcInitProcs              1000ff60 f   xpcruntime:xpcimports.obj
 0001:00010050       _xpceuploadevent           10011050 f   xpcruntime:xpcimports.obj
 0001:00010051       __heap_alloc               10011051 f i LIBCMT:malloc.obj
 0001:0001008e       _malloc                    1001108e f   LIBCMT:malloc.obj
 0001:00010120       __get_printf_count_output  10011120 f   LIBCMT:printf.obj
 0001:00010135       __printf_l                 10011135 f   LIBCMT:printf.obj
 0001:0001014c       __printf_p                 1001114c f   LIBCMT:printf.obj
 0001:00010162       __printf_p_l               10011162 f   LIBCMT:printf.obj
 0001:00010179       __printf_s_l               10011179 f   LIBCMT:printf.obj
 0001:00010190       __set_printf_count_output  10011190 f   LIBCMT:printf.obj
 0001:000101b8       _printf                    100111b8 f   LIBCMT:printf.obj
 0001:00010267       _printf_s                  10011267 f   LIBCMT:printf.obj
 0001:00010280       _memset                    10011280 f   LIBCMT:memset.obj
 0001:00010310       __fpmath                   10011310 f   LIBCMT:fpinit.obj
 0001:00010327       ___setfflag                10011327 f   LIBCMT:fpinit.obj
 0001:0001033a       __cfltcvt_init             1001133a f   LIBCMT:fpinit.obj
 0001:0001039a       _calloc                    1001139a f   LIBCMT:calloc.obj
 0001:000103e0       __ftoui3                   100113e0 f   LIBCMT:ftol3.obj
 0001:000103ef       __ftoul3                   100113ef f   LIBCMT:ftol3.obj
 0001:000103fe       __ftol3                    100113fe f   LIBCMT:ftol3.obj
 0001:0001040b       __ftol3_NaN                1001140b f   LIBCMT:ftol3.obj
 0001:00010423       __ftol3_work               10011423 f   LIBCMT:ftol3.obj
 0001:000104a9       __ftol3_common             100114a9 f   LIBCMT:ftol3.obj
 0001:0001056b       __ftol3_arg_error          1001156b f   LIBCMT:ftol3.obj
 0001:0001057d       __ftol3_except             1001157d f   LIBCMT:ftol3.obj
 0001:000105bf       __dtoui3                   100115bf f   LIBCMT:ftol3.obj
 0001:000105ce       __dtoul3                   100115ce f   LIBCMT:ftol3.obj
 0001:000105dd       __dtol3                    100115dd f   LIBCMT:ftol3.obj
 0001:000105ea       __dtol3_NaN                100115ea f   LIBCMT:ftol3.obj
 0001:00010607       __dtol3_work               10011607 f   LIBCMT:ftol3.obj
 0001:000106ec       __ultod3                   100116ec f   LIBCMT:ftol3.obj
 0001:0001077d       __ltod3                    1001177d f   LIBCMT:ftol3.obj
 0001:000107b0       _memcpy                    100117b0 f   LIBCMT:memcpy.obj
 0001:00010df4       ___raise_securityfailure   10011df4 f   LIBCMT:gs_report.obj
 0001:00010e31       ___report_gsfailure        10011e31 f   LIBCMT:gs_report.obj
 0001:00010f2c       ___report_rangecheckfailure 10011f2c f   LIBCMT:gs_report.obj
 0001:00010f38       ___report_securityfailure  10011f38 f   LIBCMT:gs_report.obj
 0001:00011008       ___report_securityfailureEx 10012008 f   LIBCMT:gs_report.obj
 0001:0001111e       ___copy_path_to_wide_string 1001211e f   LIBCMT:crt0dat.obj
 0001:000111d0       ___copy_to_char            100121d0 f   LIBCMT:crt0dat.obj
 0001:00011285       ___crtCorExitProcess       10012285 f   LIBCMT:crt0dat.obj
 0001:000112b9       ___crtExitProcess          100122b9 f   LIBCMT:crt0dat.obj
 0001:000112cf       ___freeCrtMemory           100122cf f   LIBCMT:crt0dat.obj
 0001:000113dc       __amsg_exit                100123dc f   LIBCMT:crt0dat.obj
 0001:000113f8       __c_exit                   100123f8 f   LIBCMT:crt0dat.obj
 0001:00011407       __cexit                    10012407 f   LIBCMT:crt0dat.obj
 0001:00011416       __cinit                    10012416 f   LIBCMT:crt0dat.obj
 0001:0001149a       __exit                     1001249a f   LIBCMT:crt0dat.obj
 0001:000114ae       __exit_app                 100124ae f   LIBCMT:crt0dat.obj
 0001:000114bc       __get_pgmptr               100124bc f   LIBCMT:crt0dat.obj
 0001:000114eb       __get_wpgmptr              100124eb f   LIBCMT:crt0dat.obj
 0001:0001151a       __init_pointers            1001251a f   LIBCMT:crt0dat.obj
 0001:00011588       __initterm_e               10012588 f   LIBCMT:crt0dat.obj
 0001:000115aa       __lockexit                 100125aa f   LIBCMT:crt0dat.obj
 0001:000115b3       __unlockexit               100125b3 f   LIBCMT:crt0dat.obj
 0001:000116eb       _exit                      100126eb f   LIBCMT:crt0dat.obj
 0001:000116ff       _free                      100126ff f   LIBCMT:free.obj
 0001:00011737       _realloc                   10012737 f   LIBCMT:realloc.obj
 0001:000117f0       _memmove                   100127f0 f   LIBCMT:memmove.obj
 0001:00011e40       _strchr                    10012e40 f   LIBCMT:strchr.obj
 0001:00011eae       ___from_strstr_to_strchr   10012eae     LIBCMT:strchr.obj
 0001:00011f70       _strncat                   10012f70 f   LIBCMT:strncat.obj
 0001:000120b0       _strncpy                   100130b0 f   LIBCMT:strncpy.obj
 0001:000121d4       ___initstdio               100131d4 f   LIBCMT:_file.obj
 0001:00012247       ___endstdio                10013247 f   LIBCMT:_file.obj
 0001:0001226e       ___iob_func                1001326e f   LIBCMT:_file.obj
 0001:00012274       __lock_file                10013274 f   LIBCMT:_file.obj
 0001:000122b3       __lock_file2               100132b3 f   LIBCMT:_file.obj
 0001:000122e3       __unlock_file              100132e3 f   LIBCMT:_file.obj
 0001:0001231d       __unlock_file2             1001331d f   LIBCMT:_file.obj
 0001:0001234a       __fclose_nolock            1001334a f   LIBCMT:fclose.obj
 0001:000123b6       _fclose                    100133b6 f   LIBCMT:fclose.obj
 0001:0001242d       __fsopen                   1001342d f   LIBCMT:fopen.obj
 0001:000124f1       _fopen                     100134f1 f   LIBCMT:fopen.obj
 0001:00012506       _fopen_s                   10013506 f   LIBCMT:fopen.obj
 0001:0001254b       __fprintf_l                1001354b f   LIBCMT:fprintf.obj
 0001:00012565       __fprintf_p                10013565 f   LIBCMT:fprintf.obj
 0001:0001257e       __fprintf_p_l              1001357e f   LIBCMT:fprintf.obj
 0001:00012598       __fprintf_s_l              10013598 f   LIBCMT:fprintf.obj
 0001:000125b2       _fprintf                   100135b2 f   LIBCMT:fprintf.obj
 0001:000126c4       _fprintf_s                 100136c4 f   LIBCMT:fprintf.obj
 0001:000126dd       __fread_nolock             100136dd f   LIBCMT:fread.obj
 0001:000126f8       __fread_nolock_s           100136f8 f   LIBCMT:fread.obj
 0001:000128bd       _fread                     100138bd f   LIBCMT:fread.obj
 0001:000128d8       _fread_s                   100138d8 f   LIBCMT:fread.obj
 0001:00012969       __fwrite_nolock            10013969 f   LIBCMT:fwrite.obj
 0001:00012ac2       _fwrite                    10013ac2 f   LIBCMT:fwrite.obj
 0001:00012b44       __unlink                   10013b44 f   LIBCMT:unlink.obj
 0001:00012b4d       _remove                    10013b4d f   LIBCMT:unlink.obj
 0001:00012b8f       _rewind                    10013b8f f   LIBCMT:rewind.obj
 0001:00012c4e       __scprintf                 10013c4e f   LIBCMT:sprintf.obj
 0001:00012c61       __scprintf_l               10013c61 f   LIBCMT:sprintf.obj
 0001:00012c78       __scprintf_p               10013c78 f   LIBCMT:sprintf.obj
 0001:00012c8b       __scprintf_p_l             10013c8b f   LIBCMT:sprintf.obj
 0001:00012ca2       __snprintf_s               10013ca2 f   LIBCMT:sprintf.obj
 0001:00012cc1       __snprintf_s_l             10013cc1 f   LIBCMT:sprintf.obj
 0001:00012ce1       __sprintf_l                10013ce1 f   LIBCMT:sprintf.obj
 0001:00012cfb       __sprintf_p                10013cfb f   LIBCMT:sprintf.obj
 0001:00012d17       __sprintf_p_l              10013d17 f   LIBCMT:sprintf.obj
 0001:00012d34       __sprintf_s_l              10013d34 f   LIBCMT:sprintf.obj
 0001:00012d51       _sprintf                   10013d51 f   LIBCMT:sprintf.obj
 0001:00012dd5       _sprintf_s                 10013dd5 f   LIBCMT:sprintf.obj
 0001:00012df1       _ldexp                     10013df1 f   LIBCMT:ldexp.obj
 0001:00012fdd       @__security_check_cookie@4 10013fdd f   LIBCMT:secchk.obj
 0001:00012fec       ___isa_available_init      10013fec f   LIBCMT:cpu_disp.obj
 0001:00013165       __invoke_watson_if_error   10014165 f i LIBCMT:wassert.obj
 0001:00013185       __wassert                  10014185 f   LIBCMT:wassert.obj
 0001:00013829       __CRT_INIT@12              10014829 f   LIBCMT:dllcrt0.obj
 0001:0001399b       __DllMainCRTStartup@12     1001499b f   LIBCMT:dllcrt0.obj
 0001:00013acc       ___DllXcptFilter           10014acc f   LIBCMT:dllcrt0.obj
 0001:00013af1       ?_query_new_handler@@YAP6AHI@ZXZ 10014af1 f   LIBCMT:handler.obj
 0001:00013afe       ?_set_new_handler@@YAP6AHI@ZH@Z 10014afe f   LIBCMT:handler.obj
 0001:00013b07       ?_set_new_handler@@YAP6AHI@ZP6AHI@Z@Z 10014b07 f   LIBCMT:handler.obj
 0001:00013b3c       __callnewh                 10014b3c f   LIBCMT:handler.obj
 0001:00013b62       __initp_heap_handler       10014b62 f   LIBCMT:handler.obj
 0001:00013b6f       __FF_MSGBANNER             10014b6f f   LIBCMT:crt0msg.obj
 0001:00013ba8       __GET_RTERRMSG             10014ba8 f   LIBCMT:crt0msg.obj
 0001:00013bcc       __NMSG_WRITE               10014bcc f   LIBCMT:crt0msg.obj
 0001:00013d89       ___doserrno                10014d89 f   LIBCMT:dosmap.obj
 0001:00013d9c       __dosmaperr                10014d9c f   LIBCMT:dosmap.obj
 0001:00013dbd       __errno                    10014dbd f   LIBCMT:dosmap.obj
 0001:00013dd0       __get_doserrno             10014dd0 f   LIBCMT:dosmap.obj
 0001:00013df3       __get_errno                10014df3 f   LIBCMT:dosmap.obj
 0001:00013e16       __get_errno_from_oserr     10014e16 f   LIBCMT:dosmap.obj
 0001:00013e57       __set_doserrno             10014e57 f   LIBCMT:dosmap.obj
 0001:00013e76       __set_errno                10014e76 f   LIBCMT:dosmap.obj
 0001:00013e95       __get_heap_handle          10014e95 f   LIBCMT:heapinit.obj
 0001:00013e9b       __heap_init                10014e9b f   LIBCMT:heapinit.obj
 0001:00013eb0       __heap_term                10014eb0 f   LIBCMT:heapinit.obj
 0001:00013eb8       ?_invalid_parameter@@YAXPBG00II@Z 10014eb8 f   LIBCMT:invarg.obj
 0001:00013ebd       ?_invoke_watson@@YAXPBG00II@Z 10014ebd f   LIBCMT:invarg.obj
 0001:00013ed5       __call_reportfault         10014ed5 f   LIBCMT:invarg.obj
 0001:00013ffa       __get_invalid_parameter_handler 10014ffa f   LIBCMT:invarg.obj
 0001:00014007       __initp_misc_invarg        10015007 f   LIBCMT:invarg.obj
 0001:00014014       __invalid_parameter        10015014 f   LIBCMT:invarg.obj
 0001:0001403f       __invalid_parameter_noinfo 1001503f f   LIBCMT:invarg.obj
 0001:0001404f       __invalid_parameter_noinfo_noreturn 1001504f f   LIBCMT:invarg.obj
 0001:0001406a       __invoke_watson            1001506a f   LIBCMT:invarg.obj
 0001:00014095       __set_invalid_parameter_handler 10015095 f   LIBCMT:invarg.obj
 0001:000140ba       __vprintf_l                100150ba f   LIBCMT:vprintf.obj
 0001:000140d5       __vprintf_p                100150d5 f   LIBCMT:vprintf.obj
 0001:000140ef       __vprintf_p_l              100150ef f   LIBCMT:vprintf.obj
 0001:0001410a       __vprintf_s_l              1001510a f   LIBCMT:vprintf.obj
 0001:00014125       _vprintf                   10015125 f   LIBCMT:vprintf.obj
 0001:0001413f       _vprintf_helper            1001513f f   LIBCMT:vprintf.obj
 0001:000141cc       _vprintf_s                 100151cc f   LIBCMT:vprintf.obj
 0001:000141e6       __ftbuf                    100151e6 f   LIBCMT:_sftbuf.obj
 0001:00014217       __stbuf                    10015217 f   LIBCMT:_sftbuf.obj
 0001:000142bd       ??0_LocaleUpdate@@QAE@PAUlocaleinfo_struct@@@Z 100152bd f i LIBCMT:output.obj
 0001:00014345       ??1_LocaleUpdate@@QAE@XZ   10015345 f i LIBCMT:output.obj
 0001:00014353       ?GetLocaleT@_LocaleUpdate@@QAEPAUlocaleinfo_struct@@XZ 10015353 f i LIBCMT:output.obj
 0001:00014356       __output_l                 10015356 f   LIBCMT:output.obj
 0001:00014ed6       _get_int64_arg             10015ed6 f i LIBCMT:output.obj
 0001:00014ee9       _get_int_arg               10015ee9 f i LIBCMT:output.obj
 0001:00014ef9       _get_short_arg             10015ef9 f i LIBCMT:output.obj
 0001:00015000       __SEH_prolog4              10016000 f   LIBCMT:sehprolg4.obj
 0001:00015045       __SEH_epilog4              10016045 f   LIBCMT:sehprolg4.obj
 0001:000150a0       __except_handler4          100160a0 f   LIBCMT:chandler4.obj
 0001:00015234       __VEC_memset               10016234 f   LIBCMT:p4_memset.obj
 0001:000152fc       ?strrchr@@YAPADPADH@Z      100162fc f i LIBCMT:cvt.obj
 0001:00015305       __cfltcvt                  10016305 f   LIBCMT:cvt.obj
 0001:00015326       __cfltcvt_l                10016326 f   LIBCMT:cvt.obj
 0001:000153ac       __cftoa                    100163ac f   LIBCMT:cvt.obj
 0001:000153ca       __cftoa_l                  100163ca f   LIBCMT:cvt.obj
 0001:00015726       __cftoe                    10016726 f   LIBCMT:cvt.obj
 0001:00015895       __cftoe_l                  10016895 f   LIBCMT:cvt.obj
 0001:00015963       __cftof                    10016963 f   LIBCMT:cvt.obj
 0001:00015a6a       __cftof_l                  10016a6a f   LIBCMT:cvt.obj
 0001:00015b2b       __cftog                    10016b2b f   LIBCMT:cvt.obj
 0001:00015b49       __cftog_l                  10016b49 f   LIBCMT:cvt.obj
 0001:00015c48       __cropzeros                10016c48 f   LIBCMT:cvt.obj
 0001:00015c59       __cropzeros_l              10016c59 f   LIBCMT:cvt.obj
 0001:00015cd9       __fassign                  10016cd9 f   LIBCMT:cvt.obj
 0001:00015cf1       __fassign_l                10016cf1 f   LIBCMT:cvt.obj
 0001:00015d33       __forcdecpt                10016d33 f   LIBCMT:cvt.obj
 0001:00015d44       __forcdecpt_l              10016d44 f   LIBCMT:cvt.obj
 0001:00015db8       __positive                 10016db8 f   LIBCMT:cvt.obj
 0001:00015dfa       __setdefaultprecision      10016dfa f   LIBCMT:fp8.obj
 0001:00015e21       __initp_misc_cfltcvt_tab   10016e21 f   LIBCMT:cmiscdat.obj
 0001:00015e40       __calloc_impl              10016e40 f   LIBCMT:calloc_impl.obj
 0001:00015eba       __errcode                  10016eba f   LIBCMT:fpexcept.obj
 0001:00015eec       __except1                  10016eec f   LIBCMT:fpexcept.obj
 0001:00015fb4       __except2                  10016fb4 f   LIBCMT:fpexcept.obj
 0001:000160b4       __handle_exc               100170b4 f   LIBCMT:fpexcept.obj
 0001:00016292       __handle_qnan1             10017292 f   LIBCMT:fpexcept.obj
 0001:000162e2       __handle_qnan2             100172e2 f   LIBCMT:fpexcept.obj
 0001:00016342       __raise_exc                10017342 f   LIBCMT:fpexcept.obj
 0001:00016363       __raise_exc_ex             10017363 f   LIBCMT:fpexcept.obj
 0001:00016648       __raise_excf               10017648 f   LIBCMT:fpexcept.obj
 0001:00016669       __set_errno_from_matherr   10017669 f   LIBCMT:fpexcept.obj
 0001:00016696       __umatherr                 10017696 f   LIBCMT:fpexcept.obj
 0001:00016736       __crt_debugger_hook        10017736 f   LIBCMT:dbghook.obj
 0001:0001676b       ___crtCloseThreadpoolTimer 1001776b f   LIBCMT:winapisupp.obj
 0001:00016782       ___crtCloseThreadpoolWait  10017782 f   LIBCMT:winapisupp.obj
 0001:00016799       ___crtCreateEventExW       10017799 f   LIBCMT:winapisupp.obj
 0001:000167d4       ___crtCreateSemaphoreExW   100177d4 f   LIBCMT:winapisupp.obj
 0001:0001680e       ___crtCreateSymbolicLinkW  1001780e f   LIBCMT:winapisupp.obj
 0001:00016837       ___crtCreateThreadpoolTimer 10017837 f   LIBCMT:winapisupp.obj
 0001:00016858       ___crtCreateThreadpoolWait 10017858 f   LIBCMT:winapisupp.obj
 0001:00016879       ___crtFlsAlloc             10017879 f   LIBCMT:winapisupp.obj
 0001:00016897       ___crtFlsFree              10017897 f   LIBCMT:winapisupp.obj
 0001:000168b6       ___crtFlsGetValue          100178b6 f   LIBCMT:winapisupp.obj
 0001:000168d5       ___crtFlsSetValue          100178d5 f   LIBCMT:winapisupp.obj
 0001:000168f7       ___crtFlushProcessWriteBuffers 100178f7 f   LIBCMT:winapisupp.obj
 0001:00016907       ___crtFreeLibraryWhenCallbackReturns 10017907 f   LIBCMT:winapisupp.obj
 0001:00016921       ___crtGetCurrentProcessorNumber 10017921 f   LIBCMT:winapisupp.obj
 0001:00016933       ___crtGetFileInformationByHandleEx 10017933 f   LIBCMT:winapisupp.obj
 0001:0001695f       ___crtGetLogicalProcessorInformation 1001795f f   LIBCMT:winapisupp.obj
 0001:00016985       ___crtGetShowWindowMode    10017985 f   LIBCMT:winapisupp.obj
 0001:000169a8       ___crtGetTickCount64       100179a8 f   LIBCMT:winapisupp.obj
 0001:000169c0       ___crtInitializeCriticalSectionEx 100179c0 f   LIBCMT:winapisupp.obj
 0001:000169ee       ___crtIsPackagedApp        100179ee f   LIBCMT:winapisupp.obj
 0001:00016a2e       ___crtLoadWinApiPointers   10017a2e f   LIBCMT:winapisupp.obj
 0001:00016cb9       ___crtSetFileInformationByHandle 10017cb9 f   LIBCMT:winapisupp.obj
 0001:00016ce5       ___crtSetThreadStackGuarantee 10017ce5 f   LIBCMT:winapisupp.obj
 0001:00016d00       ___crtSetThreadpoolTimer   10017d00 f   LIBCMT:winapisupp.obj
 0001:00016d20       ___crtSetThreadpoolWait    10017d20 f   LIBCMT:winapisupp.obj
 0001:00016d3d       ___crtSetUnhandledExceptionFilter 10017d3d f   LIBCMT:winapisupp.obj
 0001:00016d4b       ___crtSleep                10017d4b f   LIBCMT:winapisupp.obj
 0001:00016d59       ___crtTerminateProcess     10017d59 f   LIBCMT:winapisupp.obj
 0001:00016d6e       ___crtUnhandledException   10017d6e f   LIBCMT:winapisupp.obj
 0001:00016d84       ___crtWaitForThreadpoolTimerCallbacks 10017d84 f   LIBCMT:winapisupp.obj
 0001:00016d9e       __RTC_Initialize           10017d9e f   LIBCMT:initsect.obj
 0001:00016dbe       __RTC_Terminate            10017dbe f   LIBCMT:initsect.obj
 0001:00016dde       __lock                     10017dde f   LIBCMT:mlock.obj
 0001:00016e12       __lockerr_exit             10017e12 f   LIBCMT:mlock.obj
 0001:00016e32       __mtdeletelocks            10017e32 f   LIBCMT:mlock.obj
 0001:00016e86       __mtinitlocknum            10017e86 f   LIBCMT:mlock.obj
 0001:00016f2f       __mtinitlocks              10017f2f f   LIBCMT:mlock.obj
 0001:00016f68       __unlock                   10017f68 f   LIBCMT:mlock.obj
 0001:00016f80       __FindPESection            10017f80 f   LIBCMT:pesect.obj
 0001:00016fd0       __IsNonwritableInCurrentImage 10017fd0 f   LIBCMT:pesect.obj
 0001:00017090       __ValidateImageBase        10018090 f   LIBCMT:pesect.obj
 0001:000170c1       ___onexitinit              100180c1 f   LIBCMT:onexit.obj
 0001:000170f0       __onexit                   100180f0 f   LIBCMT:onexit.obj
 0001:000171ec       _atexit                    100181ec f   LIBCMT:onexit.obj
 0001:00017201       __calloc_crt               10018201 f   LIBCMT:crtheap.obj
 0001:00017249       __malloc_crt               10018249 f   LIBCMT:crtheap.obj
 0001:00017290       __realloc_crt              10018290 f   LIBCMT:crtheap.obj
 0001:000172da       __recalloc_crt             100182da f   LIBCMT:crtheap.obj
 0001:00017328       __set_malloc_crt_max_wait  10018328 f   LIBCMT:crtheap.obj
 0001:0001733b       _wait_a_bit                1001833b f i LIBCMT:crtheap.obj
 0001:0001735f       ?_inconsistency@@YAXXZ     1001835f f   LIBCMT:hooks.obj
 0001:00017397       ?terminate@@YAXXZ          10018397 f   LIBCMT:hooks.obj
 0001:000173cb       ?unexpected@@YAXXZ         100183cb f   LIBCMT:hooks.obj
 0001:000173de       __initp_eh_hooks           100183de f   LIBCMT:hooks.obj
 0001:000173ef       ___getlocaleinfo           100183ef f   LIBCMT:inithelp.obj
 0001:000175c8       __initp_misc_purevirt      100185c8 f   LIBCMT:inithelp.obj
 0001:000175d5       ___fpecode                 100185d5 f   LIBCMT:winsig.obj
 0001:000175de       ___get_sigabrt             100185de f   LIBCMT:winsig.obj
 0001:000175eb       ___pxcptinfoptrs           100185eb f   LIBCMT:winsig.obj
 0001:000175f4       __initp_misc_winsig        100185f4 f   LIBCMT:winsig.obj
 0001:000176b5       _raise                     100186b5 f   LIBCMT:winsig.obj
 0001:000178aa       _signal                    100188aa f   LIBCMT:winsig.obj
 0001:00017b01       __initp_misc_rand_s        10018b01 f   LIBCMT:rand_s.obj
 0001:00017b0e       _rand_s                    10018b0e f   LIBCMT:rand_s.obj
 0001:00017c14       ___initmbctable            10018c14 f   LIBCMT:mbctype.obj
 0001:00017ecb       ___updatetmbcinfo          10018ecb f   LIBCMT:mbctype.obj
 0001:00017f71       __getmbcp                  10018f71 f   LIBCMT:mbctype.obj
 0001:00017fa2       __setmbcp                  10018fa2 f   LIBCMT:mbctype.obj
 0001:0001814a       __setmbcp_nolock           1001914a f   LIBCMT:mbctype.obj
 0001:00018335       __fcloseall                10019335 f   LIBCMT:closeall.obj
 0001:000183d2       __fflush_nolock            100193d2 f   LIBCMT:fflush.obj
 0001:00018418       __flush                    10019418 f   LIBCMT:fflush.obj
 0001:0001847c       __flushall                 1001947c f   LIBCMT:fflush.obj
 0001:00018485       _fflush                    10019485 f   LIBCMT:fflush.obj
 0001:000185c2       __fileno                   100195c2 f   LIBCMT:fileno.obj
 0001:000185e6       __close                    100195e6 f   LIBCMT:close.obj
 0001:000186c1       __close_nolock             100196c1 f   LIBCMT:close.obj
 0001:0001875b       __freebuf                  1001975b f   LIBCMT:_freebuf.obj
 0001:0001878b       __getstream                1001978b f   LIBCMT:stream.obj
 0001:000188aa       __openfile                 100198aa f   LIBCMT:_open.obj
 0001:00018b30       __local_unwind4            10019b30 f   LIBCMT:exsup4.obj
 0001:00018c06       __seh_longjmp_unwind4@4    10019c06 f   LIBCMT:exsup4.obj
 0001:00018c22       @_EH4_CallFilterFunc@8     10019c22 f   LIBCMT:exsup4.obj
 0001:00018c39       @_EH4_TransferToHandler@8  10019c39 f   LIBCMT:exsup4.obj
 0001:00018c52       @_EH4_GlobalUnwind2@8      10019c52 f   LIBCMT:exsup4.obj
 0001:00018c6b       @_EH4_LocalUnwind@16       10019c6b f   LIBCMT:exsup4.obj
 0001:00018c82       __vfprintf_l               10019c82 f   LIBCMT:vfprintf.obj
 0001:00018ca0       __vfprintf_p               10019ca0 f   LIBCMT:vfprintf.obj
 0001:00018cbd       __vfprintf_p_l             10019cbd f   LIBCMT:vfprintf.obj
 0001:00018cdb       __vfprintf_s_l             10019cdb f   LIBCMT:vfprintf.obj
 0001:00018cf9       _vfprintf                  10019cf9 f   LIBCMT:vfprintf.obj
 0001:00018d16       _vfprintf_helper           10019d16 f   LIBCMT:vfprintf.obj
 0001:00018e27       _vfprintf_s                10019e27 f   LIBCMT:vfprintf.obj
 0001:00018e44       __ioinit                   10019e44 f   LIBCMT:ioinit.obj
 0001:000190f8       __ioterm                   1001a0f8 f   LIBCMT:ioinit.obj
 0001:0001914a       __filbuf                   1001a14a f   LIBCMT:_filbuf.obj
 0001:0001926b       _memcpy_s                  1001a26b f   LIBCMT:memcpy_s.obj
 0001:000192ea       __read                     1001a2ea f   LIBCMT:read.obj
 0001:000193fe       __read_nolock              1001a3fe f   LIBCMT:read.obj
 0001:00019b8f       __flsbuf                   1001ab8f f   LIBCMT:_flsbuf.obj
 0001:00019cde       __write                    1001acde f   LIBCMT:write.obj
 0001:00019dcd       __write_nolock             1001adcd f   LIBCMT:write.obj
 0001:0001a632       __wremove                  1001b632 f   LIBCMT:wunlink.obj
 0001:0001a660       __wunlink                  1001b660 f   LIBCMT:wunlink.obj
 0001:0001a669       __lseek                    1001b669 f   LIBCMT:lseek.obj
 0001:0001a758       __lseek_nolock             1001b758 f   LIBCMT:lseek.obj
 0001:0001a7ff       __vscprintf                1001b7ff f   LIBCMT:vsprintf.obj
 0001:0001a819       __vscprintf_helper         1001b819 f   LIBCMT:vsprintf.obj
 0001:0001a875       __vscprintf_l              1001b875 f   LIBCMT:vsprintf.obj
 0001:0001a890       __vscprintf_p              1001b890 f   LIBCMT:vsprintf.obj
 0001:0001a8aa       __vscprintf_p_l            1001b8aa f   LIBCMT:vsprintf.obj
 0001:0001a8c5       __vsprintf_l               1001b8c5 f   LIBCMT:vsprintf.obj
 0001:0001a949       _vsprintf                  1001b949 f   LIBCMT:vsprintf.obj
 0001:0001a961       __vsnprintf_c              1001b961 f   LIBCMT:vsnprnc.obj
 0001:0001a988       __vsnprintf_c_l            1001b988 f   LIBCMT:vsnprnc.obj
 0001:0001a9b0       __vsnprintf_helper         1001b9b0 f   LIBCMT:vsnprnc.obj
 0001:0001aa7a       __vsnprintf_s              1001ba7a f   LIBCMT:vsnprnc.obj
 0001:0001aa98       __vsnprintf_s_l            1001ba98 f   LIBCMT:vsnprnc.obj
 0001:0001ab98       __vsprintf_p               1001bb98 f   LIBCMT:vsnprnc.obj
 0001:0001abbf       __vsprintf_p_l             1001bbbf f   LIBCMT:vsnprnc.obj
 0001:0001abe7       __vsprintf_s_l             1001bbe7 f   LIBCMT:vsnprnc.obj
 0001:0001ac5c       _vsprintf_s                1001bc5c f   LIBCMT:vsnprnc.obj
 0001:0001ac77       __chgsign                  1001bc77 f   LIBCMT:ieeemisc.obj
 0001:0001aca4       __chgsignf                 1001bca4 f   LIBCMT:ieeemisc.obj
 0001:0001acc5       __copysign                 1001bcc5 f   LIBCMT:ieeemisc.obj
 0001:0001aced       __copysignf                1001bced f   LIBCMT:ieeemisc.obj
 0001:0001ad09       __finite                   1001bd09 f   LIBCMT:ieeemisc.obj
 0001:0001ad21       __fpclass                  1001bd21 f   LIBCMT:ieeemisc.obj
 0001:0001adbd       __isnan                    1001bdbd f   LIBCMT:ieeemisc.obj
 0001:0001adf0       __logb                     1001bdf0 f   LIBCMT:ieeemisc.obj
 0001:0001aed1       __nextafter                1001bed1 f   LIBCMT:ieeemisc.obj
 0001:0001b171       __scalb                    1001c171 f   LIBCMT:ieeemisc.obj
 0001:0001b189       __add_exp                  1001c189 f   LIBCMT:util.obj
 0001:0001b1b8       __decomp                   1001c1b8 f   LIBCMT:util.obj
 0001:0001b28a       __get_exp                  1001c28a f   LIBCMT:util.obj
 0001:0001b2a3       __set_bexp                 1001c2a3 f   LIBCMT:util.obj
 0001:0001b2cc       __set_exp                  1001c2cc f   LIBCMT:util.obj
 0001:0001b2fb       __sptype                   1001c2fb f   LIBCMT:util.obj
 0001:0001b356       ___clrfp_sse2              1001c356 f   LIBCMT:fpctrl.obj
 0001:0001b377       ___ctrlfp_sse2             1001c377 f   LIBCMT:fpctrl.obj
 0001:0001b3b0       ___fclrf_sse2              1001c3b0 f   LIBCMT:fpctrl.obj
 0001:0001b3cd       ___get_fpsr_sse2           1001c3cd f   LIBCMT:fpctrl.obj
 0001:0001b3e9       ___set_fpsr_sse2           1001c3e9 f   LIBCMT:fpctrl.obj
 0001:0001b45f       ___set_statfp_sse2         1001c45f f   LIBCMT:fpctrl.obj
 0001:0001b478       ___statfp_sse2             1001c478 f   LIBCMT:fpctrl.obj
 0001:0001b48d       __clrfp                    1001c48d f   LIBCMT:fpctrl.obj
 0001:0001b49e       __ctrlfp                   1001c49e f   LIBCMT:fpctrl.obj
 0001:0001b4c9       __set_statfp               1001c4c9 f   LIBCMT:fpctrl.obj
 0001:0001b521       __statfp                   1001c521 f   LIBCMT:fpctrl.obj
 0001:0001b531       _wcscat_s                  1001c531 f   LIBCMT:wcscat_s.obj
 0001:0001b59d       _wcscpy_s                  1001c59d f   LIBCMT:wcscpy_s.obj
 0001:0001b5f9       _wcslen                    1001c5f9 f   LIBCMT:wcslen.obj
 0001:0001b612       _wcsncat_s                 1001c612 f   LIBCMT:wcsncat_s.obj
 0001:0001b6e0       __set_abort_behavior       1001c6e0 f   LIBCMT:abort.obj
 0001:0001b6ff       _abort                     1001c6ff f   LIBCMT:abort.obj
 0001:0001b742       ___set_app_type            1001c742 f   LIBCMT:errmode.obj
 0001:0001b74f       __set_error_mode           1001c74f f   LIBCMT:errmode.obj
 0001:0001b8ab       __i64tow_s                 1001c8ab f   LIBCMT:xtows.obj
 0001:0001b8dc       __itow_s                   1001c8dc f   LIBCMT:xtows.obj
 0001:0001b905       __ltow_s                   1001c905 f   LIBCMT:xtows.obj
 0001:0001b92f       __ui64tow_s                1001c92f f   LIBCMT:xtows.obj
 0001:0001b94a       __ultow_s                  1001c94a f   LIBCMT:xtows.obj
 0001:0001ba55       _setvbuf                   1001ca55 f   LIBCMT:setvbuf.obj
 0001:0001bb5b       __fwprintf_l               1001cb5b f   LIBCMT:fwprintf.obj
 0001:0001bb75       __fwprintf_p               1001cb75 f   LIBCMT:fwprintf.obj
 0001:0001bb8e       __fwprintf_p_l             1001cb8e f   LIBCMT:fwprintf.obj
 0001:0001bba8       __fwprintf_s_l             1001cba8 f   LIBCMT:fwprintf.obj
 0001:0001bbc2       _fwprintf                  1001cbc2 f   LIBCMT:fwprintf.obj
 0001:0001bc56       _fwprintf_s                1001cc56 f   LIBCMT:fwprintf.obj
 0001:0001bc6f       __vsnwprintf_s             1001cc6f f   LIBCMT:vswprnc.obj
 0001:0001bc8d       __vsnwprintf_s_l           1001cc8d f   LIBCMT:vswprnc.obj
 0001:0001bd91       __vswprintf_c              1001cd91 f   LIBCMT:vswprnc.obj
 0001:0001bdb8       __vswprintf_c_l            1001cdb8 f   LIBCMT:vswprnc.obj
 0001:0001bde0       __vswprintf_helper         1001cde0 f   LIBCMT:vswprnc.obj
 0001:0001bedb       __vswprintf_p              1001cedb f   LIBCMT:vswprnc.obj
 0001:0001bf02       __vswprintf_p_l            1001cf02 f   LIBCMT:vswprnc.obj
 0001:0001bf2a       __vswprintf_s_l            1001cf2a f   LIBCMT:vswprnc.obj
 0001:0001bfa1       _vswprintf_s               1001cfa1 f   LIBCMT:vswprnc.obj
 0001:0001bfbc       ___crtMessageBoxW          1001cfbc f   LIBCMT:crtmboxw.obj
 0001:0001c1a2       ___crtMessageBoxWaitThreadW@4 1001d1a2 f   LIBCMT:crtmboxw.obj
 0001:0001c1c0       __XcptFilter               1001d1c0 f   LIBCMT:winxfltr.obj
 0001:0001c31b       ___CppXcptFilter           1001d31b f   LIBCMT:winxfltr.obj
 0001:0001c36d       ___get_flsindex            1001d36d f   LIBCMT:tidtable.obj
 0001:0001c373       ___threadhandle            1001d373 f   LIBCMT:tidtable.obj
 0001:0001c379       ___threadid                1001d379 f   LIBCMT:tidtable.obj
 0001:0001c37f       __freefls@4                1001d37f f   LIBCMT:tidtable.obj
 0001:0001c4b4       __freeptd                  1001d4b4 f   LIBCMT:tidtable.obj
 0001:0001c4ea       __getptd                   1001d4ea f   LIBCMT:tidtable.obj
 0001:0001c502       __getptd_noexit            1001d502 f   LIBCMT:tidtable.obj
 0001:0001c571       __initptd                  1001d571 f   LIBCMT:tidtable.obj
 0001:0001c624       __mtinit                   1001d624 f   LIBCMT:tidtable.obj
 0001:0001c69a       __mtterm                   1001d69a f   LIBCMT:tidtable.obj
 0001:0001c6b7       __set_pgmptr               1001d6b7 f i LIBCMT:stdargv.obj
 0001:0001c6c4       __setargv                  1001d6c4 f   LIBCMT:stdargv.obj
 0001:0001c8f3       __setenvp                  1001d8f3 f   LIBCMT:stdenvp.obj
 0001:0001c9d4       ___security_init_cookie    1001d9d4 f   LIBCMT:gs_support.obj
 0001:0001ca70       ___crtGetEnvironmentStringsA 1001da70 f   LIBCMT:a_env.obj
 0001:0001cb00       _strlen                    1001db00 f   LIBCMT:strlen.obj
 0001:0001cb8b       _wcsncpy_s                 1001db8b f   LIBCMT:wcsncpy_s.obj
 0001:0001cc49       __output_s_l               1001dc49 f   LIBCMT:outputs.obj
 0001:0001d8d1       __output_p_l               1001e8d1 f   LIBCMT:outputp.obj
 0001:0001ec09       __validate_param_reuseA    1001fc09 f   LIBCMT:outputp.obj
 0001:0001ed3f       _get_crtdouble_arg         1001fd3f f i LIBCMT:outputp.obj
 0001:0001ee3e       __isatty                   1001fe3e f   LIBCMT:isatty.obj
 0001:0001ee92       ___addlocaleref            1001fe92 f   LIBCMT:localref.obj
 0001:0001ef27       ___freetlocinfo            1001ff27 f   LIBCMT:localref.obj
 0001:0001f081       ___removelocaleref         10020081 f   LIBCMT:localref.obj
 0001:0001f121       ___updatetlocinfo          10020121 f   LIBCMT:localref.obj
 0001:0001f1a1       __updatetlocinfoEx_nolock  100201a1 f   LIBCMT:localref.obj
 0001:0001f1ec       ___iswcsym                 100201ec f i LIBCMT:_wctype.obj
 0001:0001f210       ___iswcsymf                10020210 f i LIBCMT:_wctype.obj
 0001:0001f234       __isleadbyte_l             10020234 f i LIBCMT:_wctype.obj
 0001:0001f26e       __iswalnum_l               1002026e f i LIBCMT:_wctype.obj
 0001:0001f282       __iswalpha_l               10020282 f i LIBCMT:_wctype.obj
 0001:0001f296       __iswblank_l               10020296 f i LIBCMT:_wctype.obj
 0001:0001f2b1       __iswcntrl_l               100202b1 f i LIBCMT:_wctype.obj
 0001:0001f2c2       __iswcsym_l                100202c2 f i LIBCMT:_wctype.obj
 0001:0001f2e6       __iswcsymf_l               100202e6 f i LIBCMT:_wctype.obj
 0001:0001f30a       __iswdigit_l               1002030a f i LIBCMT:_wctype.obj
 0001:0001f31b       __iswgraph_l               1002031b f i LIBCMT:_wctype.obj
 0001:0001f32f       __iswlower_l               1002032f f i LIBCMT:_wctype.obj
 0001:0001f340       __iswprint_l               10020340 f i LIBCMT:_wctype.obj
 0001:0001f354       __iswpunct_l               10020354 f i LIBCMT:_wctype.obj
 0001:0001f365       __iswspace_l               10020365 f i LIBCMT:_wctype.obj
 0001:0001f376       __iswupper_l               10020376 f i LIBCMT:_wctype.obj
 0001:0001f387       __iswxdigit_l              10020387 f i LIBCMT:_wctype.obj
 0001:0001f39b       _isleadbyte                1002039b f i LIBCMT:_wctype.obj
 0001:0001f3ac       _iswalnum                  100203ac f i LIBCMT:_wctype.obj
 0001:0001f3c0       _iswalpha                  100203c0 f i LIBCMT:_wctype.obj
 0001:0001f3d4       _iswascii                  100203d4 f i LIBCMT:_wctype.obj
 0001:0001f3e6       _iswblank                  100203e6 f i LIBCMT:_wctype.obj
 0001:0001f401       _iswcntrl                  10020401 f i LIBCMT:_wctype.obj
 0001:0001f412       _iswdigit                  10020412 f i LIBCMT:_wctype.obj
 0001:0001f423       _iswgraph                  10020423 f i LIBCMT:_wctype.obj
 0001:0001f437       _iswlower                  10020437 f i LIBCMT:_wctype.obj
 0001:0001f448       _iswprint                  10020448 f i LIBCMT:_wctype.obj
 0001:0001f45c       _iswpunct                  1002045c f i LIBCMT:_wctype.obj
 0001:0001f46d       _iswspace                  1002046d f i LIBCMT:_wctype.obj
 0001:0001f47e       _iswupper                  1002047e f i LIBCMT:_wctype.obj
 0001:0001f48f       _iswxdigit                 1002048f f i LIBCMT:_wctype.obj
 0001:0001f4a3       __wctomb_l                 100204a3 f   LIBCMT:wctomb.obj
 0001:0001f4f2       __wctomb_s_l               100204f2 f   LIBCMT:wctomb.obj
 0001:0001f616       _wctomb                    10020616 f   LIBCMT:wctomb.obj
 0001:0001f649       _wctomb_s                  10020649 f   LIBCMT:wctomb.obj
 0001:0001f670       __aulldvrm                 10020670 f   LIBCMT:ulldvrm.obj
 0001:0001f705       ___isascii                 10020705 f i LIBCMT:_ctype.obj
 0001:0001f715       ___iscsym                  10020715 f i LIBCMT:_ctype.obj
 0001:0001f735       ___iscsymf                 10020735 f i LIBCMT:_ctype.obj
 0001:0001f752       ___toascii                 10020752 f i LIBCMT:_ctype.obj
 0001:0001f75d       __isalnum_l                1002075d f i LIBCMT:_ctype.obj
 0001:0001f7b5       __isalpha_l                100207b5 f i LIBCMT:_ctype.obj
 0001:0001f80d       __isblank_l                1002080d f i LIBCMT:_ctype.obj
 0001:0001f867       __iscntrl_l                10020867 f i LIBCMT:_ctype.obj
 0001:0001f8b9       __iscsym_l                 100208b9 f i LIBCMT:_ctype.obj
 0001:0001f8da       __iscsymf_l                100208da f i LIBCMT:_ctype.obj
 0001:0001f8fb       __isdigit_l                100208fb f i LIBCMT:_ctype.obj
 0001:0001f94d       __isgraph_l                1002094d f i LIBCMT:_ctype.obj
 0001:0001f9a5       __islower_l                100209a5 f i LIBCMT:_ctype.obj
 0001:0001f9f7       __isprint_l                100209f7 f i LIBCMT:_ctype.obj
 0001:0001fa4f       __ispunct_l                10020a4f f i LIBCMT:_ctype.obj
 0001:0001faa1       __isspace_l                10020aa1 f i LIBCMT:_ctype.obj
 0001:0001faf3       __isupper_l                10020af3 f i LIBCMT:_ctype.obj
 0001:0001fb45       __isxdigit_l               10020b45 f i LIBCMT:_ctype.obj
 0001:0001fb9d       _isalnum                   10020b9d f i LIBCMT:_ctype.obj
 0001:0001fbca       _isalpha                   10020bca f i LIBCMT:_ctype.obj
 0001:0001fbf7       _isblank                   10020bf7 f i LIBCMT:_ctype.obj
 0001:0001fc2c       _iscntrl                   10020c2c f i LIBCMT:_ctype.obj
 0001:0001fc57       _isdigit                   10020c57 f i LIBCMT:_ctype.obj
 0001:0001fc82       _isgraph                   10020c82 f i LIBCMT:_ctype.obj
 0001:0001fcaf       _islower                   10020caf f i LIBCMT:_ctype.obj
 0001:0001fcda       _isprint                   10020cda f i LIBCMT:_ctype.obj
 0001:0001fd07       _ispunct                   10020d07 f i LIBCMT:_ctype.obj
 0001:0001fd32       _isspace                   10020d32 f i LIBCMT:_ctype.obj
 0001:0001fd5d       _isupper                   10020d5d f i LIBCMT:_ctype.obj
 0001:0001fd88       _isxdigit                  10020d88 f i LIBCMT:_ctype.obj
 0001:0001fdb5       __tolower                  10020db5 f   LIBCMT:tolower.obj
 0001:0001fdc0       __tolower_l                10020dc0 f   LIBCMT:tolower.obj
 0001:0001ff03       _tolower                   10020f03 f   LIBCMT:tolower.obj
 0001:0001ff2f       _strcpy_s                  10020f2f f   LIBCMT:strcpy_s.obj
 0001:0001ff90       _strrchr                   10020f90 f   LIBCMT:strrchr.obj
 0001:000200c7       __fptostr                  100210c7 f   LIBCMT:_fptostr.obj
 0001:00020177       ___crt_atoflt_l            10021177 f   LIBCMT:atodbl.obj
 0001:0002021b       __atodbl                   1002121b f   LIBCMT:atodbl.obj
 0001:00020230       __atodbl_l                 10021230 f   LIBCMT:atodbl.obj
 0001:000202be       __atoflt                   100212be f   LIBCMT:atodbl.obj
 0001:000202d3       __atoflt_l                 100212d3 f   LIBCMT:atodbl.obj
 0001:000202eb       __atoldbl                  100212eb f   LIBCMT:atodbl.obj
 0001:00020300       __atoldbl_l                10021300 f   LIBCMT:atodbl.obj
 0001:0002038f       ___dtold                   1002138f f   LIBCMT:cfout.obj
 0001:00020457       __fltout2                  10021457 f   LIBCMT:cfout.obj
 0001:000204f0       __alldvrm                  100214f0 f   LIBCMT:lldvrm.obj
 0001:000205d0       __aullshr                  100215d0 f   LIBCMT:ullshr.obj
 0001:000205ef       __get_output_format        100215ef f   LIBCMT:outputformat.obj
 0001:000205f5       __set_output_format        100215f5 f   LIBCMT:outputformat.obj
 0001:00020627       __controlfp_s              10021627 f   LIBCMT:contrlfp.obj
 0001:00020684       __fptrap                   10021684 f   LIBCMT:crt0fp.obj
 0001:0002068d       __matherr                  1002168d f   LIBCMT:matherr.obj
 0001:00020690       __msize                    10021690 f   LIBCMT:msize.obj
 0001:000206c1       __recalloc                 100216c1 f   LIBCMT:recalloc.obj
 0001:0002072a       _strncpy_s                 1002172a f   LIBCMT:strncpy_s.obj
 0001:000208b2       __MallocaIsSizeInRange     100218b2 f i LIBCMT:a_loc.obj
 0001:000208c3       __MarkAllocaS              100218c3 f i LIBCMT:a_loc.obj
 0001:000208d7       ___crtGetLocaleInfoA       100218d7 f   LIBCMT:a_loc.obj
 0001:00020911       __freea                    10021911 f i LIBCMT:a_loc.obj
 0001:0002092f       _GetTableIndexFromLcid     1002192f f   LIBCMT:winapinls.obj
 0001:00020964       _GetTableIndexFromLocaleName 10021964 f   LIBCMT:winapinls.obj
 0001:000209b2       ___crtCompareStringEx      100219b2 f   LIBCMT:winapinls.obj
 0001:000209fe       ___crtDownlevelLCIDToLocaleName 100219fe f   LIBCMT:winapinls.obj
 0001:00020a7a       ___crtDownlevelLocaleNameToLCID 10021a7a f   LIBCMT:winapinls.obj
 0001:00020ab8       ___crtEnumSystemLocalesEx  10021ab8 f   LIBCMT:winapinls.obj
 0001:00020af5       ___crtGetDateFormatEx      10021af5 f   LIBCMT:winapinls.obj
 0001:00020b3e       ___crtGetLocaleInfoEx      10021b3e f   LIBCMT:winapinls.obj
 0001:00020b6d       ___crtGetTimeFormatEx      10021b6d f   LIBCMT:winapinls.obj
 0001:00020ba2       ___crtGetUserDefaultLocaleName 10021ba2 f   LIBCMT:winapinls.obj
 0001:00020bcd       ___crtIsValidLocaleName    10021bcd f   LIBCMT:winapinls.obj
 0001:00020bf8       ___crtLCMapStringEx        10021bf8 f   LIBCMT:winapinls.obj
 0001:00020c44       ___wcsnicmp_ascii          10021c44 f   LIBCMT:winapinls.obj
 0001:00020ed6       ___crtLCMapStringA         10021ed6 f   LIBCMT:a_map.obj
 0001:00021014       ___crtGetStringTypeA       10022014 f   LIBCMT:a_str.obj
 0001:00021054       __commit                   10022054 f   LIBCMT:commit.obj
 0001:0002113d       ___lock_fhandle            1002213d f   LIBCMT:osfinfo.obj
 0001:000211cb       __alloc_osfhnd             100221cb f   LIBCMT:osfinfo.obj
 0001:00021374       __free_osfhnd              10022374 f   LIBCMT:osfinfo.obj
 0001:000213fa       __get_osfhandle            100223fa f   LIBCMT:osfinfo.obj
 0001:00021461       __open_osfhandle           10022461 f   LIBCMT:osfinfo.obj
 0001:00021577       __set_osfhnd               10022577 f   LIBCMT:osfinfo.obj
 0001:000215f9       __unlock_fhandle           100225f9 f   LIBCMT:osfinfo.obj
 0001:0002161f       __open                     1002261f f   LIBCMT:open.obj
 0001:000216cf       __sopen                    100226cf f   LIBCMT:open.obj
 0001:00021702       __sopen_helper             10022702 f   LIBCMT:open.obj
 0001:000217cb       __sopen_nolock             100227cb f   LIBCMT:open.obj
 0001:00021819       __sopen_s                  10022819 f   LIBCMT:open.obj
 0001:00021837       __mbsnbcmp                 10022837 f   LIBCMT:mbsnbcmp.obj
 0001:0002184f       __mbsnbcmp_l               1002284f f   LIBCMT:mbsnbcmp.obj
 0001:00021966       __mbsnbicmp                10022966 f   LIBCMT:mbsnbicm.obj
 0001:0002197e       __mbsnbicmp_l              1002297e f   LIBCMT:mbsnbicm.obj
 0001:00021b40       __global_unwind2           10022b40 f   LIBCMT:exsup.obj
 0001:00021ba5       __local_unwind2            10022ba5 f   LIBCMT:exsup.obj
 0001:00021c29       __abnormal_termination     10022c29 f   LIBCMT:exsup.obj
 0001:00021c4c       __NLG_Notify1              10022c4c f   LIBCMT:exsup.obj
 0001:00021c55       __NLG_Notify               10022c55 f   LIBCMT:exsup.obj
 0001:00021c6c       __NLG_Dispatch             10022c6c     LIBCMT:exsup.obj
 0001:00021c6c       __NLG_Dispatch2            10022c6c     LIBCMT:exsup.obj
 0001:00021c74       __NLG_Call                 10022c74 f   LIBCMT:exsup.obj
 0001:00021c76       __NLG_Return2              10022c76     LIBCMT:exsup.obj
 0001:00021c77       __getbuf                   10022c77 f   LIBCMT:_getbuf.obj
 0001:00021cbd       __lseeki64                 10022cbd f   LIBCMT:lseeki64.obj
 0001:00021db9       __lseeki64_nolock          10022db9 f   LIBCMT:lseeki64.obj
 0001:00021e2c       __mbtowc_l                 10022e2c f   LIBCMT:mbtowc.obj
 0001:00021f21       _mbtowc                    10022f21 f   LIBCMT:mbtowc.obj
 0001:00021f39       __putwch                   10022f39 f   LIBCMT:putwch.obj
 0001:00021f85       __putwch_nolock            10022f85 f   LIBCMT:putwch.obj
 0001:00021fd0       __chkstk                   10022fd0 f   LIBCMT:chkstk.obj
 0001:00021fd0       __alloca_probe             10022fd0 f   LIBCMT:chkstk.obj
 0001:00021ffb       __vfwprintf_l              10022ffb f   LIBCMT:vfwprint.obj
 0001:00022019       __vfwprintf_p              10023019 f   LIBCMT:vfwprint.obj
 0001:00022036       __vfwprintf_p_l            10023036 f   LIBCMT:vfwprint.obj
 0001:00022054       __vfwprintf_s_l            10023054 f   LIBCMT:vfwprint.obj
 0001:00022072       _vfwprintf                 10023072 f   LIBCMT:vfwprint.obj
 0001:0002208f       _vfwprintf_helper          1002308f f   LIBCMT:vfwprint.obj
 0001:00022122       _vfwprintf_s               10023122 f   LIBCMT:vfwprint.obj
 0001:0002213f       __woutput_l                1002313f f   LIBCMT:woutput.obj
 0001:00022e1e       __woutput_s_l              10023e1e f   LIBCMT:woutputs.obj
 0001:00023b35       __validate_param_reuseW    10024b35 f   LIBCMT:woutputp.obj
 0001:00023cad       __woutput_p_l              10024cad f   LIBCMT:woutputp.obj
 0001:000250d6       __ismbbalnum               100260d6 f   LIBCMT:ismbbyte.obj
 0001:000250ef       __ismbbalnum_l             100260ef f   LIBCMT:ismbbyte.obj
 0001:00025109       __ismbbalpha               10026109 f   LIBCMT:ismbbyte.obj
 0001:00025122       __ismbbalpha_l             10026122 f   LIBCMT:ismbbyte.obj
 0001:0002513c       __ismbbblank               1002613c f   LIBCMT:ismbbyte.obj
 0001:0002515d       __ismbbblank_l             1002615d f   LIBCMT:ismbbyte.obj
 0001:0002517f       __ismbbgraph               1002617f f   LIBCMT:ismbbyte.obj
 0001:00025198       __ismbbgraph_l             10026198 f   LIBCMT:ismbbyte.obj
 0001:000251b2       __ismbbkalnum              100261b2 f   LIBCMT:ismbbyte.obj
 0001:000251c8       __ismbbkalnum_l            100261c8 f   LIBCMT:ismbbyte.obj
 0001:000251df       __ismbbkana                100261df f   LIBCMT:ismbbyte.obj
 0001:000251f0       __ismbbkana_l              100261f0 f   LIBCMT:ismbbyte.obj
 0001:0002523c       __ismbbkprint              1002623c f   LIBCMT:ismbbyte.obj
 0001:00025252       __ismbbkprint_l            10026252 f   LIBCMT:ismbbyte.obj
 0001:00025269       __ismbbkpunct              10026269 f   LIBCMT:ismbbyte.obj
 0001:0002527f       __ismbbkpunct_l            1002627f f   LIBCMT:ismbbyte.obj
 0001:00025296       __ismbblead                10026296 f   LIBCMT:ismbbyte.obj
 0001:000252ac       __ismbblead_l              100262ac f   LIBCMT:ismbbyte.obj
 0001:000252c3       __ismbbprint               100262c3 f   LIBCMT:ismbbyte.obj
 0001:000252dc       __ismbbprint_l             100262dc f   LIBCMT:ismbbyte.obj
 0001:000252f6       __ismbbpunct               100262f6 f   LIBCMT:ismbbyte.obj
 0001:0002530c       __ismbbpunct_l             1002630c f   LIBCMT:ismbbyte.obj
 0001:00025323       __ismbbtrail               10026323 f   LIBCMT:ismbbyte.obj
 0001:00025339       __ismbbtrail_l             10026339 f   LIBCMT:ismbbyte.obj
 0001:00025576       __strtol_l                 10026576 f   LIBCMT:strtol.obj
 0001:00025591       __strtoul_l                10026591 f   LIBCMT:strtol.obj
 0001:000255ac       _strtol                    100265ac f   LIBCMT:strtol.obj
 0001:000255d6       _strtoul                   100265d6 f   LIBCMT:strtol.obj
 0001:00025600       ___free_lconv_mon          10026600 f   LIBCMT:initmon.obj
 0001:000256fc       ___init_monetary           100266fc f   LIBCMT:initmon.obj
 0001:00025ad5       ___free_lconv_num          10026ad5 f   LIBCMT:initnum.obj
 0001:00025b3c       ___init_numeric            10026b3c f   LIBCMT:initnum.obj
 0001:00025d7a       ___free_lc_time            10026d7a f   LIBCMT:inittime.obj
 0001:000260fa       ___init_time               100270fa f   LIBCMT:inittime.obj
 0001:00026969       _localeconv                10027969 f   LIBCMT:lconv.obj
 0001:0002698f       __iswctype_l               1002798f f   LIBCMT:iswctype.obj
 0001:000269a1       _is_wctype                 100279a1 f   LIBCMT:iswctype.obj
 0001:000269aa       _iswctype                  100279aa f   LIBCMT:iswctype.obj
 0001:00026a00       ____lc_codepage_func       10027a00 f   LIBCMT:initctyp.obj
 0001:00026a26       ____lc_collate_cp_func     10027a26 f   LIBCMT:initctyp.obj
 0001:00026a4c       ____lc_locale_name_func    10027a4c f   LIBCMT:initctyp.obj
 0001:00026a74       ____mb_cur_max_func        10027a74 f   LIBCMT:initctyp.obj
 0001:00026a9a       ____mb_cur_max_l_func      10027a9a f   LIBCMT:initctyp.obj
 0001:00026ab1       ___init_ctype              10027ab1 f   LIBCMT:initctyp.obj
 0001:00026e49       ___pctype_func             10027e49 f   LIBCMT:ctype.obj
 0001:00026e72       ___pwctype_func            10027e72 f   LIBCMT:ctype.obj
 0001:00026e78       __isctype                  10027e78 f   LIBCMT:isctype.obj
 0001:00026ea7       __isctype_l                10027ea7 f   LIBCMT:isctype.obj
 0001:00026f58       ___init_dummy              10027f58 f   LIBCMT:wsetloca.obj
 0001:00026f5b       __locterm                  10027f5b f   LIBCMT:wsetloca.obj
 0001:00026fad       ____setlc_active_func      10027fad f   LIBCMT:wsetloca.obj
 0001:00026fb3       ____unguarded_readlc_active_add_func 10027fb3 f   LIBCMT:wsetloca.obj
 0001:00026fb9       ___copy_locale_name        10027fb9 f   LIBCMT:wsetloca.obj
 0001:0002701d       ___create_locale           1002801d f   LIBCMT:wsetloca.obj
 0001:00027026       ___free_locale             10028026 f   LIBCMT:wsetloca.obj
 0001:0002702b       ___get_current_locale      1002802b f   LIBCMT:wsetloca.obj
 0001:00027030       ___lc_lctowcs              10028030 f   LIBCMT:wsetloca.obj
 0001:0002709e       ___lc_wcstolc              1002809e f   LIBCMT:wsetloca.obj
 0001:000271ca       __configthreadlocale       100281ca f   LIBCMT:wsetloca.obj
 0001:00027250       __create_locale            10028250 f   LIBCMT:wsetloca.obj
 0001:000272b2       __expandlocale             100282b2 f   LIBCMT:wsetloca.obj
 0001:000275a9       __free_locale              100285a9 f   LIBCMT:wsetloca.obj
 0001:00027660       __get_current_locale       10028660 f   LIBCMT:wsetloca.obj
 0001:0002770f       __wcreate_locale           1002870f f   LIBCMT:wsetloca.obj
 0001:000277e6       __wcscats                  100287e6 f   LIBCMT:wsetloca.obj
 0001:00027825       __wsetlocale               10028825 f   LIBCMT:wsetloca.obj
 0001:00028167       __CopyMan                  10029167 f i LIBCMT:intrncvt.obj
 0001:00028184       __FillZeroMan              10029184 f i LIBCMT:intrncvt.obj
 0001:00028193       __IncMan                   10029193 f i LIBCMT:intrncvt.obj
 0001:000281f5       __IsZeroMan                100291f5 f i LIBCMT:intrncvt.obj
 0001:00028212       __RoundMan                 10029212 f i LIBCMT:intrncvt.obj
 0001:00028313       __ShrMan                   10029313 f i LIBCMT:intrncvt.obj
 0001:000283a1       __ZeroTail                 100293a1 f i LIBCMT:intrncvt.obj
 0001:000283e9       ___addl                    100293e9 f i LIBCMT:intrncvt.obj
 0001:0002840d       __ld12cvt                  1002940d f i LIBCMT:intrncvt.obj
 0001:00028978       __ld12tod                  10029978 f   LIBCMT:intrncvt.obj
 0001:00028eea       __ld12tof                  10029eea f   LIBCMT:intrncvt.obj
 0001:0002945c       __ld12told                 1002a45c f   LIBCMT:intrncvt.obj
 0001:0002952b       ___STRINGTOLD_L            1002a52b f   LIBCMT:strgtold.obj
 0001:00029586       ___ld12mul                 1002a586 f i LIBCMT:strgtold.obj
 0001:00029852       ___multtenpow12            1002a852 f i LIBCMT:strgtold.obj
 0001:00029ba5       ___shl_12                  1002aba5 f i LIBCMT:strgtold.obj
 0001:00029bd6       ___shr_12                  1002abd6 f i LIBCMT:strgtold.obj
 0001:00029c06       ___strgtold12_l            1002ac06 f   LIBCMT:strgtold.obj
 0001:0002a3ae       _$I10_OUTPUT               1002b3ae f   LIBCMT:x10fout.obj
 0001:0002ad82       ___add_12                  1002bd82 f i LIBCMT:x10fout.obj
 0001:0002af2e       ___control87_2             1002bf2e f   LIBCMT:ieee87.obj
 0001:0002b5a2       __clearfp                  1002c5a2 f   LIBCMT:ieee87.obj
 0001:0002b682       __control87                1002c682 f i LIBCMT:ieee87.obj
 0001:0002b984       __controlfp                1002c984 f   LIBCMT:ieee87.obj
 0001:0002bc8f       __fpreset                  1002cc8f f   LIBCMT:ieee87.obj
 0001:0002bd5c       __set_controlfp            1002cd5c f   LIBCMT:ieee87.obj
 0001:0002bdcf       __statusfp                 1002cdcf f   LIBCMT:ieee87.obj
 0001:0002be69       __statusfp2                1002ce69 f   LIBCMT:ieee87.obj
 0001:0002bed0       __alloca_probe_16          1002ced0 f   LIBCMT:alloca16.obj
 0001:0002bee6       __alloca_probe_8           1002cee6     LIBCMT:alloca16.obj
 0001:0002befc       _wcsnlen                   1002cefc f   LIBCMT:wcslen_s.obj
 0001:0002bfa3       __wopen                    1002cfa3 f   LIBCMT:wopen.obj
 0001:0002c053       __wsopen                   1002d053 f   LIBCMT:wopen.obj
 0001:0002c086       __wsopen_helper            1002d086 f   LIBCMT:wopen.obj
 0001:0002c14f       __wsopen_nolock            1002d14f f   LIBCMT:wopen.obj
 0001:0002c8a2       __wsopen_s                 1002d8a2 f   LIBCMT:wopen.obj
 0001:0002c8c0       _strncmp                   1002d8c0 f   LIBCMT:strncmp.obj
 0001:0002c938       __strnicmp                 1002d938 f   LIBCMT:strnicmp.obj
 0001:0002c9a3       __strnicmp_l               1002d9a3 f   LIBCMT:strnicmp.obj
 0001:0002ca54       ___termconout              1002da54 f   LIBCMT:initcon.obj
 0001:0002ca6b       ___initconout              1002da6b f   LIBCMT:initcon.obj
 0001:0002ca8a       __fputwc_nolock            1002da8a f   LIBCMT:fputwc.obj
 0001:0002cc10       _fputwc                    1002dc10 f   LIBCMT:fputwc.obj
 0001:0002cc87       _putwc                     1002dc87 f   LIBCMT:fputwc.obj
 0001:0002ce71       __wcstol_l                 1002de71 f   LIBCMT:wcstol.obj
 0001:0002ce89       __wcstoul_l                1002de89 f   LIBCMT:wcstol.obj
 0001:0002cea1       _wcstol                    1002dea1 f   LIBCMT:wcstol.obj
 0001:0002ceb9       _wcstoul                   1002deb9 f   LIBCMT:wcstol.obj
 0001:0002ced1       ___init_collate            1002ded1 f   LIBCMT:initcoll.obj
 0001:0002cff1       _memcmp                    1002dff1 f   LIBCMT:memcmp.obj
 0001:0002ff05       _wcscmp                    10030f05 f   LIBCMT:wcscmp.obj
 0001:0002ff43       _wcscspn                   10030f43 f   LIBCMT:wcscspn.obj
 0001:0002ff8e       _wcsncmp                   10030f8e f   LIBCMT:wcsncmp.obj
 0001:0002ffc4       _wcspbrk                   10030fc4 f   LIBCMT:wcspbrk.obj
 0001:000305c8       ___get_qualified_locale    100315c8 f   LIBCMT:getqloc.obj
 0001:00030e38       ___get_qualified_locale_downlevel 10031e38 f   LIBCMT:getqloc_downlevel.obj
 0001:00031054       ___mtold12                 10032054 f   LIBCMT:mantold.obj
 0001:00031234       __chsize                   10032234 f   LIBCMT:chsize.obj
 0001:0003124e       __chsize_nolock            1003224e f   LIBCMT:chsize.obj
 0001:00031404       __chsize_s                 10032404 f   LIBCMT:chsize.obj
 0001:000314f2       __get_fmode                100324f2 f   LIBCMT:setmode.obj
 0001:0003151c       __set_fmode                1003251c f   LIBCMT:setmode.obj
 0001:00031557       __setmode                  10032557 f   LIBCMT:setmode.obj
 0001:0003165c       __setmode_nolock           1003265c f   LIBCMT:setmode.obj
 0001:00031730       ___ascii_strnicmp          10032730 f   LIBCMT:_strnicm.obj
 0001:00031791       __flswbuf                  10032791 f   LIBCMT:_flswbuf.obj
 0001:000318f3       __wchartodigit             100328f3 f   LIBCMT:wchtodig.obj
 0001:00031a92       __wtoi                     10032a92 f   LIBCMT:wtox.obj
 0001:00031a9b       __wtoi64                   10032a9b f   LIBCMT:wtox.obj
 0001:00031aaf       __wtoi64_l                 10032aaf f   LIBCMT:wtox.obj
 0001:00031ac6       __wtoi_l                   10032ac6 f   LIBCMT:wtox.obj
 0001:00031acf       __wtol                     10032acf f   LIBCMT:wtox.obj
 0001:00031ae3       __wtol_l                   10032ae3 f   LIBCMT:wtox.obj
 0001:00031afa       __wtoll                    10032afa f   LIBCMT:wtox.obj
 0001:00031b0e       __wtoll_l                  10032b0e f   LIBCMT:wtox.obj
 0001:00031b25       _wcschr                    10032b25 f   LIBCMT:wcschr.obj
 0001:00031bd3       __wcsicmp                  10032bd3 f   LIBCMT:wcsicmp.obj
 0001:00031c66       __wcsicmp_l                10032c66 f   LIBCMT:wcsicmp.obj
 0001:00031d41       __wcsnicmp                 10032d41 f   LIBCMT:wcsnicmp.obj
 0001:00031df7       __wcsnicmp_l               10032df7 f   LIBCMT:wcsnicmp.obj
 0001:000321c0       __wcstof_l                 100331c0 f   LIBCMT:wcstoq.obj
 0001:00032273       __wcstoi64                 10033273 f   LIBCMT:wcstoq.obj
 0001:0003229d       __wcstoi64_l               1003329d f   LIBCMT:wcstoq.obj
 0001:000322b8       __wcstoimax_l              100332b8 f   LIBCMT:wcstoq.obj
 0001:000322c1       __wcstold_l                100332c1 f   LIBCMT:wcstoq.obj
 0001:000322ca       __wcstoll_l                100332ca f   LIBCMT:wcstoq.obj
 0001:000322d3       __wcstoui64                100332d3 f   LIBCMT:wcstoq.obj
 0001:000322fd       __wcstoui64_l              100332fd f   LIBCMT:wcstoq.obj
 0001:00032318       __wcstoull_l               10033318 f   LIBCMT:wcstoq.obj
 0001:00032321       __wcstoumax_l              10033321 f   LIBCMT:wcstoq.obj
 0001:0003232a       _wcstof                    1003332a f   LIBCMT:wcstoq.obj
 0001:0003233f       _wcstoimax                 1003333f f   LIBCMT:wcstoq.obj
 0001:00032348       _wcstold                   10033348 f   LIBCMT:wcstoq.obj
 0001:00032351       _wcstoll                   10033351 f   LIBCMT:wcstoq.obj
 0001:0003235a       _wcstoull                  1003335a f   LIBCMT:wcstoq.obj
 0001:00032363       _wcstoumax                 10033363 f   LIBCMT:wcstoq.obj
 0001:0003236c       __towlower_l               1003336c f   LIBCMT:towlower.obj
 0001:0003241d       _towlower                  1003341d f   LIBCMT:towlower.obj
 0001:0003242e       __wcstod_l                 1003342e f   LIBCMT:wcstod.obj
 0001:00032529       _wcstod                    10033529 f   LIBCMT:wcstod.obj
 0001:00032540       __allmul                   10033540 f   LIBCMT:llmul.obj
 0001:00032574       ___crtLCMapStringW         10033574 f   LIBCMT:w_map.obj
 0001:000325a3       __wfltin2                  100335a3 f   LIBCMT:wcfin.obj
 0001:00032650       ___WSTRINGTOLD_L           10033650 f   LIBCMT:wstrgtold.obj
 0001:000326ab       ___wstrgtold12_l           100336ab f   LIBCMT:wstrgtold.obj
 0001:00032efc       _GetModuleHandleA@4        10033efc f   kernel32:KERNEL32.dll
 0001:00032f02       _GetProcAddress@8          10033f02 f   kernel32:KERNEL32.dll
 0001:00032f08       _HeapAlloc@12              10033f08 f   kernel32:KERNEL32.dll
 0001:00032f0e       _IsDebuggerPresent@0       10033f0e f   kernel32:KERNEL32.dll
 0001:00032f14       _IsProcessorFeaturePresent@4 10033f14 f   kernel32:KERNEL32.dll
 0001:00032f1a       _EncodePointer@4           10033f1a f   kernel32:KERNEL32.dll
 0001:00032f20       _DecodePointer@4           10033f20 f   kernel32:KERNEL32.dll
 0001:00032f26       _GetLastError@0            10033f26 f   kernel32:KERNEL32.dll
 0001:00032f2c       _ExitProcess@4             10033f2c f   kernel32:KERNEL32.dll
 0001:00032f32       _GetModuleHandleExW@12     10033f32 f   kernel32:KERNEL32.dll
 0001:00032f38       _AreFileApisANSI@0         10033f38 f   kernel32:KERNEL32.dll
 0001:00032f3e       _MultiByteToWideChar@24    10033f3e f   kernel32:KERNEL32.dll
 0001:00032f44       _WideCharToMultiByte@32    10033f44 f   kernel32:KERNEL32.dll
 0001:00032f4a       _HeapFree@12               10033f4a f   kernel32:KERNEL32.dll
 0001:00032f50       _HeapReAlloc@16            10033f50 f   kernel32:KERNEL32.dll
 0001:00032f56       _EnterCriticalSection@4    10033f56 f   kernel32:KERNEL32.dll
 0001:00032f5c       _LeaveCriticalSection@4    10033f5c f   kernel32:KERNEL32.dll
 0001:00032f62       _GetStdHandle@4            10033f62 f   kernel32:KERNEL32.dll
 0001:00032f68       _GetFileType@4             10033f68 f   kernel32:KERNEL32.dll
 0001:00032f6e       _GetModuleFileNameW@12     10033f6e f   kernel32:KERNEL32.dll
 0001:00032f74       _WriteConsoleW@20          10033f74 f   kernel32:KERNEL32.dll
 0001:00032f7a       _GetCommandLineA@0         10033f7a f   kernel32:KERNEL32.dll
 0001:00032f80       _GetCurrentThreadId@0      10033f80 f   kernel32:KERNEL32.dll
 0001:00032f86       _WriteFile@20              10033f86 f   kernel32:KERNEL32.dll
 0001:00032f8c       _GetProcessHeap@0          10033f8c f   kernel32:KERNEL32.dll
 0001:00032f92       _RaiseException@16         10033f92 f   kernel32:KERNEL32.dll
 0001:00032f98       _UnhandledExceptionFilter@4 10033f98 f   kernel32:KERNEL32.dll
 0001:00032f9e       _SetUnhandledExceptionFilter@4 10033f9e f   kernel32:KERNEL32.dll
 0001:00032fa4       _SetLastError@4            10033fa4 f   kernel32:KERNEL32.dll
 0001:00032faa       _InitializeCriticalSectionAndSpinCount@8 10033faa f   kernel32:KERNEL32.dll
 0001:00032fb0       _CreateEventW@16           10033fb0 f   kernel32:KERNEL32.dll
 0001:00032fb6       _Sleep@4                   10033fb6 f   kernel32:KERNEL32.dll
 0001:00032fbc       _GetCurrentProcess@0       10033fbc f   kernel32:KERNEL32.dll
 0001:00032fc2       _TerminateProcess@8        10033fc2 f   kernel32:KERNEL32.dll
 0001:00032fc8       _TlsAlloc@0                10033fc8 f   kernel32:KERNEL32.dll
 0001:00032fce       _TlsGetValue@4             10033fce f   kernel32:KERNEL32.dll
 0001:00032fd4       _TlsSetValue@8             10033fd4 f   kernel32:KERNEL32.dll
 0001:00032fda       _TlsFree@4                 10033fda f   kernel32:KERNEL32.dll
 0001:00032fe0       _GetStartupInfoW@4         10033fe0 f   kernel32:KERNEL32.dll
 0001:00032fe6       _GetTickCount@0            10033fe6 f   kernel32:KERNEL32.dll
 0001:00032fec       _GetModuleHandleW@4        10033fec f   kernel32:KERNEL32.dll
 0001:00032ff2       _CreateSemaphoreW@16       10033ff2 f   kernel32:KERNEL32.dll
 0001:00032ff8       _DeleteCriticalSection@4   10033ff8 f   kernel32:KERNEL32.dll
 0001:00032ffe       _FatalAppExitA@8           10033ffe f   kernel32:KERNEL32.dll
 0001:00033004       _SetConsoleCtrlHandler@8   10034004 f   kernel32:KERNEL32.dll
 0001:0003300a       _FreeLibrary@4             1003400a f   kernel32:KERNEL32.dll
 0001:00033010       _LoadLibraryExW@12         10034010 f   kernel32:KERNEL32.dll
 0001:00033016       _IsValidCodePage@4         10034016 f   kernel32:KERNEL32.dll
 0001:0003301c       _GetACP@0                  1003401c f   kernel32:KERNEL32.dll
 0001:00033022       _GetOEMCP@0                10034022 f   kernel32:KERNEL32.dll
 0001:00033028       _GetCPInfo@8               10034028 f   kernel32:KERNEL32.dll
 0001:0003302e       _CloseHandle@4             1003402e f   kernel32:KERNEL32.dll
 0001:00033034       _RtlUnwind@16              10034034 f   kernel32:KERNEL32.dll
 0001:0003303a       _ReadFile@20               1003403a f   kernel32:KERNEL32.dll
 0001:00033040       _GetConsoleMode@8          10034040 f   kernel32:KERNEL32.dll
 0001:00033046       _ReadConsoleW@20           10034046 f   kernel32:KERNEL32.dll
 0001:0003304c       _GetConsoleCP@0            1003404c f   kernel32:KERNEL32.dll
 0001:00033052       _DeleteFileW@4             10034052 f   kernel32:KERNEL32.dll
 0001:00033058       _SetFilePointerEx@20       10034058 f   kernel32:KERNEL32.dll
 0001:0003305e       _OutputDebugStringW@4      1003405e f   kernel32:KERNEL32.dll
 0001:00033064       _GetCurrentThread@0        10034064 f   kernel32:KERNEL32.dll
 0001:0003306a       _GetModuleFileNameA@12     1003406a f   kernel32:KERNEL32.dll
 0001:00033070       _QueryPerformanceCounter@4 10034070 f   kernel32:KERNEL32.dll
 0001:00033076       _GetCurrentProcessId@0     10034076 f   kernel32:KERNEL32.dll
 0001:0003307c       _GetSystemTimeAsFileTime@4 1003407c f   kernel32:KERNEL32.dll
 0001:00033082       _GetEnvironmentStringsW@0  10034082 f   kernel32:KERNEL32.dll
 0001:00033088       _FreeEnvironmentStringsW@4 10034088 f   kernel32:KERNEL32.dll
 0001:0003308e       _HeapSize@12               1003408e f   kernel32:KERNEL32.dll
 0001:00033094       _GetDateFormatW@24         10034094 f   kernel32:KERNEL32.dll
 0001:0003309a       _GetTimeFormatW@24         1003409a f   kernel32:KERNEL32.dll
 0001:000330a0       _CompareStringW@24         100340a0 f   kernel32:KERNEL32.dll
 0001:000330a6       _LCMapStringW@24           100340a6 f   kernel32:KERNEL32.dll
 0001:000330ac       _GetLocaleInfoW@16         100340ac f   kernel32:KERNEL32.dll
 0001:000330b2       _IsValidLocale@8           100340b2 f   kernel32:KERNEL32.dll
 0001:000330b8       _GetUserDefaultLCID@0      100340b8 f   kernel32:KERNEL32.dll
 0001:000330be       _EnumSystemLocalesW@8      100340be f   kernel32:KERNEL32.dll
 0001:000330c4       _GetStringTypeW@16         100340c4 f   kernel32:KERNEL32.dll
 0001:000330ca       _FlushFileBuffers@4        100340ca f   kernel32:KERNEL32.dll
 0001:000330d0       _SetStdHandle@8            100340d0 f   kernel32:KERNEL32.dll
 0001:000330d6       _CreateFileW@28            100340d6 f   kernel32:KERNEL32.dll
 0001:000330dc       _SetEndOfFile@4            100340dc f   kernel32:KERNEL32.dll
 0002:00000000       ___xc_a                    1003f000     LIBCMT:crt0init.obj
 0002:00000104       ___xc_z                    1003f104     LIBCMT:crt0init.obj
 0002:00000208       ___xi_a                    1003f208     LIBCMT:crt0init.obj
 0002:00000420       ___xi_z                    1003f420     LIBCMT:crt0init.obj
 0002:00000524       ___xp_a                    1003f524     LIBCMT:crt0init.obj
 0002:00000838       ___xp_z                    1003f838     LIBCMT:crt0init.obj
 0002:0000093c       ___xt_a                    1003f93c     LIBCMT:crt0init.obj
 0002:00000a40       ___xt_z                    1003fa40     LIBCMT:crt0init.obj
 0002:00000b88       _RespuestaEscalon_M        1003fb88     RespuestaEscalon.obj
 0002:00000b8c       ??_C@_0BI@PHJEPFFP@Error?5creating?5scope?51?6?$AA@ 1003fb8c     RespuestaEscalon.obj
 0002:00000ba8       ??_C@_0BH@EJCKDFDH@RPM?5carga?5?5Normalizada?$AA@ 1003fba8     RespuestaEscalon.obj
 0002:00000bc4       ??_C@_0L@MMMMIEFC@salida?4dat?$AA@ 1003fbc4     RespuestaEscalon.obj
 0002:00000bd4       ??_C@_0BI@PFNCELAG@Error?5creating?5scope?52?6?$AA@ 1003fbd4     RespuestaEscalon.obj
 0002:00000bf0       ??_C@_0P@IKJJAPBC@PRBS?1FromWs?1s1?$AA@ 1003fbf0     RespuestaEscalon.obj
 0002:00000c04       ??_C@_0M@HPGNKJPP@entrada?4dat?$AA@ 1003fc04     RespuestaEscalon.obj
 0002:00000c14       ??_C@_0BI@PEBACBDB@Error?5creating?5scope?53?6?$AA@ 1003fc14     RespuestaEscalon.obj
 0002:00000c30       ??_C@_0BC@OJJPBDHH@FixedStepDiscrete?$AA@ 1003fc30     RespuestaEscalon.obj
 0002:00000c48       ??_C@_04EPKDLPPB@tout?$AA@ 1003fc48     RespuestaEscalon.obj
 0002:00000c4e       ??_C@_00CNPNBAHC@?$AA@     1003fc4e     RespuestaEscalon.obj
 0002:00000c50       ??_C@_03HBFGMJOD@rt_?$AA@  1003fc50     RespuestaEscalon.obj
 0002:00000c54       ??_C@_0BH@BKBGGHEJ@PCI?56221?5PWM?5Generate?5?$AA@ 1003fc54     RespuestaEscalon.obj
 0002:00000c70       ??_C@_0CI@NNFKJPJD@RespuestaEscalon?1PCI?56221?5PWM?5Ge@ 1003fc70     RespuestaEscalon.obj
 0002:00000ca0       ??_C@_0M@OPAHFFBF@PCI?96221?5DO?$AA@ 1003fca0     RespuestaEscalon.obj
 0002:00000cb0       ??_C@_0BN@IGBLPBBP@RespuestaEscalon?1PCI?96221?5DO?$AA@ 1003fcb0     RespuestaEscalon.obj
 0002:00000cd4       ??_C@_0O@IFKELIIB@PCI?56221?5ENC?5?$AA@ 1003fcd4     RespuestaEscalon.obj
[...]
 0003:000097a0       _CANAC2_1_send_mb2         100557a0     <common>
 0003:00009ac0       _CANAC2_2_receiveindex_mb1 10055ac0     <common>
 0003:00009de0       _CANAC2_2_receivemaxindex_mb1 10055de0     <common>
 0003:00009e00       _CANAC2_2_sendindex_mb1    10055e00     <common>
 0003:0000a120       _CANAC2_2_sendmaxindex_mb1 10056120     <common>
 0003:0000a140       _CANAC2_1_receiveindex_mb1 10056140     <common>
 0003:0000a460       _CANAC2_1_receivemaxindex_mb1 10056460     <common>
 0003:0000a480       _CANAC2_1_sendindex_mb1    10056480     <common>
 0003:0000a7a0       _CANAC2_1_sendmaxindex_mb1 100567a0     <common>
 0003:0000a7c0       _CANAC2_2_receive_mb1      100567c0     <common>
 0003:0000aae0       _CANAC2_2_send_mb1         10056ae0     <common>
 0003:0000ae00       _CANAC2_1_receive_mb1      10056e00     <common>
 0003:0000b120       _CANAC2_1_send_mb1         10057120     <common>
 0003:0000b440       _CANAC2_2_receiveindex     10057440     <common>
 0003:0000b760       _CANAC2_2_receivemaxindex  10057760     <common>
 0003:0000b780       _CANAC2_2_sendindex        10057780     <common>
 0003:0000baa0       _CANAC2_2_sendmaxindex     10057aa0     <common>
 0003:0000bac0       _CANAC2_1_receiveindex     10057ac0     <common>
 0003:0000bde0       _CANAC2_1_receivemaxindex  10057de0     <common>
 0003:0000be00       _CANAC2_1_sendindex        10057e00     <common>
 0003:0000c120       _CANAC2_1_sendmaxindex     10058120     <common>
 0003:0000c140       _CANAC2_2_receive          10058140     <common>
 0003:0000c460       _CANAC2_2_send             10058460     <common>
 0003:0000c780       _CANAC2_1_receive          10058780     <common>
 0003:0000caa0       _CANAC2_1_send             10058aa0     <common>
 0003:0000cdc0       _siepowercan_can_object_buffer_port2 10058dc0     <common>
 0003:00010de0       _siepowercan_can_object_buffer_port1 1005cde0     <common>
 0003:00014de0       _rtNaNF                    10060de0     <common>
 0003:00014df4       _rtMinusInfF               10060df4     <common>
 0003:00014df8       _rtInfF                    10060df8     <common>
 0003:00014e00       _rtNaN                     10060e00     <common>
 0003:00014e08       _rtMinusInf                10060e08     <common>
 0003:00014e10       _rtInf                     10060e10     <common>
 0003:00014e20       _slrtTETViaXCP             10060e20     <common>
 0003:00014e60       _RespuestaEscalon_M_       10060e60     <common>
 0003:00016360       _RespuestaEscalon_DW       10062360     <common>
 0003:000163c0       _RespuestaEscalon_B        100623c0     <common>
 0003:00016430       _xpceFSScopeSet            10062430     <common>
 0003:000164a4       _rl32eSetScope             100624a4     <common>
 0003:000164a8       _rl32eAddSignal            100624a8     <common>
 0003:000164ac       _rl32eGetSignalNo          100624ac     <common>
 0003:000164b0       _rl32eDefScope             100624b0     <common>
 0003:000164b4       _rl32eScopeExists          100624b4     <common>
 0003:000164b8       _TBGiveSpinFast            100624b8     <common>
 0003:000164bc       _TBTakeSpinFast            100624bc     <common>
 0003:000164c0       _TBDeleteSpin              100624c0     <common>
 0003:000164c4       _TBCreateSpin              100624c4     <common>
 0003:000164c8       _xpceGetParamDims          100624c8     <common>
 0003:000164cc       _xpceGetParameter          100624cc     <common>
 0003:000164d0       _xpceSetParameter          100624d0     <common>
 0003:000164d4       _xpceGetSignalValue        100624d4     <common>
 0003:000164d8       _xpceAssignPCIInterrupt    100624d8     <common>
 0003:000164dc       _rl32eGetPCIInfoAtSlot     100624dc     <common>
 0003:000164e0       _rl32eGetPCIInfo           100624e0     <common>
 0003:000164e4       _rl32eShowPCIInfo          100624e4     <common>
 0003:000164e8       _rl32eShowPCIDev           100624e8     <common>
 0003:000164ec       _xpceGetTET                100624ec     <common>
 0003:000164f0       _xpceaddEvent              100624f0     <common>
 0003:000164f4       _xpceDeRegisterISR         100624f4     <common>
 0003:000164f8       _xpceRegisterISR           100624f8     <common>
 0003:000164fc       _xpcIsModelInit            100624fc     <common>
 0003:00016500       _xpcGetElapsedTime         10062500     <common>
 0003:00016504       _xpcBusyWait               10062504     <common>
 0003:00016508       _xpcFreePhysicalMemory     10062508     <common>
 0003:0001650c       _xpcAllocPhysicalMemory    1006250c     <common>
 0003:00016510       _xpcReserveMemoryRegion    10062510     <common>
 0003:00016514       _xpcOutpB                  10062514     <common>
 0003:00016518       _xpcOutpW                  10062518     <common>
 0003:0001651c       _xpcOutpDW                 1006251c     <common>
 0003:00016520       _xpcInpB                   10062520     <common>
 0003:00016524       _xpcInpW                   10062524     <common>
 0003:00016528       _xpcInpDW                  10062528     <common>
 0003:0001652c       _UDPCloseReceive           1006252c     <common>
 0003:00016530       _UDPCloseSend              10062530     <common>
 0003:00016534       _UDPOpenReceive            10062534     <common>
 0003:00016538       _UDPOpenSend               10062538     <common>
 0003:0001653c       _ResetClientSocket         1006253c     <common>
 0003:00016540       _CloseClientSocket         10062540     <common>
 0003:00016544       _ConnectClientSocket       10062544     <common>
 0003:00016548       _BindClientSocket          10062548     <common>
 0003:0001654c       _CreateClientSocket        1006254c     <common>
 0003:00016550       _ResetServerSocket         10062550     <common>
 0003:00016554       _CloseServerSocket         10062554     <common>
 0003:00016558       _ConnectServerSocket       10062558     <common>
 0003:0001655c       _OpenServerListen          1006255c     <common>
 0003:00016560       _CreateServerSocket        10062560     <common>
 0003:00016564       _SocketReceive             10062564     <common>
 0003:00016568       _SocketSend                10062568     <common>
 0003:0001656c       _GetSocketState            1006256c     <common>
 0003:00016570       _GetSocket                 10062570     <common>
 0003:00016574       _socket                    10062574     <common>
 0003:00016578       _inet_addr                 10062578     <common>
 0003:0001657c       _sendto                    1006257c     <common>
 0003:00016580       _recvfrom                  10062580     <common>
 0003:00016584       _listen                    10062584     <common>
 0003:00016588       _ioctlsocket               10062588     <common>
 0003:0001658c       _connect                   1006258c     <common>
 0003:00016590       _closesocket               10062590     <common>
 0003:00016594       _setsockopt                10062594     <common>
 0003:00016598       _bind                      10062598     <common>
 0003:0001659c       _accept                    1006259c     <common>
 0003:000165a0       _GetHostTarIPAdd           100625a0     <common>
 0003:000165a4       _GetDCUUsage               100625a4     <common>
 0003:000165a8       _DeleteRoute               100625a8     <common>
 0003:000165ac       _AddGatewayRoute           100625ac     <common>
 0003:000165b0       _SetIP                     100625b0     <common>
 0003:000165b4       _CloseInterface            100625b4     <common>
 0003:000165b8       _OpenInterface             100625b8     <common>
 0003:000165bc       _SetIPTASKPriority         100625bc     <common>
 0003:000165c0       _releaseNIC                100625c0     <common>
 0003:000165c4       _NICGetIface               100625c4     <common>
 0003:000165c8       _NICSetIface               100625c8     <common>
 0003:000165cc       _registerNIC               100625cc     <common>
 0003:000165d0       _slrtWarning               100625d0     <common>
 0003:000165d4       _slrtGetCPUTCelsius        100625d4     <common>
 0003:000165d8       _geterrorstring            100625d8     <common>
 0003:000165dc       _getlasterror              100625dc     <common>
 0003:000165e0       _slrtGetProfilerState      100625e0     <common>
 0003:000165e4       _slrtStopProfiler          100625e4     <common>
 0003:000165e8       _slrtStartProfiler         100625e8     <common>
 0003:000165ec       _slrtLogEvent              100625ec     <common>
 0003:000165f0       _slrtGetDefaultDrive       100625f0     <common>
 0003:000165f4       _slrtfsFread               100625f4     <common>
 0003:000165f8       _slrtfsGetFileStatus       100625f8     <common>
 0003:000165fc       _slrtfsOpenFileAsync       100625fc     <common>
 0003:00016600       _slrtfsCloseFileAsync      10062600     <common>
 0003:00016604       _slrtfsGetFileErrorMessage 10062604     <common>
 0003:00016608       _slrtfsGetFileError        10062608     <common>
 0003:0001660c       _slrtfsWriteToFile         1006260c     <common>
 0003:00016610       _slrtfsCloseFile           10062610     <common>
 0003:00016614       _slrtfsOpenFile            10062614     <common>
 0003:00016618       _slrtGetSgCRBSpace         10062618     <common>
 0003:0001661c       _slrtGetCRBScratchSpace    1006261c     <common>
 0003:00016620       _slrteSetupMSI             10062620     <common>
 0003:00016624       _slTestRegAssessment       10062624     <common>
 0003:00016628       _slTestTerminate           10062628     <common>
 0003:0001662c       _slTestEvalOnFail          1006262c     <common>
 0003:00016630       _slTestLogAssessments      10062630     <common>
 0003:00016634       _slTestInitialize          10062634     <common>
 0003:00016638       _unRegisterPTPTimeRead     10062638     <common>
 0003:0001663c       _registerPTPTimeRead       1006263c     <common>
 0003:00016640       _slrteGetCurrentStepSize   10062640     <common>
 0003:00016644       _slrteSetStepSizeDelta     10062644     <common>
 0003:00016648       _xpceDAQUpdateTimeStamp    10062648     <common>
 0003:0001664c       _xpceDAQPostEvent          1006264c     <common>
 0003:00016650       _StreamVideo               10062650     <common>
 0003:00016654       _StopVideoDisplay          10062654     <common>
 0003:00016658       _StartVideoDisplay         10062658     <common>
 0003:0001665c       _DestroyVideoDisplay       1006265c     <common>
 0003:00016660       _CreateVideoDisplay        10062660     <common>
 0003:00016664       _ConvertUImage             10062664     <common>
 0003:00016668       _StopVideo                 10062668     <common>
 0003:0001666c       _ReadFrameBuffer           1006266c     <common>
 0003:00016670       _StartVideo                10062670     <common>
 0003:00016674       _GetVideoConfigs           10062674     <common>
 0003:00016678       _FindUsbVideoDevice        10062678     <common>
 0003:0001667c       _xpceDeleteSemaphore       1006267c     <common>
 0003:00016680       _xpceSignalSemaphore       10062680     <common>
 0003:00016684       _xpceWaitSemaphore         10062684     <common>
 0003:00016688       _xpceCreateSemaphore       10062688     <common>
 0003:0001668c       _xpceScopeAcqOK            1006268c     <common>
 0003:00016690       _rl32eRestartAcquisition   10062690     <common>
 0003:00016694       _rl32eSetTargetScopeSigFt  10062694     <common>
 0003:00016698       _rl32eSetTargetScope       10062698     <common>
 0003:0001669c       ___unguarded_readlc_active 1006269c     <common>
 0003:000166ac       ___setlc_active            100626ac     <common>
 0003:000166b0       __nhandle                  100626b0     <common>
 0003:000166c0       _encodedKERNEL32Functions  100626c0     <common>
 0003:00016768       __debugger_hook_dummy      10062768     <common>
 0003:00016774       __pDestructExceptionObject 10062774     <common>
 0003:00016780       __acmdln                   10062780     <common>
 0003:000167a0       __bufin                    100627a0     <common>
 0003:00017adc       ___piob                    10063adc     <common>
 0003:00017ae0       __nstream                  10063ae0     <common>
 0003:00017ae4       ___dyn_tls_init_callback   10063ae4     <common>
 0003:00017af4       ___onexitend               10063af4     <common>
 0003:00017af8       ___onexitbegin             10063af8     <common>
 0003:00017afc       ___mbctype_initialized     10063afc     <common>
 0003:00017b00       ___env_initialized         10063b00     <common>
 0004:00000000       __imp__GetModuleHandleA@4  10064000     kernel32:KERNEL32.dll
 0004:00000004       __imp__GetProcAddress@8    10064004     kernel32:KERNEL32.dll
 0004:00000008       __imp__HeapAlloc@12        10064008     kernel32:KERNEL32.dll
 0004:0000000c       __imp__IsDebuggerPresent@0 1006400c     kernel32:KERNEL32.dll
 0004:00000010       __imp__IsProcessorFeaturePresent@4 10064010     kernel32:KERNEL32.dll
 0004:00000014       __imp__EncodePointer@4     10064014     kernel32:KERNEL32.dll
 0004:00000018       __imp__DecodePointer@4     10064018     kernel32:KERNEL32.dll
 0004:0000001c       __imp__GetLastError@0      1006401c     kernel32:KERNEL32.dll
 0004:00000020       __imp__ExitProcess@4       10064020     kernel32:KERNEL32.dll
 0004:00000024       __imp__GetModuleHandleExW@12 10064024     kernel32:KERNEL32.dll
 0004:00000028       __imp__AreFileApisANSI@0   10064028     kernel32:KERNEL32.dll
 0004:0000002c       __imp__MultiByteToWideChar@24 1006402c     kernel32:KERNEL32.dll
 0004:00000030       __imp__WideCharToMultiByte@32 10064030     kernel32:KERNEL32.dll
 0004:00000034       __imp__HeapFree@12         10064034     kernel32:KERNEL32.dll
 0004:00000038       __imp__HeapReAlloc@16      10064038     kernel32:KERNEL32.dll
 0004:0000003c       __imp__EnterCriticalSection@4 1006403c     kernel32:KERNEL32.dll
 0004:00000040       __imp__LeaveCriticalSection@4 10064040     kernel32:KERNEL32.dll
 0004:00000044       __imp__GetStdHandle@4      10064044     kernel32:KERNEL32.dll
 0004:00000048       __imp__GetFileType@4       10064048     kernel32:KERNEL32.dll
 0004:0000004c       __imp__GetModuleFileNameW@12 1006404c     kernel32:KERNEL32.dll
 0004:00000050       __imp__WriteConsoleW@20    10064050     kernel32:KERNEL32.dll
 0004:00000054       __imp__GetCommandLineA@0   10064054     kernel32:KERNEL32.dll
 0004:00000058       __imp__GetCurrentThreadId@0 10064058     kernel32:KERNEL32.dll
 0004:0000005c       __imp__WriteFile@20        1006405c     kernel32:KERNEL32.dll
 0004:00000060       __imp__GetProcessHeap@0    10064060     kernel32:KERNEL32.dll
 0004:00000064       __imp__RaiseException@16   10064064     kernel32:KERNEL32.dll
 0004:00000068       __imp__UnhandledExceptionFilter@4 10064068     kernel32:KERNEL32.dll
 0004:0000006c       __imp__SetUnhandledExceptionFilter@4 1006406c     kernel32:KERNEL32.dll
 0004:00000070       __imp__SetLastError@4      10064070     kernel32:KERNEL32.dll
 0004:00000074       __imp__InitializeCriticalSectionAndSpinCount@8 10064074     kernel32:KERNEL32.dll
 0004:00000078       __imp__CreateEventW@16     10064078     kernel32:KERNEL32.dll
 0004:0000007c       __imp__Sleep@4             1006407c     kernel32:KERNEL32.dll
 0004:00000080       __imp__GetCurrentProcess@0 10064080     kernel32:KERNEL32.dll
 0004:00000084       __imp__TerminateProcess@8  10064084     kernel32:KERNEL32.dll
 0004:00000088       __imp__TlsAlloc@0          10064088     kernel32:KERNEL32.dll
 0004:0000008c       __imp__TlsGetValue@4       1006408c     kernel32:KERNEL32.dll
 0004:00000090       __imp__TlsSetValue@8       10064090     kernel32:KERNEL32.dll
 0004:00000094       __imp__TlsFree@4           10064094     kernel32:KERNEL32.dll
 0004:00000098       __imp__GetStartupInfoW@4   10064098     kernel32:KERNEL32.dll
 0004:0000009c       __imp__GetTickCount@0      1006409c     kernel32:KERNEL32.dll
 0004:000000a0       __imp__GetModuleHandleW@4  100640a0     kernel32:KERNEL32.dll
 0004:000000a4       __imp__CreateSemaphoreW@16 100640a4     kernel32:KERNEL32.dll
 0004:000000a8       __imp__DeleteCriticalSection@4 100640a8     kernel32:KERNEL32.dll
 0004:000000ac       __imp__FatalAppExitA@8     100640ac     kernel32:KERNEL32.dll
 0004:000000b0       __imp__SetConsoleCtrlHandler@8 100640b0     kernel32:KERNEL32.dll
 0004:000000b4       __imp__FreeLibrary@4       100640b4     kernel32:KERNEL32.dll
 0004:000000b8       __imp__LoadLibraryExW@12   100640b8     kernel32:KERNEL32.dll
 0004:000000bc       __imp__IsValidCodePage@4   100640bc     kernel32:KERNEL32.dll
 0004:000000c0       __imp__GetACP@0            100640c0     kernel32:KERNEL32.dll
 0004:000000c4       __imp__GetOEMCP@0          100640c4     kernel32:KERNEL32.dll
 0004:000000c8       __imp__GetCPInfo@8         100640c8     kernel32:KERNEL32.dll
 0004:000000cc       __imp__CloseHandle@4       100640cc     kernel32:KERNEL32.dll
 0004:000000d0       __imp__RtlUnwind@16        100640d0     kernel32:KERNEL32.dll
 0004:000000d4       __imp__ReadFile@20         100640d4     kernel32:KERNEL32.dll
 0004:000000d8       __imp__GetConsoleMode@8    100640d8     kernel32:KERNEL32.dll
 0004:000000dc       __imp__ReadConsoleW@20     100640dc     kernel32:KERNEL32.dll
 0004:000000e0       __imp__GetConsoleCP@0      100640e0     kernel32:KERNEL32.dll
 0004:000000e4       __imp__DeleteFileW@4       100640e4     kernel32:KERNEL32.dll
 0004:000000e8       __imp__SetFilePointerEx@20 100640e8     kernel32:KERNEL32.dll
 0004:000000ec       __imp__OutputDebugStringW@4 100640ec     kernel32:KERNEL32.dll
 0004:000000f0       __imp__GetCurrentThread@0  100640f0     kernel32:KERNEL32.dll
 0004:000000f4       __imp__GetModuleFileNameA@12 100640f4     kernel32:KERNEL32.dll
 0004:000000f8       __imp__QueryPerformanceCounter@4 100640f8     kernel32:KERNEL32.dll
 0004:000000fc       __imp__GetCurrentProcessId@0 100640fc     kernel32:KERNEL32.dll
 0004:00000100       __imp__GetSystemTimeAsFileTime@4 10064100     kernel32:KERNEL32.dll
 0004:00000104       __imp__GetEnvironmentStringsW@0 10064104     kernel32:KERNEL32.dll
 0004:00000108       __imp__FreeEnvironmentStringsW@4 10064108     kernel32:KERNEL32.dll
 0004:0000010c       __imp__HeapSize@12         1006410c     kernel32:KERNEL32.dll
 0004:00000110       __imp__GetDateFormatW@24   10064110     kernel32:KERNEL32.dll
 0004:00000114       __imp__GetTimeFormatW@24   10064114     kernel32:KERNEL32.dll
 0004:00000118       __imp__CompareStringW@24   10064118     kernel32:KERNEL32.dll
 0004:0000011c       __imp__LCMapStringW@24     1006411c     kernel32:KERNEL32.dll
 0004:00000120       __imp__GetLocaleInfoW@16   10064120     kernel32:KERNEL32.dll
 0004:00000124       __imp__IsValidLocale@8     10064124     kernel32:KERNEL32.dll
 0004:00000128       __imp__GetUserDefaultLCID@0 10064128     kernel32:KERNEL32.dll
 0004:0000012c       __imp__EnumSystemLocalesW@8 1006412c     kernel32:KERNEL32.dll
 0004:00000130       __imp__GetStringTypeW@16   10064130     kernel32:KERNEL32.dll
 0004:00000134       __imp__FlushFileBuffers@4  10064134     kernel32:KERNEL32.dll
 0004:00000138       __imp__SetStdHandle@8      10064138     kernel32:KERNEL32.dll
 0004:0000013c       __imp__CreateFileW@28      1006413c     kernel32:KERNEL32.dll
 0004:00000140       __imp__SetEndOfFile@4      10064140     kernel32:KERNEL32.dll
 0004:00000144       \177KERNEL32_NULL_THUNK_DATA 10064144     kernel32:KERNEL32.dll
 0004:000001b0       __IMPORT_DESCRIPTOR_KERNEL32 100641b0     kernel32:KERNEL32.dll
 0004:000001c4       __NULL_IMPORT_DESCRIPTOR   100641c4     kernel32:KERNEL32.dll

 entry point at        0001:0001399b

