 DeteccionNoLinealidadesConBuilder_slrt

 Timestamp is 627140fb (Tue May 03 16:49:31 2022)

 Preferred load address is 10000000

 Start         Length     Name                   Class
 0001:00000000 0003d596H .text$mn                CODE
 0002:00000000 00000104H .CRT$XCA                DATA
 0002:00000104 00000104H .CRT$XCZ                DATA
 0002:00000208 00000104H .CRT$XIA                DATA
 0002:0000030c 00000113H .CRT$XIC                DATA
 0002:00000420 00000104H .CRT$XIZ                DATA
 0002:00000524 00000104H .CRT$XPA                DATA
 0002:00000628 00000109H .CRT$XPX                DATA
 0002:00000734 00000104H .CRT$XPXA               DATA
 0002:00000838 00000104H .CRT$XPZ                DATA
 0002:0000093c 00000104H .CRT$XTA                DATA
 0002:00000a40 00000104H .CRT$XTZ                DATA
 0002:00000b50 0000a95bH .rdata                  DATA
 0002:0000b4ac 000001d3H .rdata$debug            DATA
 0002:0000b680 0000010eH .rdata$sxdata           DATA
 0002:0000b790 00000104H .rtc$IAA                DATA
 0002:0000b894 00000104H .rtc$IZZ                DATA
 0002:0000b998 00000104H .rtc$TAA                DATA
 0002:0000ba9c 00000104H .rtc$TZZ                DATA
 0002:0000bba0 00000991H .xdata$x                DATA
 0002:0000c540 0000021eH .edata                  DATA
 0003:00000000 00002550H .data                   DATA
 0003:00002560 00015664H .bss                    DATA
 0004:00000000 000001b0H .idata$5                DATA
 0004:000001b0 00000014H .idata$2                DATA
 0004:000001c4 00000014H .idata$3                DATA
 0004:000001d8 000001b0H .idata$4                DATA
 0004:00000388 0000076bH .idata$6                DATA

  Address         Publics by Value              Rva+Base       Lib:Object

 0000:00000000       ___guard_fids_count        00000000     <absolute>
 0000:00000000       __except_list              00000000     <absolute>
 0000:00000000       ___guard_flags             00000000     <absolute>
 0000:00000000       ___guard_fids_table        00000000     <absolute>
 0000:00000003       ___safe_se_handler_count   00000003     <absolute>
 0000:00000000       ___ImageBase               10000000     <linker-defined>
 0001:00000470       _DeteccionNoLinealidadesConBuilder 10001470 f   DeteccionNoLinealidadesConBuilder.obj
 0001:00001e80       _MdlInitialize             10002e80 f   DeteccionNoLinealidadesConBuilder.obj
 0001:00001e90       _MdlInitializeSampleTimes  10002e90 f   DeteccionNoLinealidadesConBuilder.obj
 0001:00001ea0       _MdlInitializeSizes        10002ea0 f   DeteccionNoLinealidadesConBuilder.obj
 0001:00001eb0       _MdlOutputs                10002eb0 f   DeteccionNoLinealidadesConBuilder.obj
 0001:00001ec0       _MdlStart                  10002ec0 f   DeteccionNoLinealidadesConBuilder.obj
 0001:00001ed0       _MdlTerminate              10002ed0 f   DeteccionNoLinealidadesConBuilder.obj
 0001:00001f20       _MdlUpdate                 10002f20 f   DeteccionNoLinealidadesConBuilder.obj
 0001:00001f30       _rt_mxCreateCharMatrixFromStrings 10002f30 f   rt_matrx.obj
 0001:00002080       _rt_mxCreateDoubleMatrix   10003080 f   rt_matrx.obj
 0001:000020e0       _rt_mxCreateNumericArray   100030e0 f   rt_matrx.obj
 0001:00002160       _rt_mxCreateString         10003160 f   rt_matrx.obj
 0001:000021f0       _rt_mxDuplicateArray       100031f0 f   rt_matrx.obj
 0001:00002250       _rt_mxGetDimensions        10003250 f   rt_matrx.obj
 0001:00002290       _rt_mxGetEps               10003290 f   rt_matrx.obj
 0001:000022a0       _rt_mxGetString            100032a0 f   rt_matrx.obj
 0001:00002320       _rtPrintfNoOp              10003320 f   rt_printf.obj
 0001:00002c40       _rt_CreateLogVar           10003c40 f   rt_logging.obj
 0001:00002cd0       _rt_CreateLogVarWithConvert 10003cd0 f   rt_logging.obj
 0001:00003650       _rt_CreateStructLogVar     10004650 f   rt_logging.obj
 0001:000043c0       _rt_GetMxIdFromDTypeId     100053c0 f   rt_logging.obj
 0001:000043f0       _rt_GetMxIdFromDTypeIdForRSim 100053f0 f   rt_logging.obj
 0001:00006d40       _rt_StartDataLogging       10007d40 f   rt_logging.obj
 0001:00007200       _rt_StartDataLoggingWithStartTime 10008200 f   rt_logging.obj
 0001:00007b60       _rt_StopDataLogging        10008b60 f   rt_logging.obj
 0001:00007b80       _rt_StopDataLoggingImpl    10008b80 f   rt_logging.obj
 0001:00007ea0       _rt_UpdateLogVar           10008ea0 f   rt_logging.obj
 0001:00009260       _rt_UpdateStructLogVar     1000a260 f   rt_logging.obj
 0001:000092f0       _rt_UpdateTXXFYLogVars     1000a2f0 f   rt_logging.obj
 0001:00009780       _rt_UpdateTXYLogVars       1000a780 f   rt_logging.obj
 0001:000099d0       _rt_getTempMemory          1000a9d0 f   rt_logging.obj
 0001:00009a10       _DeteccionNoLinealidadesConBuilder_GetCAPIStaticMap 1000aa10 f   DeteccionNoLinealidadesConBuilder_capi.obj
 0001:00009a20       _DeteccionNoLinealidadesConBuilder_InitializeDataMapInfo 1000aa20 f   DeteccionNoLinealidadesConBuilder_capi.obj
 0001:00009af0       _mdlXcp_GetMdlXcpInfo      1000aaf0 f   DeteccionNoLinealidadesConBuilder_xcp.obj
 0001:00009b00       _SLRT_update_TET           1000ab00 f   DeteccionNoLinealidadesConBuilder_xcp_TET.obj
 0001:00009bd0       _rtGetInf                  1000abd0 f   rtGetInf.obj
 0001:00009c00       _rtGetInfF                 1000ac00 f   rtGetInf.obj
 0001:00009c20       _rtGetMinusInf             1000ac20 f   rtGetInf.obj
 0001:00009c50       _rtGetMinusInfF            1000ac50 f   rtGetInf.obj
 0001:00009c70       _rtGetNaN                  1000ac70 f   rtGetNaN.obj
 0001:00009ca0       _rtGetNaNF                 1000aca0 f   rtGetNaN.obj
 0001:00009cc0       _rtIsInf                   1000acc0 f   rt_nonfinite.obj
 0001:00009d00       _rtIsInfF                  1000ad00 f   rt_nonfinite.obj
 0001:00009d40       _rtIsNaN                   1000ad40 f   rt_nonfinite.obj
 0001:00009d60       _rtIsNaNF                  1000ad60 f   rt_nonfinite.obj
 0001:00009d80       _rt_InitInfAndNaN          1000ad80 f   rt_nonfinite.obj
 0001:00009de0       _rt_CleanUpForStateLogWithMMI 1000ade0 f   rt_logging_mmi.obj
 0001:00009ef0       _rt_FillStateSigInfoFromMMI 1000aef0 f   rt_logging_mmi.obj
 0001:0000a2a0       _rtwCAPI_CountSysRan       1000b2a0 f   rtw_modelmap_utils.obj
 0001:0000a340       _rtwCAPI_EncodePath        1000b340 f   rtw_modelmap_utils.obj
 0001:0000a430       _rtwCAPI_FillSysRan        1000b430 f   rtw_modelmap_utils.obj
 0001:0000a520       _rtwCAPI_FreeFullPaths     1000b520 f   rtw_modelmap_utils.obj
 0001:0000a5b0       _rtwCAPI_GetFullStateBlockPath 1000b5b0 f   rtw_modelmap_utils.obj
 0001:0000a760       _rtwCAPI_GetNumContStateRecords 1000b760 f   rtw_modelmap_utils.obj
 0001:0000a820       _rtwCAPI_GetNumSigLogRecords 1000b820 f   rtw_modelmap_utils.obj
 0001:0000a870       _rtwCAPI_GetNumSigLogRecordsForRTWLogging 1000b870 f   rtw_modelmap_utils.obj
 0001:0000a900       _rtwCAPI_GetNumStateRecords 1000b900 f   rtw_modelmap_utils.obj
 0001:0000a950       _rtwCAPI_GetNumStateRecordsForRTWLogging 1000b950 f   rtw_modelmap_utils.obj
 0001:0000a9e0       _rtwCAPI_GetSigAddrFromMap 1000b9e0 f   rtw_modelmap_utils.obj
 0001:0000aaa0       _rtwCAPI_GetSigLogRecordInfo 1000baa0 f   rtw_modelmap_utils.obj
 0001:0000aed0       _rtwCAPI_GetStateRecordInfo 1000bed0 f   rtw_modelmap_utils.obj
 0001:0000b380       _rtwCAPI_GetStateWidth     1000c380 f   rtw_modelmap_utils.obj
 0001:0000b3e0       _rtwCAPI_HasStates         1000c3e0 f   rtw_modelmap_utils.obj
 0001:0000b450       _rtwCAPI_UpdateFullPaths   1000c450 f   rtw_modelmap_utils.obj
 0001:0000b630       _timestamp_x86             1000c630 f   host_timer_x86.obj
 0001:0000b640       _taskTimeEnd               1000c640 f   xpc_code_profiling_utility_functions.obj
 0001:0000b650       _taskTimeEnd_              1000c650 f   xpc_code_profiling_utility_functions.obj
 0001:0000b660       _taskTimeStart             1000c660 f   xpc_code_profiling_utility_functions.obj
 0001:0000b670       _taskTimeStart_            1000c670 f   xpc_code_profiling_utility_functions.obj
 0001:0000b680       _xilProfilingTimerFreeze   1000c680 f   xpc_code_profiling_utility_functions.obj
 0001:0000b690       _xilProfilingTimerUnFreeze 1000c690 f   xpc_code_profiling_utility_functions.obj
 0001:0000b6a0       _xilUploadProfilingData    1000c6a0 f   xpc_code_profiling_utility_functions.obj
 0001:0000b6b0       _DeteccionNoLinealidadesConBuilder_ChangeStepSize 1000c6b0 f   xpctarget.obj
 0001:0000b720       _DllMain@12                1000c720 f   xpctarget.obj
 0001:0000b730       _SLRTSetErrorStatus        1000c730 f   xpctarget.obj
 0001:0000b750       _changeStepSize            1000c750 f   xpctarget.obj
 0001:0000b7c0       _getDLMVersion             1000c7c0 f   xpctarget.obj
 0001:0000b7d0       _getRefMdlPath             1000c7d0 f   xpctarget.obj
 0001:0000b850       _getRefMdlSignalNumber     1000c850 f   xpctarget.obj
 0001:0000b900       _getrlmdlinfo              1000c900 f   xpctarget.obj
 0001:0000ba60       _updateDiscreteEvents      1000ca60 f   xpctarget.obj
 0001:0000ba70       _getNumRef                 1000ca70 f   appmappingData.obj
 0001:0000ba80       _donipcim                  1000ca80 f   donipcim.obj
 0001:0000bf70       _encnipcim                 1000cf70 f   encnipcim.obj
 0001:0000cf40       _pwmoutnipcim              1000df40 f   pwmoutnipcim.obj
 0001:0000cff0       _niMIdentify               1000dff0 f   xpcionim.obj
 0001:0000d170       _niM_AISetup               1000e170 f   xpcionim.obj
 0001:0000d580       _niM_AO_Setup              1000e580 f   xpcionim.obj
 0001:0000d710       _niM_Cont_Pulse_Train_Generation 1000e710 f   xpcionim.obj
 0001:0000d850       _niM_Counter_Reset_All     1000e850 f   xpcionim.obj
 0001:0000d900       _niM_CtrArm                1000e900 f   xpcionim.obj
 0001:0000d920       _niM_CtrDisarm             1000e920 f   xpcionim.obj
 0001:0000d940       _niM_CtrReadArm            1000e940 f   xpcionim.obj
 0001:0000d960       _niM_CtrReadDisarm         1000e960 f   xpcionim.obj
 0001:0000d980       _niM_PeriodConfigure       1000e980 f   xpcionim.obj
 0001:0000daf0       _niM_Private_Data          1000eaf0 f   xpcionim.obj
 0001:0000e0d0       _niM_SetPFIFilter          1000f0d0 f   xpcionim.obj
 0001:0000e150       _niM_SetPFI_DO             1000f150 f   xpcionim.obj
 0001:0000e1a0       _niM_SetPFI_Select         1000f1a0 f   xpcionim.obj
 0001:0000e220       _niM_aiConfigureChannel    1000f220 f   xpcionim.obj
 0001:0000e290       _niM_aiGetScalingCoefficients 1000f290 f   xpcionim.obj
 0001:0000e470       _niM_aiPolynomialScaler    1000f470 f   xpcionim.obj
 0001:0000e590       _niM_analogTriggerReset    1000f590 f   xpcionim.obj
 0001:0000e5e0       _niM_aoConfigureDAC        1000f5e0 f   xpcionim.obj
 0001:0000e630       _niM_aoGetScalingCoefficients 1000f630 f   xpcionim.obj
 0001:0000e6e0       _niM_aoLinearScaler        1000f6e0 f   xpcionim.obj
 0001:0000e710       _niM_configureTimebase     1000f710 f   xpcionim.obj
 0001:0000e730       _niM_eepromReadMSeries     1000f730 f   xpcionim.obj
 0001:0000e800       _niM_pllReset              1000f800 f   xpcionim.obj
 0001:0000e830       _niM_resetCtr              1000f830 f   xpcionim.obj
 0001:0000e850       _niM_whichBank             1000f850 f   xpcionim.obj
 0001:0000e890       _niMconfig                 1000f890 f   xpcionim.obj
 0001:0000e930       _GetPCIDeviceFull          1000f930 f   xpcruntime:xpcimports.obj
 0001:0000e970       _GetPCIDeviceFunction      1000f970 f   xpcruntime:xpcimports.obj
 0001:0000e9a0       _ShowPCIDevice             1000f9a0 f   xpcruntime:xpcimports.obj
 0001:0000eeb0       _slrtGetPciConfigAtFunction 1000feb0 f   xpcruntime:xpcimports.obj
 0001:0000f190       _xpcGetPciConfigAtSlot     10010190 f   xpcruntime:xpcimports.obj
 0001:0000f1b0       _xpcInitProcs              100101b0 f   xpcruntime:xpcimports.obj
 0001:000102a0       _xpceuploadevent           100112a0 f   xpcruntime:xpcimports.obj
 0001:000102a1       __heap_alloc               100112a1 f i LIBCMT:malloc.obj
 0001:000102de       _malloc                    100112de f   LIBCMT:malloc.obj
 0001:00010370       __get_printf_count_output  10011370 f   LIBCMT:printf.obj
 0001:00010385       __printf_l                 10011385 f   LIBCMT:printf.obj
 0001:0001039c       __printf_p                 1001139c f   LIBCMT:printf.obj
 0001:000103b2       __printf_p_l               100113b2 f   LIBCMT:printf.obj
 0001:000103c9       __printf_s_l               100113c9 f   LIBCMT:printf.obj
 0001:000103e0       __set_printf_count_output  100113e0 f   LIBCMT:printf.obj
 0001:00010408       _printf                    10011408 f   LIBCMT:printf.obj
 0001:000104b7       _printf_s                  100114b7 f   LIBCMT:printf.obj
 0001:000104d0       _memset                    100114d0 f   LIBCMT:memset.obj
 0001:00010560       __fpmath                   10011560 f   LIBCMT:fpinit.obj
 0001:00010577       ___setfflag                10011577 f   LIBCMT:fpinit.obj
 0001:0001058a       __cfltcvt_init             1001158a f   LIBCMT:fpinit.obj
 0001:000105ea       _calloc                    100115ea f   LIBCMT:calloc.obj
 0001:00010630       __ftoui3                   10011630 f   LIBCMT:ftol3.obj
 0001:0001063f       __ftoul3                   1001163f f   LIBCMT:ftol3.obj
 0001:0001064e       __ftol3                    1001164e f   LIBCMT:ftol3.obj
 0001:0001065b       __ftol3_NaN                1001165b f   LIBCMT:ftol3.obj
 0001:00010673       __ftol3_work               10011673 f   LIBCMT:ftol3.obj
 0001:000106f9       __ftol3_common             100116f9 f   LIBCMT:ftol3.obj
 0001:000107bb       __ftol3_arg_error          100117bb f   LIBCMT:ftol3.obj
 0001:000107cd       __ftol3_except             100117cd f   LIBCMT:ftol3.obj
 0001:0001080f       __dtoui3                   1001180f f   LIBCMT:ftol3.obj
 0001:0001081e       __dtoul3                   1001181e f   LIBCMT:ftol3.obj
 0001:0001082d       __dtol3                    1001182d f   LIBCMT:ftol3.obj
 0001:0001083a       __dtol3_NaN                1001183a f   LIBCMT:ftol3.obj
 0001:00010857       __dtol3_work               10011857 f   LIBCMT:ftol3.obj
 0001:0001093c       __ultod3                   1001193c f   LIBCMT:ftol3.obj
 0001:000109cd       __ltod3                    100119cd f   LIBCMT:ftol3.obj
 0001:00010a00       _memcpy                    10011a00 f   LIBCMT:memcpy.obj
 0001:00011044       ___raise_securityfailure   10012044 f   LIBCMT:gs_report.obj
 0001:00011081       ___report_gsfailure        10012081 f   LIBCMT:gs_report.obj
 0001:0001117c       ___report_rangecheckfailure 1001217c f   LIBCMT:gs_report.obj
 0001:00011188       ___report_securityfailure  10012188 f   LIBCMT:gs_report.obj
 0001:00011258       ___report_securityfailureEx 10012258 f   LIBCMT:gs_report.obj
 0001:0001136e       ___copy_path_to_wide_string 1001236e f   LIBCMT:crt0dat.obj
 0001:00011420       ___copy_to_char            10012420 f   LIBCMT:crt0dat.obj
 0001:000114d5       ___crtCorExitProcess       100124d5 f   LIBCMT:crt0dat.obj
 0001:00011509       ___crtExitProcess          10012509 f   LIBCMT:crt0dat.obj
 0001:0001151f       ___freeCrtMemory           1001251f f   LIBCMT:crt0dat.obj
 0001:0001162c       __amsg_exit                1001262c f   LIBCMT:crt0dat.obj
 0001:00011648       __c_exit                   10012648 f   LIBCMT:crt0dat.obj
 0001:00011657       __cexit                    10012657 f   LIBCMT:crt0dat.obj
 0001:00011666       __cinit                    10012666 f   LIBCMT:crt0dat.obj
 0001:000116ea       __exit                     100126ea f   LIBCMT:crt0dat.obj
 0001:000116fe       __exit_app                 100126fe f   LIBCMT:crt0dat.obj
 0001:0001170c       __get_pgmptr               1001270c f   LIBCMT:crt0dat.obj
 0001:0001173b       __get_wpgmptr              1001273b f   LIBCMT:crt0dat.obj
 0001:0001176a       __init_pointers            1001276a f   LIBCMT:crt0dat.obj
 0001:000117d8       __initterm_e               100127d8 f   LIBCMT:crt0dat.obj
 0001:000117fa       __lockexit                 100127fa f   LIBCMT:crt0dat.obj
 0001:00011803       __unlockexit               10012803 f   LIBCMT:crt0dat.obj
 0001:0001193b       _exit                      1001293b f   LIBCMT:crt0dat.obj
 0001:0001194f       _free                      1001294f f   LIBCMT:free.obj
 0001:00011987       _realloc                   10012987 f   LIBCMT:realloc.obj
 0001:00011a40       _memmove                   10012a40 f   LIBCMT:memmove.obj
 0001:00012090       _strchr                    10013090 f   LIBCMT:strchr.obj
 0001:000120fe       ___from_strstr_to_strchr   100130fe     LIBCMT:strchr.obj
 0001:000121c0       _strncat                   100131c0 f   LIBCMT:strncat.obj
 0001:00012300       _strncpy                   10013300 f   LIBCMT:strncpy.obj
 0001:00012424       ___initstdio               10013424 f   LIBCMT:_file.obj
 0001:00012497       ___endstdio                10013497 f   LIBCMT:_file.obj
 0001:000124be       ___iob_func                100134be f   LIBCMT:_file.obj
 0001:000124c4       __lock_file                100134c4 f   LIBCMT:_file.obj
 0001:00012503       __lock_file2               10013503 f   LIBCMT:_file.obj
 0001:00012533       __unlock_file              10013533 f   LIBCMT:_file.obj
 0001:0001256d       __unlock_file2             1001356d f   LIBCMT:_file.obj
 0001:0001259a       __fclose_nolock            1001359a f   LIBCMT:fclose.obj
 0001:00012606       _fclose                    10013606 f   LIBCMT:fclose.obj
 0001:0001267d       __fsopen                   1001367d f   LIBCMT:fopen.obj
 0001:00012741       _fopen                     10013741 f   LIBCMT:fopen.obj
 0001:00012756       _fopen_s                   10013756 f   LIBCMT:fopen.obj
 0001:0001279b       __fprintf_l                1001379b f   LIBCMT:fprintf.obj
 0001:000127b5       __fprintf_p                100137b5 f   LIBCMT:fprintf.obj
 0001:000127ce       __fprintf_p_l              100137ce f   LIBCMT:fprintf.obj
 0001:000127e8       __fprintf_s_l              100137e8 f   LIBCMT:fprintf.obj
 0001:00012802       _fprintf                   10013802 f   LIBCMT:fprintf.obj
 0001:00012914       _fprintf_s                 10013914 f   LIBCMT:fprintf.obj
 0001:0001292d       __fread_nolock             1001392d f   LIBCMT:fread.obj
 0001:00012948       __fread_nolock_s           10013948 f   LIBCMT:fread.obj
 0001:00012b0d       _fread                     10013b0d f   LIBCMT:fread.obj
 0001:00012b28       _fread_s                   10013b28 f   LIBCMT:fread.obj
 0001:00012bb9       __fwrite_nolock            10013bb9 f   LIBCMT:fwrite.obj
 0001:00012d12       _fwrite                    10013d12 f   LIBCMT:fwrite.obj
 0001:00012d94       __unlink                   10013d94 f   LIBCMT:unlink.obj
 0001:00012d9d       _remove                    10013d9d f   LIBCMT:unlink.obj
 0001:00012ddf       _rewind                    10013ddf f   LIBCMT:rewind.obj
 0001:00012e9e       __scprintf                 10013e9e f   LIBCMT:sprintf.obj
 0001:00012eb1       __scprintf_l               10013eb1 f   LIBCMT:sprintf.obj
 0001:00012ec8       __scprintf_p               10013ec8 f   LIBCMT:sprintf.obj
 0001:00012edb       __scprintf_p_l             10013edb f   LIBCMT:sprintf.obj
 0001:00012ef2       __snprintf_s               10013ef2 f   LIBCMT:sprintf.obj
 0001:00012f11       __snprintf_s_l             10013f11 f   LIBCMT:sprintf.obj
 0001:00012f31       __sprintf_l                10013f31 f   LIBCMT:sprintf.obj
 0001:00012f4b       __sprintf_p                10013f4b f   LIBCMT:sprintf.obj
 0001:00012f67       __sprintf_p_l              10013f67 f   LIBCMT:sprintf.obj
 0001:00012f84       __sprintf_s_l              10013f84 f   LIBCMT:sprintf.obj
 0001:00012fa1       _sprintf                   10013fa1 f   LIBCMT:sprintf.obj
 0001:00013025       _sprintf_s                 10014025 f   LIBCMT:sprintf.obj
 0001:00013041       _ldexp                     10014041 f   LIBCMT:ldexp.obj
 0001:0001322d       @__security_check_cookie@4 1001422d f   LIBCMT:secchk.obj
 0001:0001323c       ___isa_available_init      1001423c f   LIBCMT:cpu_disp.obj
 0001:000133b5       __invoke_watson_if_error   100143b5 f i LIBCMT:wassert.obj
 0001:000133d5       __wassert                  100143d5 f   LIBCMT:wassert.obj
 0001:00013a79       __CRT_INIT@12              10014a79 f   LIBCMT:dllcrt0.obj
 0001:00013beb       __DllMainCRTStartup@12     10014beb f   LIBCMT:dllcrt0.obj
 0001:00013d1c       ___DllXcptFilter           10014d1c f   LIBCMT:dllcrt0.obj
 0001:00013d41       ?_query_new_handler@@YAP6AHI@ZXZ 10014d41 f   LIBCMT:handler.obj
 0001:00013d4e       ?_set_new_handler@@YAP6AHI@ZH@Z 10014d4e f   LIBCMT:handler.obj
 0001:00013d57       ?_set_new_handler@@YAP6AHI@ZP6AHI@Z@Z 10014d57 f   LIBCMT:handler.obj
 0001:00013d8c       __callnewh                 10014d8c f   LIBCMT:handler.obj
 0001:00013db2       __initp_heap_handler       10014db2 f   LIBCMT:handler.obj
 0001:00013dbf       __FF_MSGBANNER             10014dbf f   LIBCMT:crt0msg.obj
 0001:00013df8       __GET_RTERRMSG             10014df8 f   LIBCMT:crt0msg.obj
 0001:00013e1c       __NMSG_WRITE               10014e1c f   LIBCMT:crt0msg.obj
 0001:00013fd9       ___doserrno                10014fd9 f   LIBCMT:dosmap.obj
 0001:00013fec       __dosmaperr                10014fec f   LIBCMT:dosmap.obj
 0001:0001400d       __errno                    1001500d f   LIBCMT:dosmap.obj
 0001:00014020       __get_doserrno             10015020 f   LIBCMT:dosmap.obj
 0001:00014043       __get_errno                10015043 f   LIBCMT:dosmap.obj
 0001:00014066       __get_errno_from_oserr     10015066 f   LIBCMT:dosmap.obj
 0001:000140a7       __set_doserrno             100150a7 f   LIBCMT:dosmap.obj
 0001:000140c6       __set_errno                100150c6 f   LIBCMT:dosmap.obj
 0001:000140e5       __get_heap_handle          100150e5 f   LIBCMT:heapinit.obj
 0001:000140eb       __heap_init                100150eb f   LIBCMT:heapinit.obj
 0001:00014100       __heap_term                10015100 f   LIBCMT:heapinit.obj
 0001:00014108       ?_invalid_parameter@@YAXPBG00II@Z 10015108 f   LIBCMT:invarg.obj
 0001:0001410d       ?_invoke_watson@@YAXPBG00II@Z 1001510d f   LIBCMT:invarg.obj
 0001:00014125       __call_reportfault         10015125 f   LIBCMT:invarg.obj
 0001:0001424a       __get_invalid_parameter_handler 1001524a f   LIBCMT:invarg.obj
 0001:00014257       __initp_misc_invarg        10015257 f   LIBCMT:invarg.obj
 0001:00014264       __invalid_parameter        10015264 f   LIBCMT:invarg.obj
 0001:0001428f       __invalid_parameter_noinfo 1001528f f   LIBCMT:invarg.obj
 0001:0001429f       __invalid_parameter_noinfo_noreturn 1001529f f   LIBCMT:invarg.obj
 0001:000142ba       __invoke_watson            100152ba f   LIBCMT:invarg.obj
 0001:000142e5       __set_invalid_parameter_handler 100152e5 f   LIBCMT:invarg.obj
 0001:0001430a       __vprintf_l                1001530a f   LIBCMT:vprintf.obj
 0001:00014325       __vprintf_p                10015325 f   LIBCMT:vprintf.obj
 0001:0001433f       __vprintf_p_l              1001533f f   LIBCMT:vprintf.obj
 0001:0001435a       __vprintf_s_l              1001535a f   LIBCMT:vprintf.obj
 0001:00014375       _vprintf                   10015375 f   LIBCMT:vprintf.obj
 0001:0001438f       _vprintf_helper            1001538f f   LIBCMT:vprintf.obj
 0001:0001441c       _vprintf_s                 1001541c f   LIBCMT:vprintf.obj
 0001:00014436       __ftbuf                    10015436 f   LIBCMT:_sftbuf.obj
 0001:00014467       __stbuf                    10015467 f   LIBCMT:_sftbuf.obj
 0001:0001450d       ??0_LocaleUpdate@@QAE@PAUlocaleinfo_struct@@@Z 1001550d f i LIBCMT:output.obj
 0001:00014595       ??1_LocaleUpdate@@QAE@XZ   10015595 f i LIBCMT:output.obj
 0001:000145a3       ?GetLocaleT@_LocaleUpdate@@QAEPAUlocaleinfo_struct@@XZ 100155a3 f i LIBCMT:output.obj
 0001:000145a6       __output_l                 100155a6 f   LIBCMT:output.obj
 0001:00015126       _get_int64_arg             10016126 f i LIBCMT:output.obj
 0001:00015139       _get_int_arg               10016139 f i LIBCMT:output.obj
 0001:00015149       _get_short_arg             10016149 f i LIBCMT:output.obj
 0001:00015250       __SEH_prolog4              10016250 f   LIBCMT:sehprolg4.obj
 0001:00015295       __SEH_epilog4              10016295 f   LIBCMT:sehprolg4.obj
 0001:000152f0       __except_handler4          100162f0 f   LIBCMT:chandler4.obj
 0001:00015484       __VEC_memset               10016484 f   LIBCMT:p4_memset.obj
 0001:0001554c       ?strrchr@@YAPADPADH@Z      1001654c f i LIBCMT:cvt.obj
 0001:00015555       __cfltcvt                  10016555 f   LIBCMT:cvt.obj
 0001:00015576       __cfltcvt_l                10016576 f   LIBCMT:cvt.obj
 0001:000155fc       __cftoa                    100165fc f   LIBCMT:cvt.obj
 0001:0001561a       __cftoa_l                  1001661a f   LIBCMT:cvt.obj
 0001:00015976       __cftoe                    10016976 f   LIBCMT:cvt.obj
 0001:00015ae5       __cftoe_l                  10016ae5 f   LIBCMT:cvt.obj
 0001:00015bb3       __cftof                    10016bb3 f   LIBCMT:cvt.obj
 0001:00015cba       __cftof_l                  10016cba f   LIBCMT:cvt.obj
 0001:00015d7b       __cftog                    10016d7b f   LIBCMT:cvt.obj
 0001:00015d99       __cftog_l                  10016d99 f   LIBCMT:cvt.obj
 0001:00015e98       __cropzeros                10016e98 f   LIBCMT:cvt.obj
 0001:00015ea9       __cropzeros_l              10016ea9 f   LIBCMT:cvt.obj
 0001:00015f29       __fassign                  10016f29 f   LIBCMT:cvt.obj
 0001:00015f41       __fassign_l                10016f41 f   LIBCMT:cvt.obj
 0001:00015f83       __forcdecpt                10016f83 f   LIBCMT:cvt.obj
 0001:00015f94       __forcdecpt_l              10016f94 f   LIBCMT:cvt.obj
 0001:00016008       __positive                 10017008 f   LIBCMT:cvt.obj
 0001:0001604a       __setdefaultprecision      1001704a f   LIBCMT:fp8.obj
 0001:00016071       __initp_misc_cfltcvt_tab   10017071 f   LIBCMT:cmiscdat.obj
 0001:00016090       __calloc_impl              10017090 f   LIBCMT:calloc_impl.obj
 0001:0001610a       __errcode                  1001710a f   LIBCMT:fpexcept.obj
 0001:0001613c       __except1                  1001713c f   LIBCMT:fpexcept.obj
 0001:00016204       __except2                  10017204 f   LIBCMT:fpexcept.obj
 0001:00016304       __handle_exc               10017304 f   LIBCMT:fpexcept.obj
 0001:000164e2       __handle_qnan1             100174e2 f   LIBCMT:fpexcept.obj
 0001:00016532       __handle_qnan2             10017532 f   LIBCMT:fpexcept.obj
 0001:00016592       __raise_exc                10017592 f   LIBCMT:fpexcept.obj
 0001:000165b3       __raise_exc_ex             100175b3 f   LIBCMT:fpexcept.obj
 0001:00016898       __raise_excf               10017898 f   LIBCMT:fpexcept.obj
 0001:000168b9       __set_errno_from_matherr   100178b9 f   LIBCMT:fpexcept.obj
 0001:000168e6       __umatherr                 100178e6 f   LIBCMT:fpexcept.obj
 0001:00016986       __crt_debugger_hook        10017986 f   LIBCMT:dbghook.obj
 0001:000169bb       ___crtCloseThreadpoolTimer 100179bb f   LIBCMT:winapisupp.obj
 0001:000169d2       ___crtCloseThreadpoolWait  100179d2 f   LIBCMT:winapisupp.obj
 0001:000169e9       ___crtCreateEventExW       100179e9 f   LIBCMT:winapisupp.obj
 0001:00016a24       ___crtCreateSemaphoreExW   10017a24 f   LIBCMT:winapisupp.obj
 0001:00016a5e       ___crtCreateSymbolicLinkW  10017a5e f   LIBCMT:winapisupp.obj
 0001:00016a87       ___crtCreateThreadpoolTimer 10017a87 f   LIBCMT:winapisupp.obj
 0001:00016aa8       ___crtCreateThreadpoolWait 10017aa8 f   LIBCMT:winapisupp.obj
 0001:00016ac9       ___crtFlsAlloc             10017ac9 f   LIBCMT:winapisupp.obj
 0001:00016ae7       ___crtFlsFree              10017ae7 f   LIBCMT:winapisupp.obj
 0001:00016b06       ___crtFlsGetValue          10017b06 f   LIBCMT:winapisupp.obj
 0001:00016b25       ___crtFlsSetValue          10017b25 f   LIBCMT:winapisupp.obj
 0001:00016b47       ___crtFlushProcessWriteBuffers 10017b47 f   LIBCMT:winapisupp.obj
 0001:00016b57       ___crtFreeLibraryWhenCallbackReturns 10017b57 f   LIBCMT:winapisupp.obj
 0001:00016b71       ___crtGetCurrentProcessorNumber 10017b71 f   LIBCMT:winapisupp.obj
 0001:00016b83       ___crtGetFileInformationByHandleEx 10017b83 f   LIBCMT:winapisupp.obj
 0001:00016baf       ___crtGetLogicalProcessorInformation 10017baf f   LIBCMT:winapisupp.obj
 0001:00016bd5       ___crtGetShowWindowMode    10017bd5 f   LIBCMT:winapisupp.obj
 0001:00016bf8       ___crtGetTickCount64       10017bf8 f   LIBCMT:winapisupp.obj
 0001:00016c10       ___crtInitializeCriticalSectionEx 10017c10 f   LIBCMT:winapisupp.obj
 0001:00016c3e       ___crtIsPackagedApp        10017c3e f   LIBCMT:winapisupp.obj
 0001:00016c7e       ___crtLoadWinApiPointers   10017c7e f   LIBCMT:winapisupp.obj
 0001:00016f09       ___crtSetFileInformationByHandle 10017f09 f   LIBCMT:winapisupp.obj
 0001:00016f35       ___crtSetThreadStackGuarantee 10017f35 f   LIBCMT:winapisupp.obj
 0001:00016f50       ___crtSetThreadpoolTimer   10017f50 f   LIBCMT:winapisupp.obj
 0001:00016f70       ___crtSetThreadpoolWait    10017f70 f   LIBCMT:winapisupp.obj
 0001:00016f8d       ___crtSetUnhandledExceptionFilter 10017f8d f   LIBCMT:winapisupp.obj
 0001:00016f9b       ___crtSleep                10017f9b f   LIBCMT:winapisupp.obj
 0001:00016fa9       ___crtTerminateProcess     10017fa9 f   LIBCMT:winapisupp.obj
 0001:00016fbe       ___crtUnhandledException   10017fbe f   LIBCMT:winapisupp.obj
 0001:00016fd4       ___crtWaitForThreadpoolTimerCallbacks 10017fd4 f   LIBCMT:winapisupp.obj
 0001:00016fee       __RTC_Initialize           10017fee f   LIBCMT:initsect.obj
 0001:0001700e       __RTC_Terminate            1001800e f   LIBCMT:initsect.obj
 0001:0001702e       __lock                     1001802e f   LIBCMT:mlock.obj
 0001:00017062       __lockerr_exit             10018062 f   LIBCMT:mlock.obj
 0001:00017082       __mtdeletelocks            10018082 f   LIBCMT:mlock.obj
 0001:000170d6       __mtinitlocknum            100180d6 f   LIBCMT:mlock.obj
 0001:0001717f       __mtinitlocks              1001817f f   LIBCMT:mlock.obj
 0001:000171b8       __unlock                   100181b8 f   LIBCMT:mlock.obj
 0001:000171d0       __FindPESection            100181d0 f   LIBCMT:pesect.obj
 0001:00017220       __IsNonwritableInCurrentImage 10018220 f   LIBCMT:pesect.obj
 0001:000172e0       __ValidateImageBase        100182e0 f   LIBCMT:pesect.obj
 0001:00017311       ___onexitinit              10018311 f   LIBCMT:onexit.obj
 0001:00017340       __onexit                   10018340 f   LIBCMT:onexit.obj
 0001:0001743c       _atexit                    1001843c f   LIBCMT:onexit.obj
 0001:00017451       __calloc_crt               10018451 f   LIBCMT:crtheap.obj
 0001:00017499       __malloc_crt               10018499 f   LIBCMT:crtheap.obj
 0001:000174e0       __realloc_crt              100184e0 f   LIBCMT:crtheap.obj
 0001:0001752a       __recalloc_crt             1001852a f   LIBCMT:crtheap.obj
 0001:00017578       __set_malloc_crt_max_wait  10018578 f   LIBCMT:crtheap.obj
 0001:0001758b       _wait_a_bit                1001858b f i LIBCMT:crtheap.obj
 0001:000175af       ?_inconsistency@@YAXXZ     100185af f   LIBCMT:hooks.obj
 0001:000175e7       ?terminate@@YAXXZ          100185e7 f   LIBCMT:hooks.obj
 0001:0001761b       ?unexpected@@YAXXZ         1001861b f   LIBCMT:hooks.obj
 0001:0001762e       __initp_eh_hooks           1001862e f   LIBCMT:hooks.obj
 0001:0001763f       ___getlocaleinfo           1001863f f   LIBCMT:inithelp.obj
 0001:00017818       __initp_misc_purevirt      10018818 f   LIBCMT:inithelp.obj
 0001:00017825       ___fpecode                 10018825 f   LIBCMT:winsig.obj
 0001:0001782e       ___get_sigabrt             1001882e f   LIBCMT:winsig.obj
 0001:0001783b       ___pxcptinfoptrs           1001883b f   LIBCMT:winsig.obj
 0001:00017844       __initp_misc_winsig        10018844 f   LIBCMT:winsig.obj
 0001:00017905       _raise                     10018905 f   LIBCMT:winsig.obj
 0001:00017afa       _signal                    10018afa f   LIBCMT:winsig.obj
 0001:00017d51       __initp_misc_rand_s        10018d51 f   LIBCMT:rand_s.obj
 0001:00017d5e       _rand_s                    10018d5e f   LIBCMT:rand_s.obj
 0001:00017e64       ___initmbctable            10018e64 f   LIBCMT:mbctype.obj
 0001:0001811b       ___updatetmbcinfo          1001911b f   LIBCMT:mbctype.obj
 0001:000181c1       __getmbcp                  100191c1 f   LIBCMT:mbctype.obj
 0001:000181f2       __setmbcp                  100191f2 f   LIBCMT:mbctype.obj
 0001:0001839a       __setmbcp_nolock           1001939a f   LIBCMT:mbctype.obj
 0001:00018585       __fcloseall                10019585 f   LIBCMT:closeall.obj
 0001:00018622       __fflush_nolock            10019622 f   LIBCMT:fflush.obj
 0001:00018668       __flush                    10019668 f   LIBCMT:fflush.obj
 0001:000186cc       __flushall                 100196cc f   LIBCMT:fflush.obj
 0001:000186d5       _fflush                    100196d5 f   LIBCMT:fflush.obj
 0001:00018812       __fileno                   10019812 f   LIBCMT:fileno.obj
 0001:00018836       __close                    10019836 f   LIBCMT:close.obj
 0001:00018911       __close_nolock             10019911 f   LIBCMT:close.obj
 0001:000189ab       __freebuf                  100199ab f   LIBCMT:_freebuf.obj
 0001:000189db       __getstream                100199db f   LIBCMT:stream.obj
 0001:00018afa       __openfile                 10019afa f   LIBCMT:_open.obj
 0001:00018d80       __local_unwind4            10019d80 f   LIBCMT:exsup4.obj
 0001:00018e56       __seh_longjmp_unwind4@4    10019e56 f   LIBCMT:exsup4.obj
 0001:00018e72       @_EH4_CallFilterFunc@8     10019e72 f   LIBCMT:exsup4.obj
 0001:00018e89       @_EH4_TransferToHandler@8  10019e89 f   LIBCMT:exsup4.obj
 0001:00018ea2       @_EH4_GlobalUnwind2@8      10019ea2 f   LIBCMT:exsup4.obj
 0001:00018ebb       @_EH4_LocalUnwind@16       10019ebb f   LIBCMT:exsup4.obj
 0001:00018ed2       __vfprintf_l               10019ed2 f   LIBCMT:vfprintf.obj
 0001:00018ef0       __vfprintf_p               10019ef0 f   LIBCMT:vfprintf.obj
 0001:00018f0d       __vfprintf_p_l             10019f0d f   LIBCMT:vfprintf.obj
 0001:00018f2b       __vfprintf_s_l             10019f2b f   LIBCMT:vfprintf.obj
 0001:00018f49       _vfprintf                  10019f49 f   LIBCMT:vfprintf.obj
 0001:00018f66       _vfprintf_helper           10019f66 f   LIBCMT:vfprintf.obj
 0001:00019077       _vfprintf_s                1001a077 f   LIBCMT:vfprintf.obj
 0001:00019094       __ioinit                   1001a094 f   LIBCMT:ioinit.obj
 0001:00019348       __ioterm                   1001a348 f   LIBCMT:ioinit.obj
 0001:0001939a       __filbuf                   1001a39a f   LIBCMT:_filbuf.obj
 0001:000194bb       _memcpy_s                  1001a4bb f   LIBCMT:memcpy_s.obj
 0001:0001953a       __read                     1001a53a f   LIBCMT:read.obj
 0001:0001964e       __read_nolock              1001a64e f   LIBCMT:read.obj
 0001:00019ddf       __flsbuf                   1001addf f   LIBCMT:_flsbuf.obj
 0001:00019f2e       __write                    1001af2e f   LIBCMT:write.obj
 0001:0001a01d       __write_nolock             1001b01d f   LIBCMT:write.obj
 0001:0001a882       __wremove                  1001b882 f   LIBCMT:wunlink.obj
 0001:0001a8b0       __wunlink                  1001b8b0 f   LIBCMT:wunlink.obj
 0001:0001a8b9       __lseek                    1001b8b9 f   LIBCMT:lseek.obj
 0001:0001a9a8       __lseek_nolock             1001b9a8 f   LIBCMT:lseek.obj
 0001:0001aa4f       __vscprintf                1001ba4f f   LIBCMT:vsprintf.obj
 0001:0001aa69       __vscprintf_helper         1001ba69 f   LIBCMT:vsprintf.obj
 0001:0001aac5       __vscprintf_l              1001bac5 f   LIBCMT:vsprintf.obj
 0001:0001aae0       __vscprintf_p              1001bae0 f   LIBCMT:vsprintf.obj
 0001:0001aafa       __vscprintf_p_l            1001bafa f   LIBCMT:vsprintf.obj
 0001:0001ab15       __vsprintf_l               1001bb15 f   LIBCMT:vsprintf.obj
 0001:0001ab99       _vsprintf                  1001bb99 f   LIBCMT:vsprintf.obj
 0001:0001abb1       __vsnprintf_c              1001bbb1 f   LIBCMT:vsnprnc.obj
 0001:0001abd8       __vsnprintf_c_l            1001bbd8 f   LIBCMT:vsnprnc.obj
 0001:0001ac00       __vsnprintf_helper         1001bc00 f   LIBCMT:vsnprnc.obj
 0001:0001acca       __vsnprintf_s              1001bcca f   LIBCMT:vsnprnc.obj
 0001:0001ace8       __vsnprintf_s_l            1001bce8 f   LIBCMT:vsnprnc.obj
 0001:0001ade8       __vsprintf_p               1001bde8 f   LIBCMT:vsnprnc.obj
 0001:0001ae0f       __vsprintf_p_l             1001be0f f   LIBCMT:vsnprnc.obj
 0001:0001ae37       __vsprintf_s_l             1001be37 f   LIBCMT:vsnprnc.obj
 0001:0001aeac       _vsprintf_s                1001beac f   LIBCMT:vsnprnc.obj
 0001:0001aec7       __chgsign                  1001bec7 f   LIBCMT:ieeemisc.obj
 0001:0001aef4       __chgsignf                 1001bef4 f   LIBCMT:ieeemisc.obj
 0001:0001af15       __copysign                 1001bf15 f   LIBCMT:ieeemisc.obj
 0001:0001af3d       __copysignf                1001bf3d f   LIBCMT:ieeemisc.obj
 0001:0001af59       __finite                   1001bf59 f   LIBCMT:ieeemisc.obj
 0001:0001af71       __fpclass                  1001bf71 f   LIBCMT:ieeemisc.obj
 0001:0001b00d       __isnan                    1001c00d f   LIBCMT:ieeemisc.obj
 0001:0001b040       __logb                     1001c040 f   LIBCMT:ieeemisc.obj
 0001:0001b121       __nextafter                1001c121 f   LIBCMT:ieeemisc.obj
 0001:0001b3c1       __scalb                    1001c3c1 f   LIBCMT:ieeemisc.obj
 0001:0001b3d9       __add_exp                  1001c3d9 f   LIBCMT:util.obj
 0001:0001b408       __decomp                   1001c408 f   LIBCMT:util.obj
 0001:0001b4da       __get_exp                  1001c4da f   LIBCMT:util.obj
 0001:0001b4f3       __set_bexp                 1001c4f3 f   LIBCMT:util.obj
 0001:0001b51c       __set_exp                  1001c51c f   LIBCMT:util.obj
 0001:0001b54b       __sptype                   1001c54b f   LIBCMT:util.obj
 0001:0001b5a6       ___clrfp_sse2              1001c5a6 f   LIBCMT:fpctrl.obj
 0001:0001b5c7       ___ctrlfp_sse2             1001c5c7 f   LIBCMT:fpctrl.obj
 0001:0001b600       ___fclrf_sse2              1001c600 f   LIBCMT:fpctrl.obj
 0001:0001b61d       ___get_fpsr_sse2           1001c61d f   LIBCMT:fpctrl.obj
 0001:0001b639       ___set_fpsr_sse2           1001c639 f   LIBCMT:fpctrl.obj
 0001:0001b6af       ___set_statfp_sse2         1001c6af f   LIBCMT:fpctrl.obj
 0001:0001b6c8       ___statfp_sse2             1001c6c8 f   LIBCMT:fpctrl.obj
 0001:0001b6dd       __clrfp                    1001c6dd f   LIBCMT:fpctrl.obj
 0001:0001b6ee       __ctrlfp                   1001c6ee f   LIBCMT:fpctrl.obj
 0001:0001b719       __set_statfp               1001c719 f   LIBCMT:fpctrl.obj
 0001:0001b771       __statfp                   1001c771 f   LIBCMT:fpctrl.obj
 0001:0001b781       _wcscat_s                  1001c781 f   LIBCMT:wcscat_s.obj
 0001:0001b7ed       _wcscpy_s                  1001c7ed f   LIBCMT:wcscpy_s.obj
 0001:0001b849       _wcslen                    1001c849 f   LIBCMT:wcslen.obj
 0001:0001b862       _wcsncat_s                 1001c862 f   LIBCMT:wcsncat_s.obj
 0001:0001b930       __set_abort_behavior       1001c930 f   LIBCMT:abort.obj
 0001:0001b94f       _abort                     1001c94f f   LIBCMT:abort.obj
 0001:0001b992       ___set_app_type            1001c992 f   LIBCMT:errmode.obj
 0001:0001b99f       __set_error_mode           1001c99f f   LIBCMT:errmode.obj
 0001:0001bafb       __i64tow_s                 1001cafb f   LIBCMT:xtows.obj
 0001:0001bb2c       __itow_s                   1001cb2c f   LIBCMT:xtows.obj
 0001:0001bb55       __ltow_s                   1001cb55 f   LIBCMT:xtows.obj
 0001:0001bb7f       __ui64tow_s                1001cb7f f   LIBCMT:xtows.obj
 0001:0001bb9a       __ultow_s                  1001cb9a f   LIBCMT:xtows.obj
 0001:0001bca5       _setvbuf                   1001cca5 f   LIBCMT:setvbuf.obj
 0001:0001bdab       __fwprintf_l               1001cdab f   LIBCMT:fwprintf.obj
 0001:0001bdc5       __fwprintf_p               1001cdc5 f   LIBCMT:fwprintf.obj
 0001:0001bdde       __fwprintf_p_l             1001cdde f   LIBCMT:fwprintf.obj
 0001:0001bdf8       __fwprintf_s_l             1001cdf8 f   LIBCMT:fwprintf.obj
 0001:0001be12       _fwprintf                  1001ce12 f   LIBCMT:fwprintf.obj
 0001:0001bea6       _fwprintf_s                1001cea6 f   LIBCMT:fwprintf.obj
 0001:0001bebf       __vsnwprintf_s             1001cebf f   LIBCMT:vswprnc.obj
 0001:0001bedd       __vsnwprintf_s_l           1001cedd f   LIBCMT:vswprnc.obj
 0001:0001bfe1       __vswprintf_c              1001cfe1 f   LIBCMT:vswprnc.obj
 0001:0001c008       __vswprintf_c_l            1001d008 f   LIBCMT:vswprnc.obj
 0001:0001c030       __vswprintf_helper         1001d030 f   LIBCMT:vswprnc.obj
 0001:0001c12b       __vswprintf_p              1001d12b f   LIBCMT:vswprnc.obj
 0001:0001c152       __vswprintf_p_l            1001d152 f   LIBCMT:vswprnc.obj
 0001:0001c17a       __vswprintf_s_l            1001d17a f   LIBCMT:vswprnc.obj
 0001:0001c1f1       _vswprintf_s               1001d1f1 f   LIBCMT:vswprnc.obj
 0001:0001c20c       ___crtMessageBoxW          1001d20c f   LIBCMT:crtmboxw.obj
 0001:0001c3f2       ___crtMessageBoxWaitThreadW@4 1001d3f2 f   LIBCMT:crtmboxw.obj
 0001:0001c410       __XcptFilter               1001d410 f   LIBCMT:winxfltr.obj
 0001:0001c56b       ___CppXcptFilter           1001d56b f   LIBCMT:winxfltr.obj
 0001:0001c5bd       ___get_flsindex            1001d5bd f   LIBCMT:tidtable.obj
 0001:0001c5c3       ___threadhandle            1001d5c3 f   LIBCMT:tidtable.obj
 0001:0001c5c9       ___threadid                1001d5c9 f   LIBCMT:tidtable.obj
 0001:0001c5cf       __freefls@4                1001d5cf f   LIBCMT:tidtable.obj
 0001:0001c704       __freeptd                  1001d704 f   LIBCMT:tidtable.obj
 0001:0001c73a       __getptd                   1001d73a f   LIBCMT:tidtable.obj
 0001:0001c752       __getptd_noexit            1001d752 f   LIBCMT:tidtable.obj
 0001:0001c7c1       __initptd                  1001d7c1 f   LIBCMT:tidtable.obj
 0001:0001c874       __mtinit                   1001d874 f   LIBCMT:tidtable.obj
 0001:0001c8ea       __mtterm                   1001d8ea f   LIBCMT:tidtable.obj
 0001:0001c907       __set_pgmptr               1001d907 f i LIBCMT:stdargv.obj
 0001:0001c914       __setargv                  1001d914 f   LIBCMT:stdargv.obj
 0001:0001cb43       __setenvp                  1001db43 f   LIBCMT:stdenvp.obj
 0001:0001cc24       ___security_init_cookie    1001dc24 f   LIBCMT:gs_support.obj
 0001:0001ccc0       ___crtGetEnvironmentStringsA 1001dcc0 f   LIBCMT:a_env.obj
 0001:0001cd50       _strlen                    1001dd50 f   LIBCMT:strlen.obj
 0001:0001cddb       _wcsncpy_s                 1001dddb f   LIBCMT:wcsncpy_s.obj
 0001:0001ce99       __output_s_l               1001de99 f   LIBCMT:outputs.obj
 0001:0001db21       __output_p_l               1001eb21 f   LIBCMT:outputp.obj
 0001:0001ee59       __validate_param_reuseA    1001fe59 f   LIBCMT:outputp.obj
 0001:0001ef8f       _get_crtdouble_arg         1001ff8f f i LIBCMT:outputp.obj
 0001:0001f08e       __isatty                   1002008e f   LIBCMT:isatty.obj
 0001:0001f0e2       ___addlocaleref            100200e2 f   LIBCMT:localref.obj
 0001:0001f177       ___freetlocinfo            10020177 f   LIBCMT:localref.obj
 0001:0001f2d1       ___removelocaleref         100202d1 f   LIBCMT:localref.obj
 0001:0001f371       ___updatetlocinfo          10020371 f   LIBCMT:localref.obj
 0001:0001f3f1       __updatetlocinfoEx_nolock  100203f1 f   LIBCMT:localref.obj
 0001:0001f43c       ___iswcsym                 1002043c f i LIBCMT:_wctype.obj
 0001:0001f460       ___iswcsymf                10020460 f i LIBCMT:_wctype.obj
 0001:0001f484       __isleadbyte_l             10020484 f i LIBCMT:_wctype.obj
 0001:0001f4be       __iswalnum_l               100204be f i LIBCMT:_wctype.obj
 0001:0001f4d2       __iswalpha_l               100204d2 f i LIBCMT:_wctype.obj
 0001:0001f4e6       __iswblank_l               100204e6 f i LIBCMT:_wctype.obj
 0001:0001f501       __iswcntrl_l               10020501 f i LIBCMT:_wctype.obj
 0001:0001f512       __iswcsym_l                10020512 f i LIBCMT:_wctype.obj
 0001:0001f536       __iswcsymf_l               10020536 f i LIBCMT:_wctype.obj
 0001:0001f55a       __iswdigit_l               1002055a f i LIBCMT:_wctype.obj
 0001:0001f56b       __iswgraph_l               1002056b f i LIBCMT:_wctype.obj
 0001:0001f57f       __iswlower_l               1002057f f i LIBCMT:_wctype.obj
 0001:0001f590       __iswprint_l               10020590 f i LIBCMT:_wctype.obj
 0001:0001f5a4       __iswpunct_l               100205a4 f i LIBCMT:_wctype.obj
 0001:0001f5b5       __iswspace_l               100205b5 f i LIBCMT:_wctype.obj
 0001:0001f5c6       __iswupper_l               100205c6 f i LIBCMT:_wctype.obj
 0001:0001f5d7       __iswxdigit_l              100205d7 f i LIBCMT:_wctype.obj
 0001:0001f5eb       _isleadbyte                100205eb f i LIBCMT:_wctype.obj
 0001:0001f5fc       _iswalnum                  100205fc f i LIBCMT:_wctype.obj
 0001:0001f610       _iswalpha                  10020610 f i LIBCMT:_wctype.obj
 0001:0001f624       _iswascii                  10020624 f i LIBCMT:_wctype.obj
 0001:0001f636       _iswblank                  10020636 f i LIBCMT:_wctype.obj
 0001:0001f651       _iswcntrl                  10020651 f i LIBCMT:_wctype.obj
 0001:0001f662       _iswdigit                  10020662 f i LIBCMT:_wctype.obj
 0001:0001f673       _iswgraph                  10020673 f i LIBCMT:_wctype.obj
 0001:0001f687       _iswlower                  10020687 f i LIBCMT:_wctype.obj
 0001:0001f698       _iswprint                  10020698 f i LIBCMT:_wctype.obj
 0001:0001f6ac       _iswpunct                  100206ac f i LIBCMT:_wctype.obj
 0001:0001f6bd       _iswspace                  100206bd f i LIBCMT:_wctype.obj
 0001:0001f6ce       _iswupper                  100206ce f i LIBCMT:_wctype.obj
 0001:0001f6df       _iswxdigit                 100206df f i LIBCMT:_wctype.obj
 0001:0001f6f3       __wctomb_l                 100206f3 f   LIBCMT:wctomb.obj
 0001:0001f742       __wctomb_s_l               10020742 f   LIBCMT:wctomb.obj
 0001:0001f866       _wctomb                    10020866 f   LIBCMT:wctomb.obj
 0001:0001f899       _wctomb_s                  10020899 f   LIBCMT:wctomb.obj
 0001:0001f8c0       __aulldvrm                 100208c0 f   LIBCMT:ulldvrm.obj
 0001:0001f955       ___isascii                 10020955 f i LIBCMT:_ctype.obj
 0001:0001f965       ___iscsym                  10020965 f i LIBCMT:_ctype.obj
 0001:0001f985       ___iscsymf                 10020985 f i LIBCMT:_ctype.obj
 0001:0001f9a2       ___toascii                 100209a2 f i LIBCMT:_ctype.obj
 0001:0001f9ad       __isalnum_l                100209ad f i LIBCMT:_ctype.obj
 0001:0001fa05       __isalpha_l                10020a05 f i LIBCMT:_ctype.obj
 0001:0001fa5d       __isblank_l                10020a5d f i LIBCMT:_ctype.obj
 0001:0001fab7       __iscntrl_l                10020ab7 f i LIBCMT:_ctype.obj
 0001:0001fb09       __iscsym_l                 10020b09 f i LIBCMT:_ctype.obj
 0001:0001fb2a       __iscsymf_l                10020b2a f i LIBCMT:_ctype.obj
 0001:0001fb4b       __isdigit_l                10020b4b f i LIBCMT:_ctype.obj
 0001:0001fb9d       __isgraph_l                10020b9d f i LIBCMT:_ctype.obj
 0001:0001fbf5       __islower_l                10020bf5 f i LIBCMT:_ctype.obj
 0001:0001fc47       __isprint_l                10020c47 f i LIBCMT:_ctype.obj
 0001:0001fc9f       __ispunct_l                10020c9f f i LIBCMT:_ctype.obj
 0001:0001fcf1       __isspace_l                10020cf1 f i LIBCMT:_ctype.obj
 0001:0001fd43       __isupper_l                10020d43 f i LIBCMT:_ctype.obj
 0001:0001fd95       __isxdigit_l               10020d95 f i LIBCMT:_ctype.obj
 0001:0001fded       _isalnum                   10020ded f i LIBCMT:_ctype.obj
 0001:0001fe1a       _isalpha                   10020e1a f i LIBCMT:_ctype.obj
 0001:0001fe47       _isblank                   10020e47 f i LIBCMT:_ctype.obj
 0001:0001fe7c       _iscntrl                   10020e7c f i LIBCMT:_ctype.obj
 0001:0001fea7       _isdigit                   10020ea7 f i LIBCMT:_ctype.obj
 0001:0001fed2       _isgraph                   10020ed2 f i LIBCMT:_ctype.obj
 0001:0001feff       _islower                   10020eff f i LIBCMT:_ctype.obj
 0001:0001ff2a       _isprint                   10020f2a f i LIBCMT:_ctype.obj
 0001:0001ff57       _ispunct                   10020f57 f i LIBCMT:_ctype.obj
 0001:0001ff82       _isspace                   10020f82 f i LIBCMT:_ctype.obj
 0001:0001ffad       _isupper                   10020fad f i LIBCMT:_ctype.obj
 0001:0001ffd8       _isxdigit                  10020fd8 f i LIBCMT:_ctype.obj
 0001:00020005       __tolower                  10021005 f   LIBCMT:tolower.obj
 0001:00020010       __tolower_l                10021010 f   LIBCMT:tolower.obj
 0001:00020153       _tolower                   10021153 f   LIBCMT:tolower.obj
 0001:0002017f       _strcpy_s                  1002117f f   LIBCMT:strcpy_s.obj
 0001:000201e0       _strrchr                   100211e0 f   LIBCMT:strrchr.obj
 0001:00020317       __fptostr                  10021317 f   LIBCMT:_fptostr.obj
 0001:000203c7       ___crt_atoflt_l            100213c7 f   LIBCMT:atodbl.obj
 0001:0002046b       __atodbl                   1002146b f   LIBCMT:atodbl.obj
 0001:00020480       __atodbl_l                 10021480 f   LIBCMT:atodbl.obj
 0001:0002050e       __atoflt                   1002150e f   LIBCMT:atodbl.obj
 0001:00020523       __atoflt_l                 10021523 f   LIBCMT:atodbl.obj
 0001:0002053b       __atoldbl                  1002153b f   LIBCMT:atodbl.obj
 0001:00020550       __atoldbl_l                10021550 f   LIBCMT:atodbl.obj
 0001:000205df       ___dtold                   100215df f   LIBCMT:cfout.obj
 0001:000206a7       __fltout2                  100216a7 f   LIBCMT:cfout.obj
 0001:00020740       __alldvrm                  10021740 f   LIBCMT:lldvrm.obj
 0001:00020820       __aullshr                  10021820 f   LIBCMT:ullshr.obj
 0001:0002083f       __get_output_format        1002183f f   LIBCMT:outputformat.obj
 0001:00020845       __set_output_format        10021845 f   LIBCMT:outputformat.obj
 0001:00020877       __controlfp_s              10021877 f   LIBCMT:contrlfp.obj
 0001:000208d4       __fptrap                   100218d4 f   LIBCMT:crt0fp.obj
 0001:000208dd       __matherr                  100218dd f   LIBCMT:matherr.obj
 0001:000208e0       __msize                    100218e0 f   LIBCMT:msize.obj
 0001:00020911       __recalloc                 10021911 f   LIBCMT:recalloc.obj
 0001:0002097a       _strncpy_s                 1002197a f   LIBCMT:strncpy_s.obj
 0001:00020b02       __MallocaIsSizeInRange     10021b02 f i LIBCMT:a_loc.obj
 0001:00020b13       __MarkAllocaS              10021b13 f i LIBCMT:a_loc.obj
 0001:00020b27       ___crtGetLocaleInfoA       10021b27 f   LIBCMT:a_loc.obj
 0001:00020b61       __freea                    10021b61 f i LIBCMT:a_loc.obj
 0001:00020b7f       _GetTableIndexFromLcid     10021b7f f   LIBCMT:winapinls.obj
 0001:00020bb4       _GetTableIndexFromLocaleName 10021bb4 f   LIBCMT:winapinls.obj
 0001:00020c02       ___crtCompareStringEx      10021c02 f   LIBCMT:winapinls.obj
 0001:00020c4e       ___crtDownlevelLCIDToLocaleName 10021c4e f   LIBCMT:winapinls.obj
 0001:00020cca       ___crtDownlevelLocaleNameToLCID 10021cca f   LIBCMT:winapinls.obj
 0001:00020d08       ___crtEnumSystemLocalesEx  10021d08 f   LIBCMT:winapinls.obj
 0001:00020d45       ___crtGetDateFormatEx      10021d45 f   LIBCMT:winapinls.obj
 0001:00020d8e       ___crtGetLocaleInfoEx      10021d8e f   LIBCMT:winapinls.obj
 0001:00020dbd       ___crtGetTimeFormatEx      10021dbd f   LIBCMT:winapinls.obj
 0001:00020df2       ___crtGetUserDefaultLocaleName 10021df2 f   LIBCMT:winapinls.obj
 0001:00020e1d       ___crtIsValidLocaleName    10021e1d f   LIBCMT:winapinls.obj
 0001:00020e48       ___crtLCMapStringEx        10021e48 f   LIBCMT:winapinls.obj
 0001:00020e94       ___wcsnicmp_ascii          10021e94 f   LIBCMT:winapinls.obj
 0001:00021126       ___crtLCMapStringA         10022126 f   LIBCMT:a_map.obj
 0001:00021264       ___crtGetStringTypeA       10022264 f   LIBCMT:a_str.obj
 0001:000212a4       __commit                   100222a4 f   LIBCMT:commit.obj
 0001:0002138d       ___lock_fhandle            1002238d f   LIBCMT:osfinfo.obj
 0001:0002141b       __alloc_osfhnd             1002241b f   LIBCMT:osfinfo.obj
 0001:000215c4       __free_osfhnd              100225c4 f   LIBCMT:osfinfo.obj
 0001:0002164a       __get_osfhandle            1002264a f   LIBCMT:osfinfo.obj
 0001:000216b1       __open_osfhandle           100226b1 f   LIBCMT:osfinfo.obj
 0001:000217c7       __set_osfhnd               100227c7 f   LIBCMT:osfinfo.obj
 0001:00021849       __unlock_fhandle           10022849 f   LIBCMT:osfinfo.obj
 0001:0002186f       __open                     1002286f f   LIBCMT:open.obj
 0001:0002191f       __sopen                    1002291f f   LIBCMT:open.obj
 0001:00021952       __sopen_helper             10022952 f   LIBCMT:open.obj
 0001:00021a1b       __sopen_nolock             10022a1b f   LIBCMT:open.obj
 0001:00021a69       __sopen_s                  10022a69 f   LIBCMT:open.obj
 0001:00021a87       __mbsnbcmp                 10022a87 f   LIBCMT:mbsnbcmp.obj
 0001:00021a9f       __mbsnbcmp_l               10022a9f f   LIBCMT:mbsnbcmp.obj
 0001:00021bb6       __mbsnbicmp                10022bb6 f   LIBCMT:mbsnbicm.obj
 0001:00021bce       __mbsnbicmp_l              10022bce f   LIBCMT:mbsnbicm.obj
 0001:00021d90       __global_unwind2           10022d90 f   LIBCMT:exsup.obj
 0001:00021df5       __local_unwind2            10022df5 f   LIBCMT:exsup.obj
 0001:00021e79       __abnormal_termination     10022e79 f   LIBCMT:exsup.obj
 0001:00021e9c       __NLG_Notify1              10022e9c f   LIBCMT:exsup.obj
 0001:00021ea5       __NLG_Notify               10022ea5 f   LIBCMT:exsup.obj
 0001:00021ebc       __NLG_Dispatch             10022ebc     LIBCMT:exsup.obj
 0001:00021ebc       __NLG_Dispatch2            10022ebc     LIBCMT:exsup.obj
 0001:00021ec4       __NLG_Call                 10022ec4 f   LIBCMT:exsup.obj
 0001:00021ec6       __NLG_Return2              10022ec6     LIBCMT:exsup.obj
 0001:00021ec7       __getbuf                   10022ec7 f   LIBCMT:_getbuf.obj
 0001:00021f0d       __lseeki64                 10022f0d f   LIBCMT:lseeki64.obj
 0001:00022009       __lseeki64_nolock          10023009 f   LIBCMT:lseeki64.obj
 0001:0002207c       __mbtowc_l                 1002307c f   LIBCMT:mbtowc.obj
 0001:00022171       _mbtowc                    10023171 f   LIBCMT:mbtowc.obj
 0001:00022189       __putwch                   10023189 f   LIBCMT:putwch.obj
 0001:000221d5       __putwch_nolock            100231d5 f   LIBCMT:putwch.obj
 0001:00022220       __alloca_probe             10023220 f   LIBCMT:chkstk.obj
 0001:00022220       __chkstk                   10023220 f   LIBCMT:chkstk.obj
 0001:0002224b       __vfwprintf_l              1002324b f   LIBCMT:vfwprint.obj
 0001:00022269       __vfwprintf_p              10023269 f   LIBCMT:vfwprint.obj
 0001:00022286       __vfwprintf_p_l            10023286 f   LIBCMT:vfwprint.obj
 0001:000222a4       __vfwprintf_s_l            100232a4 f   LIBCMT:vfwprint.obj
 0001:000222c2       _vfwprintf                 100232c2 f   LIBCMT:vfwprint.obj
 0001:000222df       _vfwprintf_helper          100232df f   LIBCMT:vfwprint.obj
 0001:00022372       _vfwprintf_s               10023372 f   LIBCMT:vfwprint.obj
 0001:0002238f       __woutput_l                1002338f f   LIBCMT:woutput.obj
 0001:0002306e       __woutput_s_l              1002406e f   LIBCMT:woutputs.obj
 0001:00023d85       __validate_param_reuseW    10024d85 f   LIBCMT:woutputp.obj
 0001:00023efd       __woutput_p_l              10024efd f   LIBCMT:woutputp.obj
 0001:00025326       __ismbbalnum               10026326 f   LIBCMT:ismbbyte.obj
 0001:0002533f       __ismbbalnum_l             1002633f f   LIBCMT:ismbbyte.obj
 0001:00025359       __ismbbalpha               10026359 f   LIBCMT:ismbbyte.obj
 0001:00025372       __ismbbalpha_l             10026372 f   LIBCMT:ismbbyte.obj
 0001:0002538c       __ismbbblank               1002638c f   LIBCMT:ismbbyte.obj
 0001:000253ad       __ismbbblank_l             100263ad f   LIBCMT:ismbbyte.obj
 0001:000253cf       __ismbbgraph               100263cf f   LIBCMT:ismbbyte.obj
 0001:000253e8       __ismbbgraph_l             100263e8 f   LIBCMT:ismbbyte.obj
 0001:00025402       __ismbbkalnum              10026402 f   LIBCMT:ismbbyte.obj
 0001:00025418       __ismbbkalnum_l            10026418 f   LIBCMT:ismbbyte.obj
 0001:0002542f       __ismbbkana                1002642f f   LIBCMT:ismbbyte.obj
 0001:00025440       __ismbbkana_l              10026440 f   LIBCMT:ismbbyte.obj
 0001:0002548c       __ismbbkprint              1002648c f   LIBCMT:ismbbyte.obj
 0001:000254a2       __ismbbkprint_l            100264a2 f   LIBCMT:ismbbyte.obj
 0001:000254b9       __ismbbkpunct              100264b9 f   LIBCMT:ismbbyte.obj
 0001:000254cf       __ismbbkpunct_l            100264cf f   LIBCMT:ismbbyte.obj
 0001:000254e6       __ismbblead                100264e6 f   LIBCMT:ismbbyte.obj
 0001:000254fc       __ismbblead_l              100264fc f   LIBCMT:ismbbyte.obj
 0001:00025513       __ismbbprint               10026513 f   LIBCMT:ismbbyte.obj
 0001:0002552c       __ismbbprint_l             1002652c f   LIBCMT:ismbbyte.obj
 0001:00025546       __ismbbpunct               10026546 f   LIBCMT:ismbbyte.obj
 0001:0002555c       __ismbbpunct_l             1002655c f   LIBCMT:ismbbyte.obj
 0001:00025573       __ismbbtrail               10026573 f   LIBCMT:ismbbyte.obj
 0001:00025589       __ismbbtrail_l             10026589 f   LIBCMT:ismbbyte.obj
 0001:000257c6       __strtol_l                 100267c6 f   LIBCMT:strtol.obj
 0001:000257e1       __strtoul_l                100267e1 f   LIBCMT:strtol.obj
 0001:000257fc       _strtol                    100267fc f   LIBCMT:strtol.obj
 0001:00025826       _strtoul                   10026826 f   LIBCMT:strtol.obj
 0001:00025850       ___free_lconv_mon          10026850 f   LIBCMT:initmon.obj
 0001:0002594c       ___init_monetary           1002694c f   LIBCMT:initmon.obj
 0001:00025d25       ___free_lconv_num          10026d25 f   LIBCMT:initnum.obj
 0001:00025d8c       ___init_numeric            10026d8c f   LIBCMT:initnum.obj
 0001:00025fca       ___free_lc_time            10026fca f   LIBCMT:inittime.obj
 0001:0002634a       ___init_time               1002734a f   LIBCMT:inittime.obj
 0001:00026bb9       _localeconv                10027bb9 f   LIBCMT:lconv.obj
 0001:00026bdf       __iswctype_l               10027bdf f   LIBCMT:iswctype.obj
 0001:00026bf1       _is_wctype                 10027bf1 f   LIBCMT:iswctype.obj
 0001:00026bfa       _iswctype                  10027bfa f   LIBCMT:iswctype.obj
 0001:00026c50       ____lc_codepage_func       10027c50 f   LIBCMT:initctyp.obj
 0001:00026c76       ____lc_collate_cp_func     10027c76 f   LIBCMT:initctyp.obj
 0001:00026c9c       ____lc_locale_name_func    10027c9c f   LIBCMT:initctyp.obj
 0001:00026cc4       ____mb_cur_max_func        10027cc4 f   LIBCMT:initctyp.obj
 0001:00026cea       ____mb_cur_max_l_func      10027cea f   LIBCMT:initctyp.obj
 0001:00026d01       ___init_ctype              10027d01 f   LIBCMT:initctyp.obj
 0001:00027099       ___pctype_func             10028099 f   LIBCMT:ctype.obj
 0001:000270c2       ___pwctype_func            100280c2 f   LIBCMT:ctype.obj
 0001:000270c8       __isctype                  100280c8 f   LIBCMT:isctype.obj
 0001:000270f7       __isctype_l                100280f7 f   LIBCMT:isctype.obj
 0001:000271a8       ___init_dummy              100281a8 f   LIBCMT:wsetloca.obj
 0001:000271ab       __locterm                  100281ab f   LIBCMT:wsetloca.obj
 0001:000271fd       ____setlc_active_func      100281fd f   LIBCMT:wsetloca.obj
 0001:00027203       ____unguarded_readlc_active_add_func 10028203 f   LIBCMT:wsetloca.obj
 0001:00027209       ___copy_locale_name        10028209 f   LIBCMT:wsetloca.obj
 0001:0002726d       ___create_locale           1002826d f   LIBCMT:wsetloca.obj
 0001:00027276       ___free_locale             10028276 f   LIBCMT:wsetloca.obj
 0001:0002727b       ___get_current_locale      1002827b f   LIBCMT:wsetloca.obj
 0001:00027280       ___lc_lctowcs              10028280 f   LIBCMT:wsetloca.obj
 0001:000272ee       ___lc_wcstolc              100282ee f   LIBCMT:wsetloca.obj
 0001:0002741a       __configthreadlocale       1002841a f   LIBCMT:wsetloca.obj
 0001:000274a0       __create_locale            100284a0 f   LIBCMT:wsetloca.obj
 0001:00027502       __expandlocale             10028502 f   LIBCMT:wsetloca.obj
 0001:000277f9       __free_locale              100287f9 f   LIBCMT:wsetloca.obj
 0001:000278b0       __get_current_locale       100288b0 f   LIBCMT:wsetloca.obj
 0001:0002795f       __wcreate_locale           1002895f f   LIBCMT:wsetloca.obj
 0001:00027a36       __wcscats                  10028a36 f   LIBCMT:wsetloca.obj
 0001:00027a75       __wsetlocale               10028a75 f   LIBCMT:wsetloca.obj
 0001:000283b7       __CopyMan                  100293b7 f i LIBCMT:intrncvt.obj
 0001:000283d4       __FillZeroMan              100293d4 f i LIBCMT:intrncvt.obj
 0001:000283e3       __IncMan                   100293e3 f i LIBCMT:intrncvt.obj
 0001:00028445       __IsZeroMan                10029445 f i LIBCMT:intrncvt.obj
 0001:00028462       __RoundMan                 10029462 f i LIBCMT:intrncvt.obj
 0001:00028563       __ShrMan                   10029563 f i LIBCMT:intrncvt.obj
 0001:000285f1       __ZeroTail                 100295f1 f i LIBCMT:intrncvt.obj
 0001:00028639       ___addl                    10029639 f i LIBCMT:intrncvt.obj
 0001:0002865d       __ld12cvt                  1002965d f i LIBCMT:intrncvt.obj
 0001:00028bc8       __ld12tod                  10029bc8 f   LIBCMT:intrncvt.obj
 0001:0002913a       __ld12tof                  1002a13a f   LIBCMT:intrncvt.obj
 0001:000296ac       __ld12told                 1002a6ac f   LIBCMT:intrncvt.obj
 0001:0002977b       ___STRINGTOLD_L            1002a77b f   LIBCMT:strgtold.obj
 0001:000297d6       ___ld12mul                 1002a7d6 f i LIBCMT:strgtold.obj
 0001:00029aa2       ___multtenpow12            1002aaa2 f i LIBCMT:strgtold.obj
 0001:00029df5       ___shl_12                  1002adf5 f i LIBCMT:strgtold.obj
 0001:00029e26       ___shr_12                  1002ae26 f i LIBCMT:strgtold.obj
 0001:00029e56       ___strgtold12_l            1002ae56 f   LIBCMT:strgtold.obj
 0001:0002a5fe       _$I10_OUTPUT               1002b5fe f   LIBCMT:x10fout.obj
 0001:0002afd2       ___add_12                  1002bfd2 f i LIBCMT:x10fout.obj
 0001:0002b17e       ___control87_2             1002c17e f   LIBCMT:ieee87.obj
 0001:0002b7f2       __clearfp                  1002c7f2 f   LIBCMT:ieee87.obj
 0001:0002b8d2       __control87                1002c8d2 f i LIBCMT:ieee87.obj
 0001:0002bbd4       __controlfp                1002cbd4 f   LIBCMT:ieee87.obj
 0001:0002bedf       __fpreset                  1002cedf f   LIBCMT:ieee87.obj
 0001:0002bfac       __set_controlfp            1002cfac f   LIBCMT:ieee87.obj
 0001:0002c01f       __statusfp                 1002d01f f   LIBCMT:ieee87.obj
 0001:0002c0b9       __statusfp2                1002d0b9 f   LIBCMT:ieee87.obj
 0001:0002c120       __alloca_probe_16          1002d120 f   LIBCMT:alloca16.obj
 0001:0002c136       __alloca_probe_8           1002d136     LIBCMT:alloca16.obj
 0001:0002c14c       _wcsnlen                   1002d14c f   LIBCMT:wcslen_s.obj
 0001:0002c1f3       __wopen                    1002d1f3 f   LIBCMT:wopen.obj
 0001:0002c2a3       __wsopen                   1002d2a3 f   LIBCMT:wopen.obj
 0001:0002c2d6       __wsopen_helper            1002d2d6 f   LIBCMT:wopen.obj
 0001:0002c39f       __wsopen_nolock            1002d39f f   LIBCMT:wopen.obj
 0001:0002caf2       __wsopen_s                 1002daf2 f   LIBCMT:wopen.obj
 0001:0002cb10       _strncmp                   1002db10 f   LIBCMT:strncmp.obj
 0001:0002cb88       __strnicmp                 1002db88 f   LIBCMT:strnicmp.obj
 0001:0002cbf3       __strnicmp_l               1002dbf3 f   LIBCMT:strnicmp.obj
 0001:0002cca4       ___termconout              1002dca4 f   LIBCMT:initcon.obj
 0001:0002ccbb       ___initconout              1002dcbb f   LIBCMT:initcon.obj
 0001:0002ccda       __fputwc_nolock            1002dcda f   LIBCMT:fputwc.obj
 0001:0002ce60       _fputwc                    1002de60 f   LIBCMT:fputwc.obj
 0001:0002ced7       _putwc                     1002ded7 f   LIBCMT:fputwc.obj
 0001:0002d0c1       __wcstol_l                 1002e0c1 f   LIBCMT:wcstol.obj
 0001:0002d0d9       __wcstoul_l                1002e0d9 f   LIBCMT:wcstol.obj
 0001:0002d0f1       _wcstol                    1002e0f1 f   LIBCMT:wcstol.obj
 0001:0002d109       _wcstoul                   1002e109 f   LIBCMT:wcstol.obj
 0001:0002d121       ___init_collate            1002e121 f   LIBCMT:initcoll.obj
 0001:0002d241       _memcmp                    1002e241 f   LIBCMT:memcmp.obj
 0001:00030155       _wcscmp                    10031155 f   LIBCMT:wcscmp.obj
 0001:00030193       _wcscspn                   10031193 f   LIBCMT:wcscspn.obj
 0001:000301de       _wcsncmp                   100311de f   LIBCMT:wcsncmp.obj
 0001:00030214       _wcspbrk                   10031214 f   LIBCMT:wcspbrk.obj
 0001:00030818       ___get_qualified_locale    10031818 f   LIBCMT:getqloc.obj
 0001:00031088       ___get_qualified_locale_downlevel 10032088 f   LIBCMT:getqloc_downlevel.obj
 0001:000312a4       ___mtold12                 100322a4 f   LIBCMT:mantold.obj
 0001:00031484       __chsize                   10032484 f   LIBCMT:chsize.obj
 0001:0003149e       __chsize_nolock            1003249e f   LIBCMT:chsize.obj
 0001:00031654       __chsize_s                 10032654 f   LIBCMT:chsize.obj
 0001:00031742       __get_fmode                10032742 f   LIBCMT:setmode.obj
 0001:0003176c       __set_fmode                1003276c f   LIBCMT:setmode.obj
 0001:000317a7       __setmode                  100327a7 f   LIBCMT:setmode.obj
 0001:000318ac       __setmode_nolock           100328ac f   LIBCMT:setmode.obj
 0001:00031980       ___ascii_strnicmp          10032980 f   LIBCMT:_strnicm.obj
 0001:000319e1       __flswbuf                  100329e1 f   LIBCMT:_flswbuf.obj
 0001:00031b43       __wchartodigit             10032b43 f   LIBCMT:wchtodig.obj
 0001:00031ce2       __wtoi                     10032ce2 f   LIBCMT:wtox.obj
 0001:00031ceb       __wtoi64                   10032ceb f   LIBCMT:wtox.obj
 0001:00031cff       __wtoi64_l                 10032cff f   LIBCMT:wtox.obj
 0001:00031d16       __wtoi_l                   10032d16 f   LIBCMT:wtox.obj
 0001:00031d1f       __wtol                     10032d1f f   LIBCMT:wtox.obj
 0001:00031d33       __wtol_l                   10032d33 f   LIBCMT:wtox.obj
 0001:00031d4a       __wtoll                    10032d4a f   LIBCMT:wtox.obj
 0001:00031d5e       __wtoll_l                  10032d5e f   LIBCMT:wtox.obj
 0001:00031d75       _wcschr                    10032d75 f   LIBCMT:wcschr.obj
 0001:00031e23       __wcsicmp                  10032e23 f   LIBCMT:wcsicmp.obj
 0001:00031eb6       __wcsicmp_l                10032eb6 f   LIBCMT:wcsicmp.obj
 0001:00031f91       __wcsnicmp                 10032f91 f   LIBCMT:wcsnicmp.obj
 0001:00032047       __wcsnicmp_l               10033047 f   LIBCMT:wcsnicmp.obj
 0001:00032410       __wcstof_l                 10033410 f   LIBCMT:wcstoq.obj
 0001:000324c3       __wcstoi64                 100334c3 f   LIBCMT:wcstoq.obj
 0001:000324ed       __wcstoi64_l               100334ed f   LIBCMT:wcstoq.obj
 0001:00032508       __wcstoimax_l              10033508 f   LIBCMT:wcstoq.obj
 0001:00032511       __wcstold_l                10033511 f   LIBCMT:wcstoq.obj
 0001:0003251a       __wcstoll_l                1003351a f   LIBCMT:wcstoq.obj
 0001:00032523       __wcstoui64                10033523 f   LIBCMT:wcstoq.obj
 0001:0003254d       __wcstoui64_l              1003354d f   LIBCMT:wcstoq.obj
 0001:00032568       __wcstoull_l               10033568 f   LIBCMT:wcstoq.obj
 0001:00032571       __wcstoumax_l              10033571 f   LIBCMT:wcstoq.obj
 0001:0003257a       _wcstof                    1003357a f   LIBCMT:wcstoq.obj
 0001:0003258f       _wcstoimax                 1003358f f   LIBCMT:wcstoq.obj
 0001:00032598       _wcstold                   10033598 f   LIBCMT:wcstoq.obj
 0001:000325a1       _wcstoll                   100335a1 f   LIBCMT:wcstoq.obj
 0001:000325aa       _wcstoull                  100335aa f   LIBCMT:wcstoq.obj
 0001:000325b3       _wcstoumax                 100335b3 f   LIBCMT:wcstoq.obj
 0001:000325bc       __towlower_l               100335bc f   LIBCMT:towlower.obj
 0001:0003266d       _towlower                  1003366d f   LIBCMT:towlower.obj
 0001:0003267e       __wcstod_l                 1003367e f   LIBCMT:wcstod.obj
 0001:00032779       _wcstod                    10033779 f   LIBCMT:wcstod.obj
 0001:00032790       __allmul                   10033790 f   LIBCMT:llmul.obj
 0001:000327c4       ___crtLCMapStringW         100337c4 f   LIBCMT:w_map.obj
 0001:000327f3       __wfltin2                  100337f3 f   LIBCMT:wcfin.obj
 0001:000328a0       ___WSTRINGTOLD_L           100338a0 f   LIBCMT:wstrgtold.obj
 0001:000328fb       ___wstrgtold12_l           100338fb f   LIBCMT:wstrgtold.obj
 0001:0003314c       _GetModuleHandleA@4        1003414c f   kernel32:KERNEL32.dll
 0001:00033152       _GetProcAddress@8          10034152 f   kernel32:KERNEL32.dll
 0001:00033158       _HeapAlloc@12              10034158 f   kernel32:KERNEL32.dll
 0001:0003315e       _IsDebuggerPresent@0       1003415e f   kernel32:KERNEL32.dll
 0001:00033164       _IsProcessorFeaturePresent@4 10034164 f   kernel32:KERNEL32.dll
 0001:0003316a       _EncodePointer@4           1003416a f   kernel32:KERNEL32.dll
 0001:00033170       _DecodePointer@4           10034170 f   kernel32:KERNEL32.dll
 0001:00033176       _GetLastError@0            10034176 f   kernel32:KERNEL32.dll
 0001:0003317c       _ExitProcess@4             1003417c f   kernel32:KERNEL32.dll
 0001:00033182       _GetModuleHandleExW@12     10034182 f   kernel32:KERNEL32.dll
 0001:00033188       _AreFileApisANSI@0         10034188 f   kernel32:KERNEL32.dll
 0001:0003318e       _MultiByteToWideChar@24    1003418e f   kernel32:KERNEL32.dll
 0001:00033194       _WideCharToMultiByte@32    10034194 f   kernel32:KERNEL32.dll
 0001:0003319a       _HeapFree@12               1003419a f   kernel32:KERNEL32.dll
 0001:000331a0       _HeapReAlloc@16            100341a0 f   kernel32:KERNEL32.dll
 0001:000331a6       _EnterCriticalSection@4    100341a6 f   kernel32:KERNEL32.dll
 0001:000331ac       _LeaveCriticalSection@4    100341ac f   kernel32:KERNEL32.dll
 0001:000331b2       _GetStdHandle@4            100341b2 f   kernel32:KERNEL32.dll
 0001:000331b8       _GetFileType@4             100341b8 f   kernel32:KERNEL32.dll
 0001:000331be       _GetModuleFileNameW@12     100341be f   kernel32:KERNEL32.dll
 0001:000331c4       _WriteConsoleW@20          100341c4 f   kernel32:KERNEL32.dll
 0001:000331ca       _GetCommandLineA@0         100341ca f   kernel32:KERNEL32.dll
 0001:000331d0       _GetCurrentThreadId@0      100341d0 f   kernel32:KERNEL32.dll
 0001:000331d6       _WriteFile@20              100341d6 f   kernel32:KERNEL32.dll
 0001:000331dc       _GetProcessHeap@0          100341dc f   kernel32:KERNEL32.dll
 0001:000331e2       _RaiseException@16         100341e2 f   kernel32:KERNEL32.dll
 0001:000331e8       _UnhandledExceptionFilter@4 100341e8 f   kernel32:KERNEL32.dll
 0001:000331ee       _SetUnhandledExceptionFilter@4 100341ee f   kernel32:KERNEL32.dll
 0001:000331f4       _SetLastError@4            100341f4 f   kernel32:KERNEL32.dll
 0001:000331fa       _InitializeCriticalSectionAndSpinCount@8 100341fa f   kernel32:KERNEL32.dll
 0001:00033200       _CreateEventW@16           10034200 f   kernel32:KERNEL32.dll
 0001:00033206       _Sleep@4                   10034206 f   kernel32:KERNEL32.dll
 0001:0003320c       _GetCurrentProcess@0       1003420c f   kernel32:KERNEL32.dll
 0001:00033212       _TerminateProcess@8        10034212 f   kernel32:KERNEL32.dll
 0001:00033218       _TlsAlloc@0                10034218 f   kernel32:KERNEL32.dll
 0001:0003321e       _TlsGetValue@4             1003421e f   kernel32:KERNEL32.dll
 0001:00033224       _TlsSetValue@8             10034224 f   kernel32:KERNEL32.dll
 0001:0003322a       _TlsFree@4                 1003422a f   kernel32:KERNEL32.dll
 0001:00033230       _GetStartupInfoW@4         10034230 f   kernel32:KERNEL32.dll
 0001:00033236       _GetTickCount@0            10034236 f   kernel32:KERNEL32.dll
 0001:0003323c       _GetModuleHandleW@4        1003423c f   kernel32:KERNEL32.dll
 0001:00033242       _CreateSemaphoreW@16       10034242 f   kernel32:KERNEL32.dll
 0001:00033248       _DeleteCriticalSection@4   10034248 f   kernel32:KERNEL32.dll
 0001:0003324e       _FatalAppExitA@8           1003424e f   kernel32:KERNEL32.dll
 0001:00033254       _SetConsoleCtrlHandler@8   10034254 f   kernel32:KERNEL32.dll
 0001:0003325a       _FreeLibrary@4             1003425a f   kernel32:KERNEL32.dll
 0001:00033260       _LoadLibraryExW@12         10034260 f   kernel32:KERNEL32.dll
 0001:00033266       _IsValidCodePage@4         10034266 f   kernel32:KERNEL32.dll
 0001:0003326c       _GetACP@0                  1003426c f   kernel32:KERNEL32.dll
 0001:00033272       _GetOEMCP@0                10034272 f   kernel32:KERNEL32.dll
 0001:00033278       _GetCPInfo@8               10034278 f   kernel32:KERNEL32.dll
 0001:0003327e       _CloseHandle@4             1003427e f   kernel32:KERNEL32.dll
 0001:00033284       _RtlUnwind@16              10034284 f   kernel32:KERNEL32.dll
 0001:0003328a       _ReadFile@20               1003428a f   kernel32:KERNEL32.dll
 0001:00033290       _GetConsoleMode@8          10034290 f   kernel32:KERNEL32.dll
 0001:00033296       _ReadConsoleW@20           10034296 f   kernel32:KERNEL32.dll
 0001:0003329c       _GetConsoleCP@0            1003429c f   kernel32:KERNEL32.dll
 0001:000332a2       _DeleteFileW@4             100342a2 f   kernel32:KERNEL32.dll
 0001:000332a8       _SetFilePointerEx@20       100342a8 f   kernel32:KERNEL32.dll
 0001:000332ae       _OutputDebugStringW@4      100342ae f   kernel32:KERNEL32.dll
 0001:000332b4       _GetCurrentThread@0        100342b4 f   kernel32:KERNEL32.dll
 0001:000332ba       _GetModuleFileNameA@12     100342ba f   kernel32:KERNEL32.dll
 0001:000332c0       _QueryPerformanceCounter@4 100342c0 f   kernel32:KERNEL32.dll
 0001:000332c6       _GetCurrentProcessId@0     100342c6 f   kernel32:KERNEL32.dll
 0001:000332cc       _GetSystemTimeAsFileTime@4 100342cc f   kernel32:KERNEL32.dll
 0001:000332d2       _GetEnvironmentStringsW@0  100342d2 f   kernel32:KERNEL32.dll
 0001:000332d8       _FreeEnvironmentStringsW@4 100342d8 f   kernel32:KERNEL32.dll
 0001:000332de       _HeapSize@12               100342de f   kernel32:KERNEL32.dll
 0001:000332e4       _GetDateFormatW@24         100342e4 f   kernel32:KERNEL32.dll
 0001:000332ea       _GetTimeFormatW@24         100342ea f   kernel32:KERNEL32.dll
 0001:000332f0       _CompareStringW@24         100342f0 f   kernel32:KERNEL32.dll
 0001:000332f6       _LCMapStringW@24           100342f6 f   kernel32:KERNEL32.dll
 0001:000332fc       _GetLocaleInfoW@16         100342fc f   kernel32:KERNEL32.dll
 0001:00033302       _IsValidLocale@8           10034302 f   kernel32:KERNEL32.dll
 0001:00033308       _GetUserDefaultLCID@0      10034308 f   kernel32:KERNEL32.dll
 0001:0003330e       _EnumSystemLocalesW@8      1003430e f   kernel32:KERNEL32.dll
 0001:00033314       _GetStringTypeW@16         10034314 f   kernel32:KERNEL32.dll
 0001:0003331a       _FlushFileBuffers@4        1003431a f   kernel32:KERNEL32.dll
 0001:00033320       _SetStdHandle@8            10034320 f   kernel32:KERNEL32.dll
 0001:00033326       _CreateFileW@28            10034326 f   kernel32:KERNEL32.dll
 0001:0003332c       _SetEndOfFile@4            1003432c f   kernel32:KERNEL32.dll
 0002:00000000       ___xc_a                    1003f000     LIBCMT:crt0init.obj
 0002:00000104       ___xc_z                    1003f104     LIBCMT:crt0init.obj
 0002:00000208       ___xi_a                    1003f208     LIBCMT:crt0init.obj
 0002:00000420       ___xi_z                    1003f420     LIBCMT:crt0init.obj
 0002:00000524       ___xp_a                    1003f524     LIBCMT:crt0init.obj
 0002:00000838       ___xp_z                    1003f838     LIBCMT:crt0init.obj
 0002:0000093c       ___xt_a                    1003f93c     LIBCMT:crt0init.obj
 0002:00000a40       ___xt_z                    1003fa40     LIBCMT:crt0init.obj
 0002:00000b88       _DeteccionNoLinealidadesConBuilder_M 1003fb88     DeteccionNoLinealidadesConBuilder.obj
 0002:00000b8c       ??_C@_0BI@PFNCELAG@Error?5creating?5scope?52?6?$AA@ 1003fb8c     DeteccionNoLinealidadesConBuilder.obj
 0002:00000ba8       ??_C@_0BG@EDENOOLI@Signal?5Builder?1FromWs?$AA@ 1003fba8     DeteccionNoLinealidadesConBuilder.obj
 0002:00000bc4       ??_C@_0BI@PCNLODNK@Error?5creating?5scope?56?6?$AA@ 1003fbc4     DeteccionNoLinealidadesConBuilder.obj
 0002:00000be0       ??_C@_0P@GKPJFDEI@c?3?2entrada?4dat?$AA@ 1003fbe0     DeteccionNoLinealidadesConBuilder.obj
 0002:00000bf4       ??_C@_0BI@PHJEPFFP@Error?5creating?5scope?51?6?$AA@ 1003fbf4     DeteccionNoLinealidadesConBuilder.obj
 0002:00000c10       ??_C@_09HEJJKCHH@RPM?5carga?$AA@ 1003fc10     DeteccionNoLinealidadesConBuilder.obj
 0002:00000c1c       ??_C@_0O@ICBLHKAP@c?3?2salida?4dat?$AA@ 1003fc1c     DeteccionNoLinealidadesConBuilder.obj
 0002:00000c2c       ??_C@_0BI@PEBACBDB@Error?5creating?5scope?53?6?$AA@ 1003fc2c     DeteccionNoLinealidadesConBuilder.obj
 0002:00000c48       ??_C@_0BC@OJJPBDHH@FixedStepDiscrete?$AA@ 1003fc48     DeteccionNoLinealidadesConBuilder.obj
 0002:00000c60       ??_C@_04EPKDLPPB@tout?$AA@ 1003fc60     DeteccionNoLinealidadesConBuilder.obj
 0002:00000c66       ??_C@_00CNPNBAHC@?$AA@     1003fc66     DeteccionNoLinealidadesConBuilder.obj
[...]
 0003:00009860       _CANAC2_1_send_mb2         10055860     <common>
 0003:00009b80       _CANAC2_2_receiveindex_mb1 10055b80     <common>
 0003:00009ea0       _CANAC2_2_receivemaxindex_mb1 10055ea0     <common>
 0003:00009ec0       _CANAC2_2_sendindex_mb1    10055ec0     <common>
 0003:0000a1e0       _CANAC2_2_sendmaxindex_mb1 100561e0     <common>
 0003:0000a200       _CANAC2_1_receiveindex_mb1 10056200     <common>
 0003:0000a520       _CANAC2_1_receivemaxindex_mb1 10056520     <common>
 0003:0000a540       _CANAC2_1_sendindex_mb1    10056540     <common>
 0003:0000a860       _CANAC2_1_sendmaxindex_mb1 10056860     <common>
 0003:0000a880       _CANAC2_2_receive_mb1      10056880     <common>
 0003:0000aba0       _CANAC2_2_send_mb1         10056ba0     <common>
 0003:0000aec0       _CANAC2_1_receive_mb1      10056ec0     <common>
 0003:0000b1e0       _CANAC2_1_send_mb1         100571e0     <common>
 0003:0000b500       _CANAC2_2_receiveindex     10057500     <common>
 0003:0000b820       _CANAC2_2_receivemaxindex  10057820     <common>
 0003:0000b840       _CANAC2_2_sendindex        10057840     <common>
 0003:0000bb60       _CANAC2_2_sendmaxindex     10057b60     <common>
 0003:0000bb80       _CANAC2_1_receiveindex     10057b80     <common>
 0003:0000bea0       _CANAC2_1_receivemaxindex  10057ea0     <common>
 0003:0000bec0       _CANAC2_1_sendindex        10057ec0     <common>
 0003:0000c1e0       _CANAC2_1_sendmaxindex     100581e0     <common>
 0003:0000c200       _CANAC2_2_receive          10058200     <common>
 0003:0000c520       _CANAC2_2_send             10058520     <common>
 0003:0000c840       _CANAC2_1_receive          10058840     <common>
 0003:0000cb60       _CANAC2_1_send             10058b60     <common>
 0003:0000ce80       _siepowercan_can_object_buffer_port2 10058e80     <common>
 0003:00010ea0       _siepowercan_can_object_buffer_port1 1005cea0     <common>
 0003:00014ea0       _rtNaNF                    10060ea0     <common>
 0003:00014eb4       _rtMinusInfF               10060eb4     <common>
 0003:00014eb8       _rtInfF                    10060eb8     <common>
 0003:00014ec0       _rtNaN                     10060ec0     <common>
 0003:00014ec8       _rtMinusInf                10060ec8     <common>
 0003:00014ed0       _rtInf                     10060ed0     <common>
 0003:00014ee0       _slrtTETViaXCP             10060ee0     <common>
 0003:00014f20       _DeteccionNoLinealidadesConBuilder_M_ 10060f20     <common>
 0003:00016420       _DeteccionNoLinealidadesConBuilder_DW 10062420     <common>
 0003:00016480       _DeteccionNoLinealidadesConBuilder_B 10062480     <common>
 0003:000164e8       _xpceFSScopeSet            100624e8     <common>
 0003:0001655c       _rl32eSetScope             1006255c     <common>
 0003:00016560       _rl32eAddSignal            10062560     <common>
 0003:00016564       _rl32eGetSignalNo          10062564     <common>
 0003:00016568       _rl32eDefScope             10062568     <common>
 0003:0001656c       _rl32eScopeExists          1006256c     <common>
 0003:00016570       _TBGiveSpinFast            10062570     <common>
 0003:00016574       _TBTakeSpinFast            10062574     <common>
 0003:00016578       _TBDeleteSpin              10062578     <common>
 0003:0001657c       _TBCreateSpin              1006257c     <common>
 0003:00016580       _xpceGetParamDims          10062580     <common>
 0003:00016584       _xpceGetParameter          10062584     <common>
 0003:00016588       _xpceSetParameter          10062588     <common>
 0003:0001658c       _xpceGetSignalValue        1006258c     <common>
 0003:00016590       _xpceAssignPCIInterrupt    10062590     <common>
 0003:00016594       _rl32eGetPCIInfoAtSlot     10062594     <common>
 0003:00016598       _rl32eGetPCIInfo           10062598     <common>
 0003:0001659c       _rl32eShowPCIInfo          1006259c     <common>
 0003:000165a0       _rl32eShowPCIDev           100625a0     <common>
 0003:000165a4       _xpceGetTET                100625a4     <common>
 0003:000165a8       _xpceaddEvent              100625a8     <common>
 0003:000165ac       _xpceDeRegisterISR         100625ac     <common>
 0003:000165b0       _xpceRegisterISR           100625b0     <common>
 0003:000165b4       _xpcIsModelInit            100625b4     <common>
 0003:000165b8       _xpcGetElapsedTime         100625b8     <common>
 0003:000165bc       _xpcBusyWait               100625bc     <common>
 0003:000165c0       _xpcFreePhysicalMemory     100625c0     <common>
 0003:000165c4       _xpcAllocPhysicalMemory    100625c4     <common>
 0003:000165c8       _xpcReserveMemoryRegion    100625c8     <common>
 0003:000165cc       _xpcOutpB                  100625cc     <common>
 0003:000165d0       _xpcOutpW                  100625d0     <common>
 0003:000165d4       _xpcOutpDW                 100625d4     <common>
 0003:000165d8       _xpcInpB                   100625d8     <common>
 0003:000165dc       _xpcInpW                   100625dc     <common>
 0003:000165e0       _xpcInpDW                  100625e0     <common>
 0003:000165e4       _UDPCloseReceive           100625e4     <common>
 0003:000165e8       _UDPCloseSend              100625e8     <common>
 0003:000165ec       _UDPOpenReceive            100625ec     <common>
 0003:000165f0       _UDPOpenSend               100625f0     <common>
 0003:000165f4       _ResetClientSocket         100625f4     <common>
 0003:000165f8       _CloseClientSocket         100625f8     <common>
 0003:000165fc       _ConnectClientSocket       100625fc     <common>
 0003:00016600       _BindClientSocket          10062600     <common>
 0003:00016604       _CreateClientSocket        10062604     <common>
 0003:00016608       _ResetServerSocket         10062608     <common>
 0003:0001660c       _CloseServerSocket         1006260c     <common>
 0003:00016610       _ConnectServerSocket       10062610     <common>
 0003:00016614       _OpenServerListen          10062614     <common>
 0003:00016618       _CreateServerSocket        10062618     <common>
 0003:0001661c       _SocketReceive             1006261c     <common>
 0003:00016620       _SocketSend                10062620     <common>
 0003:00016624       _GetSocketState            10062624     <common>
 0003:00016628       _GetSocket                 10062628     <common>
 0003:0001662c       _socket                    1006262c     <common>
 0003:00016630       _inet_addr                 10062630     <common>
 0003:00016634       _sendto                    10062634     <common>
 0003:00016638       _recvfrom                  10062638     <common>
 0003:0001663c       _listen                    1006263c     <common>
 0003:00016640       _ioctlsocket               10062640     <common>
 0003:00016644       _connect                   10062644     <common>
 0003:00016648       _closesocket               10062648     <common>
 0003:0001664c       _setsockopt                1006264c     <common>
 0003:00016650       _bind                      10062650     <common>
 0003:00016654       _accept                    10062654     <common>
 0003:00016658       _GetHostTarIPAdd           10062658     <common>
 0003:0001665c       _GetDCUUsage               1006265c     <common>
 0003:00016660       _DeleteRoute               10062660     <common>
 0003:00016664       _AddGatewayRoute           10062664     <common>
 0003:00016668       _SetIP                     10062668     <common>
 0003:0001666c       _CloseInterface            1006266c     <common>
 0003:00016670       _OpenInterface             10062670     <common>
 0003:00016674       _SetIPTASKPriority         10062674     <common>
 0003:00016678       _releaseNIC                10062678     <common>
 0003:0001667c       _NICGetIface               1006267c     <common>
 0003:00016680       _NICSetIface               10062680     <common>
 0003:00016684       _registerNIC               10062684     <common>
 0003:00016688       _slrtWarning               10062688     <common>
 0003:0001668c       _slrtGetCPUTCelsius        1006268c     <common>
 0003:00016690       _geterrorstring            10062690     <common>
 0003:00016694       _getlasterror              10062694     <common>
 0003:00016698       _slrtGetProfilerState      10062698     <common>
 0003:0001669c       _slrtStopProfiler          1006269c     <common>
 0003:000166a0       _slrtStartProfiler         100626a0     <common>
 0003:000166a4       _slrtLogEvent              100626a4     <common>
 0003:000166a8       _slrtGetDefaultDrive       100626a8     <common>
 0003:000166ac       _slrtfsFread               100626ac     <common>
 0003:000166b0       _slrtfsGetFileStatus       100626b0     <common>
 0003:000166b4       _slrtfsOpenFileAsync       100626b4     <common>
 0003:000166b8       _slrtfsCloseFileAsync      100626b8     <common>
 0003:000166bc       _slrtfsGetFileErrorMessage 100626bc     <common>
 0003:000166c0       _slrtfsGetFileError        100626c0     <common>
 0003:000166c4       _slrtfsWriteToFile         100626c4     <common>
 0003:000166c8       _slrtfsCloseFile           100626c8     <common>
 0003:000166cc       _slrtfsOpenFile            100626cc     <common>
 0003:000166d0       _slrtGetSgCRBSpace         100626d0     <common>
 0003:000166d4       _slrtGetCRBScratchSpace    100626d4     <common>
 0003:000166d8       _slrteSetupMSI             100626d8     <common>
 0003:000166dc       _slTestRegAssessment       100626dc     <common>
 0003:000166e0       _slTestTerminate           100626e0     <common>
 0003:000166e4       _slTestEvalOnFail          100626e4     <common>
 0003:000166e8       _slTestLogAssessments      100626e8     <common>
 0003:000166ec       _slTestInitialize          100626ec     <common>
 0003:000166f0       _unRegisterPTPTimeRead     100626f0     <common>
 0003:000166f4       _registerPTPTimeRead       100626f4     <common>
 0003:000166f8       _slrteGetCurrentStepSize   100626f8     <common>
 0003:000166fc       _slrteSetStepSizeDelta     100626fc     <common>
 0003:00016700       _xpceDAQUpdateTimeStamp    10062700     <common>
 0003:00016704       _xpceDAQPostEvent          10062704     <common>
 0003:00016708       _StreamVideo               10062708     <common>
 0003:0001670c       _StopVideoDisplay          1006270c     <common>
 0003:00016710       _StartVideoDisplay         10062710     <common>
 0003:00016714       _DestroyVideoDisplay       10062714     <common>
 0003:00016718       _CreateVideoDisplay        10062718     <common>
 0003:0001671c       _ConvertUImage             1006271c     <common>
 0003:00016720       _StopVideo                 10062720     <common>
 0003:00016724       _ReadFrameBuffer           10062724     <common>
 0003:00016728       _StartVideo                10062728     <common>
 0003:0001672c       _GetVideoConfigs           1006272c     <common>
 0003:00016730       _FindUsbVideoDevice        10062730     <common>
 0003:00016734       _xpceDeleteSemaphore       10062734     <common>
 0003:00016738       _xpceSignalSemaphore       10062738     <common>
 0003:0001673c       _xpceWaitSemaphore         1006273c     <common>
 0003:00016740       _xpceCreateSemaphore       10062740     <common>
 0003:00016744       _xpceScopeAcqOK            10062744     <common>
 0003:00016748       _rl32eRestartAcquisition   10062748     <common>
 0003:0001674c       _rl32eSetTargetScopeSigFt  1006274c     <common>
 0003:00016750       _rl32eSetTargetScope       10062750     <common>
 0003:00016754       ___unguarded_readlc_active 10062754     <common>
 0003:00016764       ___setlc_active            10062764     <common>
 0003:00016768       __nhandle                  10062768     <common>
 0003:00016780       _encodedKERNEL32Functions  10062780     <common>
 0003:00016828       __debugger_hook_dummy      10062828     <common>
 0003:00016834       __pDestructExceptionObject 10062834     <common>
 0003:00016840       __acmdln                   10062840     <common>
 0003:00016860       __bufin                    10062860     <common>
 0003:00017b9c       ___piob                    10063b9c     <common>
 0003:00017ba0       __nstream                  10063ba0     <common>
 0003:00017ba4       ___dyn_tls_init_callback   10063ba4     <common>
 0003:00017bb4       ___onexitend               10063bb4     <common>
 0003:00017bb8       ___onexitbegin             10063bb8     <common>
 0003:00017bbc       ___mbctype_initialized     10063bbc     <common>
 0003:00017bc0       ___env_initialized         10063bc0     <common>
 0004:00000000       __imp__GetModuleHandleA@4  10064000     kernel32:KERNEL32.dll
 0004:00000004       __imp__GetProcAddress@8    10064004     kernel32:KERNEL32.dll
 0004:00000008       __imp__HeapAlloc@12        10064008     kernel32:KERNEL32.dll
 0004:0000000c       __imp__IsDebuggerPresent@0 1006400c     kernel32:KERNEL32.dll
 0004:00000010       __imp__IsProcessorFeaturePresent@4 10064010     kernel32:KERNEL32.dll
 0004:00000014       __imp__EncodePointer@4     10064014     kernel32:KERNEL32.dll
 0004:00000018       __imp__DecodePointer@4     10064018     kernel32:KERNEL32.dll
 0004:0000001c       __imp__GetLastError@0      1006401c     kernel32:KERNEL32.dll
 0004:00000020       __imp__ExitProcess@4       10064020     kernel32:KERNEL32.dll
 0004:00000024       __imp__GetModuleHandleExW@12 10064024     kernel32:KERNEL32.dll
 0004:00000028       __imp__AreFileApisANSI@0   10064028     kernel32:KERNEL32.dll
 0004:0000002c       __imp__MultiByteToWideChar@24 1006402c     kernel32:KERNEL32.dll
 0004:00000030       __imp__WideCharToMultiByte@32 10064030     kernel32:KERNEL32.dll
 0004:00000034       __imp__HeapFree@12         10064034     kernel32:KERNEL32.dll
 0004:00000038       __imp__HeapReAlloc@16      10064038     kernel32:KERNEL32.dll
 0004:0000003c       __imp__EnterCriticalSection@4 1006403c     kernel32:KERNEL32.dll
 0004:00000040       __imp__LeaveCriticalSection@4 10064040     kernel32:KERNEL32.dll
 0004:00000044       __imp__GetStdHandle@4      10064044     kernel32:KERNEL32.dll
 0004:00000048       __imp__GetFileType@4       10064048     kernel32:KERNEL32.dll
 0004:0000004c       __imp__GetModuleFileNameW@12 1006404c     kernel32:KERNEL32.dll
 0004:00000050       __imp__WriteConsoleW@20    10064050     kernel32:KERNEL32.dll
 0004:00000054       __imp__GetCommandLineA@0   10064054     kernel32:KERNEL32.dll
 0004:00000058       __imp__GetCurrentThreadId@0 10064058     kernel32:KERNEL32.dll
 0004:0000005c       __imp__WriteFile@20        1006405c     kernel32:KERNEL32.dll
 0004:00000060       __imp__GetProcessHeap@0    10064060     kernel32:KERNEL32.dll
 0004:00000064       __imp__RaiseException@16   10064064     kernel32:KERNEL32.dll
 0004:00000068       __imp__UnhandledExceptionFilter@4 10064068     kernel32:KERNEL32.dll
 0004:0000006c       __imp__SetUnhandledExceptionFilter@4 1006406c     kernel32:KERNEL32.dll
 0004:00000070       __imp__SetLastError@4      10064070     kernel32:KERNEL32.dll
 0004:00000074       __imp__InitializeCriticalSectionAndSpinCount@8 10064074     kernel32:KERNEL32.dll
 0004:00000078       __imp__CreateEventW@16     10064078     kernel32:KERNEL32.dll
 0004:0000007c       __imp__Sleep@4             1006407c     kernel32:KERNEL32.dll
 0004:00000080       __imp__GetCurrentProcess@0 10064080     kernel32:KERNEL32.dll
 0004:00000084       __imp__TerminateProcess@8  10064084     kernel32:KERNEL32.dll
 0004:00000088       __imp__TlsAlloc@0          10064088     kernel32:KERNEL32.dll
 0004:0000008c       __imp__TlsGetValue@4       1006408c     kernel32:KERNEL32.dll
 0004:00000090       __imp__TlsSetValue@8       10064090     kernel32:KERNEL32.dll
 0004:00000094       __imp__TlsFree@4           10064094     kernel32:KERNEL32.dll
 0004:00000098       __imp__GetStartupInfoW@4   10064098     kernel32:KERNEL32.dll
 0004:0000009c       __imp__GetTickCount@0      1006409c     kernel32:KERNEL32.dll
 0004:000000a0       __imp__GetModuleHandleW@4  100640a0     kernel32:KERNEL32.dll
 0004:000000a4       __imp__CreateSemaphoreW@16 100640a4     kernel32:KERNEL32.dll
 0004:000000a8       __imp__DeleteCriticalSection@4 100640a8     kernel32:KERNEL32.dll
 0004:000000ac       __imp__FatalAppExitA@8     100640ac     kernel32:KERNEL32.dll
 0004:000000b0       __imp__SetConsoleCtrlHandler@8 100640b0     kernel32:KERNEL32.dll
 0004:000000b4       __imp__FreeLibrary@4       100640b4     kernel32:KERNEL32.dll
 0004:000000b8       __imp__LoadLibraryExW@12   100640b8     kernel32:KERNEL32.dll
 0004:000000bc       __imp__IsValidCodePage@4   100640bc     kernel32:KERNEL32.dll
 0004:000000c0       __imp__GetACP@0            100640c0     kernel32:KERNEL32.dll
 0004:000000c4       __imp__GetOEMCP@0          100640c4     kernel32:KERNEL32.dll
 0004:000000c8       __imp__GetCPInfo@8         100640c8     kernel32:KERNEL32.dll
 0004:000000cc       __imp__CloseHandle@4       100640cc     kernel32:KERNEL32.dll
 0004:000000d0       __imp__RtlUnwind@16        100640d0     kernel32:KERNEL32.dll
 0004:000000d4       __imp__ReadFile@20         100640d4     kernel32:KERNEL32.dll
 0004:000000d8       __imp__GetConsoleMode@8    100640d8     kernel32:KERNEL32.dll
 0004:000000dc       __imp__ReadConsoleW@20     100640dc     kernel32:KERNEL32.dll
 0004:000000e0       __imp__GetConsoleCP@0      100640e0     kernel32:KERNEL32.dll
 0004:000000e4       __imp__DeleteFileW@4       100640e4     kernel32:KERNEL32.dll
 0004:000000e8       __imp__SetFilePointerEx@20 100640e8     kernel32:KERNEL32.dll
 0004:000000ec       __imp__OutputDebugStringW@4 100640ec     kernel32:KERNEL32.dll
 0004:000000f0       __imp__GetCurrentThread@0  100640f0     kernel32:KERNEL32.dll
 0004:000000f4       __imp__GetModuleFileNameA@12 100640f4     kernel32:KERNEL32.dll
 0004:000000f8       __imp__QueryPerformanceCounter@4 100640f8     kernel32:KERNEL32.dll
 0004:000000fc       __imp__GetCurrentProcessId@0 100640fc     kernel32:KERNEL32.dll
 0004:00000100       __imp__GetSystemTimeAsFileTime@4 10064100     kernel32:KERNEL32.dll
 0004:00000104       __imp__GetEnvironmentStringsW@0 10064104     kernel32:KERNEL32.dll
 0004:00000108       __imp__FreeEnvironmentStringsW@4 10064108     kernel32:KERNEL32.dll
 0004:0000010c       __imp__HeapSize@12         1006410c     kernel32:KERNEL32.dll
 0004:00000110       __imp__GetDateFormatW@24   10064110     kernel32:KERNEL32.dll
 0004:00000114       __imp__GetTimeFormatW@24   10064114     kernel32:KERNEL32.dll
 0004:00000118       __imp__CompareStringW@24   10064118     kernel32:KERNEL32.dll
 0004:0000011c       __imp__LCMapStringW@24     1006411c     kernel32:KERNEL32.dll
 0004:00000120       __imp__GetLocaleInfoW@16   10064120     kernel32:KERNEL32.dll
 0004:00000124       __imp__IsValidLocale@8     10064124     kernel32:KERNEL32.dll
 0004:00000128       __imp__GetUserDefaultLCID@0 10064128     kernel32:KERNEL32.dll
 0004:0000012c       __imp__EnumSystemLocalesW@8 1006412c     kernel32:KERNEL32.dll
 0004:00000130       __imp__GetStringTypeW@16   10064130     kernel32:KERNEL32.dll
 0004:00000134       __imp__FlushFileBuffers@4  10064134     kernel32:KERNEL32.dll
 0004:00000138       __imp__SetStdHandle@8      10064138     kernel32:KERNEL32.dll
 0004:0000013c       __imp__CreateFileW@28      1006413c     kernel32:KERNEL32.dll
 0004:00000140       __imp__SetEndOfFile@4      10064140     kernel32:KERNEL32.dll
 0004:00000144       \177KERNEL32_NULL_THUNK_DATA 10064144     kernel32:KERNEL32.dll
 0004:000001b0       __IMPORT_DESCRIPTOR_KERNEL32 100641b0     kernel32:KERNEL32.dll
 0004:000001c4       __NULL_IMPORT_DESCRIPTOR   100641c4     kernel32:KERNEL32.dll

 entry point at        0001:00013beb

