const signalNameMap DAtosInOut_PRBS_BIOMAP[] =
  {
	{0,0,1},
	{12,12,1},
	{1,1,1},
	{6,6,1},
	{9,9,1},
	{2,2,1},
	{7,7,1},
	{8,8,1},
	{3,3,1},
	{4,4,1},
	{5,5,1},
	{10,10,1},
	{11,11,1},
	{13,13,2},
	{14,15,2},
{-1, -1,15}
  };
const signalLabelMap DAtosInOut_PRBS_LBLMAP[] =
  {
	{0,0,1},
	{2,2,1},
	{3,3,1},
	{4,4,1},
	{5,5,1},
	{6,6,1},
	{7,7,1},
	{8,8,1},
	{9,9,1},
	{10,10,1},
	{11,11,1},
	{12,12,1},
	{13,13,2},
	{14,15,2},
	{1,1,1},
{-1, -1,15}
  };
const signalIdMap DAtosInOut_PRBS_SIDMAP[] =
  {
	{0,0,1},
	{1,1,1},
	{2,2,1},
	{3,3,1},
	{4,4,1},
	{5,5,1},
	{6,6,1},
	{7,7,1},
	{8,8,1},
	{9,9,1},
	{10,10,1},
	{11,11,1},
	{12,12,1},
	{13,13,2},
	{14,15,2},
{-1, -1,15}
  };
const SortedBlockSignals  DAtosInOut_PRBS_SBIO[] ={
       0,
      12,
       1,
       6,
       9,
       2,
       7,
       8,
       3,
       4,
       5,
      10,
      11,
      13,
      14,
      -1
};
const SortedBlockLabels  DAtosInOut_PRBS_SLBL[] ={
       0,
       2,
       3,
       4,
       5,
       6,
       7,
       8,
       9,
      10,
      11,
      12,
      13,
      14,
       1,
      -1
};
const OldSortedBlockParameters  DAtosInOut_PRBS_PTIDSMAP[] ={
	{0,0},
	{1,1},
	{2,2},
	{3,3},
	{4,4},
	{5,5},
	{6,6},
	{7,7},
	{8,8},
	{9,9},
	{10,10},
	{11,11},
	{12,12},
	{13,13},
	{14,14},
	{15,15},
	{16,16},
	{17,17},
	{18,18},
	{19,19},
	{20,20},
	{21,21},
	{22,22},
	{23,23},
	{24,24},
	{25,25},
	{26,26},
	{27,27},
	{28,28},
	{29,29},
	{30,30},
	{31,31},
	{32,32},
	{33,33},
	{-1,-1},
};
const OldSortedBlockParameters  DAtosInOut_PRBS_PTNAMESMAP[] ={
	{33,33},
	{32,32},
	{0,0},
	{1,1},
	{4,4},
	{5,5},
	{14,14},
	{6,6},
	{7,7},
	{8,8},
	{9,9},
	{10,10},
	{11,11},
	{12,12},
	{13,13},
	{15,15},
	{24,24},
	{16,16},
	{17,17},
	{18,18},
	{19,19},
	{20,20},
	{21,21},
	{22,22},
	{23,23},
	{25,25},
	{26,26},
	{27,27},
	{28,28},
	{29,29},
	{30,30},
	{31,31},
	{2,2},
	{3,3},
	{-1,-1},
};
const SortedBlockParameters  DAtosInOut_PRBS_SPTMAP[] ={
      33,
      32,
       0,
       1,
       4,
       5,
      14,
       6,
       7,
       8,
       9,
      10,
      11,
      12,
      13,
      15,
      24,
      16,
      17,
      18,
      19,
      20,
      21,
      22,
      23,
      25,
      26,
      27,
      28,
      29,
      30,
      31,
       2,
       3,
      -1
};


const EnumElemMapInfo DAtosInOut_PRBS_dtmap[] = 
{
	{
		NULL,NULL,0
	},
	{
		NULL,NULL,0
	},
};
